Component: ARM Compiler 5.06 update 6 (build 750) Tool: armlink [4d35ed]

==============================================================================

Section Cross References

    startup_stm32f407xx.o(STACK) refers (Special) to heapauxi.o(.text) for __use_two_region_memory
    startup_stm32f407xx.o(HEAP) refers (Special) to heapauxi.o(.text) for __use_two_region_memory
    startup_stm32f407xx.o(RESET) refers (Special) to heapauxi.o(.text) for __use_two_region_memory
    startup_stm32f407xx.o(RESET) refers to startup_stm32f407xx.o(STACK) for __initial_sp
    startup_stm32f407xx.o(RESET) refers to startup_stm32f407xx.o(.text) for Reset_Handler
    startup_stm32f407xx.o(RESET) refers to stm32f4xx_it.o(i.NMI_Handler) for NMI_Handler
    startup_stm32f407xx.o(RESET) refers to stm32f4xx_it.o(i.HardFault_Handler) for HardFault_Handler
    startup_stm32f407xx.o(RESET) refers to stm32f4xx_it.o(i.MemManage_Handler) for MemManage_Handler
    startup_stm32f407xx.o(RESET) refers to stm32f4xx_it.o(i.BusFault_Handler) for BusFault_Handler
    startup_stm32f407xx.o(RESET) refers to stm32f4xx_it.o(i.UsageFault_Handler) for UsageFault_Handler
    startup_stm32f407xx.o(RESET) refers to port.o(.emb_text) for SVC_Handler
    startup_stm32f407xx.o(RESET) refers to stm32f4xx_it.o(i.DebugMon_Handler) for DebugMon_Handler
    startup_stm32f407xx.o(RESET) refers to cmsis_os2.o(i.SysTick_Handler) for SysTick_Handler
    startup_stm32f407xx.o(RESET) refers to stm32f4xx_it.o(i.TIM6_DAC_IRQHandler) for TIM6_DAC_IRQHandler
    startup_stm32f407xx.o(RESET) refers to stm32f4xx_it.o(i.ETH_IRQHandler) for ETH_IRQHandler
    startup_stm32f407xx.o(.text) refers (Special) to heapauxi.o(.text) for __use_two_region_memory
    startup_stm32f407xx.o(.text) refers to system_stm32f4xx.o(i.SystemInit) for SystemInit
    startup_stm32f407xx.o(.text) refers to __main.o(!!!main) for __main
    startup_stm32f407xx.o(.text) refers to startup_stm32f407xx.o(HEAP) for Heap_Mem
    startup_stm32f407xx.o(.text) refers to startup_stm32f407xx.o(STACK) for Stack_Mem
    main.o(i.HAL_TIM_PeriodElapsedCallback) refers to stm32f4xx_hal.o(i.HAL_IncTick) for HAL_IncTick
    main.o(i.LedPatternOnBoard) refers to stm32f4xx_hal_gpio.o(i.HAL_GPIO_WritePin) for HAL_GPIO_WritePin
    main.o(i.LedPatternOnBoard) refers to cmsis_os2.o(i.osDelay) for osDelay
    main.o(i.MX_GPIO_Init) refers to rt_memclr_w.o(.text) for __aeabi_memclr4
    main.o(i.MX_GPIO_Init) refers to stm32f4xx_hal_gpio.o(i.HAL_GPIO_WritePin) for HAL_GPIO_WritePin
    main.o(i.MX_GPIO_Init) refers to stm32f4xx_hal_gpio.o(i.HAL_GPIO_Init) for HAL_GPIO_Init
    main.o(i.StartETHTask) refers to cmsis_os2.o(i.osDelay) for osDelay
    main.o(i.StartETHTask) refers to main.o(.data) for g_u32_s_MonitorVar
    main.o(i.StartMainTask) refers to lwip.o(i.MX_LWIP_Init) for MX_LWIP_Init
    main.o(i.StartMainTask) refers to main.o(i.LedPatternOnBoard) for LedPatternOnBoard
    main.o(i.StartMainTask) refers to cmsis_os2.o(i.osDelay) for osDelay
    main.o(i.SystemClock_Config) refers to rt_memclr_w.o(.text) for __aeabi_memclr4
    main.o(i.SystemClock_Config) refers to stm32f4xx_hal_rcc.o(i.HAL_RCC_OscConfig) for HAL_RCC_OscConfig
    main.o(i.SystemClock_Config) refers to main.o(i.Error_Handler) for Error_Handler
    main.o(i.SystemClock_Config) refers to stm32f4xx_hal_rcc.o(i.HAL_RCC_ClockConfig) for HAL_RCC_ClockConfig
    main.o(i.main) refers to stm32f4xx_hal.o(i.HAL_Init) for HAL_Init
    main.o(i.main) refers to main.o(i.SystemClock_Config) for SystemClock_Config
    main.o(i.main) refers to main.o(i.MX_GPIO_Init) for MX_GPIO_Init
    main.o(i.main) refers to stm32f4xx_hal_gpio.o(i.HAL_GPIO_WritePin) for HAL_GPIO_WritePin
    main.o(i.main) refers to cmsis_os2.o(i.osKernelInitialize) for osKernelInitialize
    main.o(i.main) refers to cmsis_os2.o(i.osThreadNew) for osThreadNew
    main.o(i.main) refers to cmsis_os2.o(i.osKernelStart) for osKernelStart
    main.o(i.main) refers to main.o(.constdata) for MainTask_attributes
    main.o(i.main) refers to main.o(i.StartMainTask) for StartMainTask
    main.o(i.main) refers to main.o(.data) for MainTaskHandle
    main.o(i.main) refers to main.o(i.StartETHTask) for StartETHTask
    main.o(.constdata) refers to main.o(.conststring) for .conststring
    main.o(.constdata) refers to main.o(.bss) for MainTaskControlBlock
    lwip.o(i.MX_LWIP_Init) refers to tcpip.o(i.tcpip_init) for tcpip_init
    lwip.o(i.MX_LWIP_Init) refers to netif.o(i.netif_add) for netif_add
    lwip.o(i.MX_LWIP_Init) refers to netif.o(i.netif_set_default) for netif_set_default
    lwip.o(i.MX_LWIP_Init) refers to netif.o(i.netif_set_up) for netif_set_up
    lwip.o(i.MX_LWIP_Init) refers to netif.o(i.netif_set_link_callback) for netif_set_link_callback
    lwip.o(i.MX_LWIP_Init) refers to rt_memclr_w.o(.text) for __aeabi_memclr4
    lwip.o(i.MX_LWIP_Init) refers to cmsis_os2.o(i.osThreadNew) for osThreadNew
    lwip.o(i.MX_LWIP_Init) refers to lwip.o(.data) for IP_ADDRESS
[...]
    tcp_rexmit_rto                           0x0800d4d5   Thumb Code    44  tcp_out.o(i.tcp_rexmit_rto)
    tcp_rexmit_rto_commit                    0x0800d579   Thumb Code    46  tcp_out.o(i.tcp_rexmit_rto_commit)
    tcp_rexmit_rto_prepare                   0x0800d629   Thumb Code   146  tcp_out.o(i.tcp_rexmit_rto_prepare)
    tcp_rst                                  0x0800d751   Thumb Code   134  tcp_out.o(i.tcp_rst)
    tcp_seg_copy                             0x0800d86d   Thumb Code    60  tcp.o(i.tcp_seg_copy)
    tcp_seg_free                             0x0800d91d   Thumb Code    30  tcp.o(i.tcp_seg_free)
    tcp_segs_free                            0x0800d93b   Thumb Code    20  tcp.o(i.tcp_segs_free)
    tcp_send_empty_ack                       0x0800d951   Thumb Code   118  tcp_out.o(i.tcp_send_empty_ack)
    tcp_send_fin                             0x0800da45   Thumb Code    90  tcp_out.o(i.tcp_send_fin)
    tcp_slowtmr                              0x0800db19   Thumb Code  1466  tcp.o(i.tcp_slowtmr)
    tcp_split_unsent_seg                     0x0800e155   Thumb Code   390  tcp_out.o(i.tcp_split_unsent_seg)
    tcp_timer_needed                         0x0800e3a1   Thumb Code    36  timeouts.o(i.tcp_timer_needed)
    tcp_tmr                                  0x0800e4e1   Thumb Code    30  tcp.o(i.tcp_tmr)
    tcp_trigger_input_pcb_close              0x0800e505   Thumb Code    12  tcp_in.o(i.tcp_trigger_input_pcb_close)
    tcp_update_rcv_ann_wnd                   0x0800e515   Thumb Code   100  tcp.o(i.tcp_update_rcv_ann_wnd)
    tcp_zero_window_probe                    0x0800e611   Thumb Code   202  tcp_out.o(i.tcp_zero_window_probe)
    tcpip_init                               0x0800e75d   Thumb Code    86  tcpip.o(i.tcpip_init)
    tcpip_inpkt                              0x0800e871   Thumb Code    90  tcpip.o(i.tcpip_inpkt)
    tcpip_input                              0x0800e939   Thumb Code    22  tcpip.o(i.tcpip_input)
    tcpip_try_callback                       0x0800eb81   Thumb Code    80  tcpip.o(i.tcpip_try_callback)
    udp_init                                 0x0800ec3d   Thumb Code    20  udp.o(i.udp_init)
    udp_input                                0x0800ec55   Thumb Code   400  udp.o(i.udp_input)
    udp_netif_ip_addr_changed                0x0800efb1   Thumb Code    50  udp.o(i.udp_netif_ip_addr_changed)
    uxListRemove                             0x0800efe9   Thumb Code    38  list.o(i.uxListRemove)
    vApplicationGetIdleTaskMemory            0x0800f011   Thumb Code    16  cmsis_os2.o(i.vApplicationGetIdleTaskMemory)
    vApplicationGetTimerTaskMemory           0x0800f025   Thumb Code    18  cmsis_os2.o(i.vApplicationGetTimerTaskMemory)
    vListInitialise                          0x0800f03d   Thumb Code    22  list.o(i.vListInitialise)
    vListInitialiseItem                      0x0800f053   Thumb Code     6  list.o(i.vListInitialiseItem)
    vListInsert                              0x0800f059   Thumb Code    54  list.o(i.vListInsert)
    vListInsertEnd                           0x0800f08f   Thumb Code    24  list.o(i.vListInsertEnd)
    vPortEnterCritical                       0x0800f0a9   Thumb Code    54  port.o(i.vPortEnterCritical)
    vPortExitCritical                        0x0800f0e9   Thumb Code    38  port.o(i.vPortExitCritical)
    vPortFree                                0x0800f115   Thumb Code    94  heap_4.o(i.vPortFree)
    vPortSetupTimerInterrupt                 0x0800f179   Thumb Code    32  port.o(i.vPortSetupTimerInterrupt)
    vPortValidateInterruptPriority           0x0800f19d   Thumb Code    74  port.o(i.vPortValidateInterruptPriority)
    vQueueAddToRegistry                      0x0800f1f1   Thumb Code    34  queue.o(i.vQueueAddToRegistry)
    vQueueDelete                             0x0800f219   Thumb Code    50  queue.o(i.vQueueDelete)
    vQueueUnregisterQueue                    0x0800f24d   Thumb Code    36  queue.o(i.vQueueUnregisterQueue)
    vQueueWaitForMessageRestricted           0x0800f275   Thumb Code    74  queue.o(i.vQueueWaitForMessageRestricted)
    vTaskDelay                               0x0800f2c1   Thumb Code    70  tasks.o(i.vTaskDelay)
    vTaskInternalSetTimeOutState             0x0800f311   Thumb Code    12  tasks.o(i.vTaskInternalSetTimeOutState)
    vTaskMissedYield                         0x0800f321   Thumb Code     8  tasks.o(i.vTaskMissedYield)
    vTaskPlaceOnEventList                    0x0800f32d   Thumb Code    48  tasks.o(i.vTaskPlaceOnEventList)
    vTaskPlaceOnEventListRestricted          0x0800f361   Thumb Code    54  tasks.o(i.vTaskPlaceOnEventListRestricted)
    vTaskPriorityDisinheritAfterTimeout      0x0800f39d   Thumb Code   138  tasks.o(i.vTaskPriorityDisinheritAfterTimeout)
    vTaskStartScheduler                      0x0800f431   Thumb Code   128  tasks.o(i.vTaskStartScheduler)
    vTaskSuspendAll                          0x0800f4c1   Thumb Code    10  tasks.o(i.vTaskSuspendAll)
    vTaskSwitchContext                       0x0800f4d1   Thumb Code   100  tasks.o(i.vTaskSwitchContext)
    xPortStartScheduler                      0x0800f53d   Thumb Code   232  port.o(i.xPortStartScheduler)
    xPortSysTickHandler                      0x0800f641   Thumb Code    38  port.o(i.xPortSysTickHandler)
    xQueueCreateCountingSemaphore            0x0800f66d   Thumb Code    60  queue.o(i.xQueueCreateCountingSemaphore)
    xQueueCreateCountingSemaphoreStatic      0x0800f6a9   Thumb Code    66  queue.o(i.xQueueCreateCountingSemaphoreStatic)
    xQueueCreateMutex                        0x0800f6eb   Thumb Code    24  queue.o(i.xQueueCreateMutex)
    xQueueCreateMutexStatic                  0x0800f703   Thumb Code    28  queue.o(i.xQueueCreateMutexStatic)
    xQueueGenericCreate                      0x0800f71f   Thumb Code    68  queue.o(i.xQueueGenericCreate)
    xQueueGenericCreateStatic                0x0800f763   Thumb Code   112  queue.o(i.xQueueGenericCreateStatic)
    xQueueGenericReset                       0x0800f7d5   Thumb Code   138  queue.o(i.xQueueGenericReset)
    xQueueGenericSend                        0x0800f865   Thumb Code   362  queue.o(i.xQueueGenericSend)
    xQueueGenericSendFromISR                 0x0800f9d5   Thumb Code   190  queue.o(i.xQueueGenericSendFromISR)
    xQueueGiveFromISR                        0x0800fa93   Thumb Code   160  queue.o(i.xQueueGiveFromISR)
    xQueueGiveMutexRecursive                 0x0800fb33   Thumb Code    64  queue.o(i.xQueueGiveMutexRecursive)
    xQueueReceive                            0x0800fb75   Thumb Code   322  queue.o(i.xQueueReceive)
    xQueueReceiveFromISR                     0x0800fcbd   Thumb Code   154  queue.o(i.xQueueReceiveFromISR)
    xQueueSemaphoreTake                      0x0800fd59   Thumb Code   382  queue.o(i.xQueueSemaphoreTake)
    xQueueTakeMutexRecursive                 0x0800fedd   Thumb Code    66  queue.o(i.xQueueTakeMutexRecursive)
    xTaskCheckForTimeOut                     0x0800ff21   Thumb Code   122  tasks.o(i.xTaskCheckForTimeOut)
    xTaskCreate                              0x0800ffa1   Thumb Code   108  tasks.o(i.xTaskCreate)
    xTaskCreateStatic                        0x0801000d   Thumb Code    96  tasks.o(i.xTaskCreateStatic)
    xTaskGetCurrentTaskHandle                0x0801006d   Thumb Code     6  tasks.o(i.xTaskGetCurrentTaskHandle)
    xTaskGetSchedulerState                   0x08010079   Thumb Code    24  tasks.o(i.xTaskGetSchedulerState)
    xTaskGetTickCount                        0x08010095   Thumb Code     6  tasks.o(i.xTaskGetTickCount)
    xTaskGetTickCountFromISR                 0x080100a1   Thumb Code    12  tasks.o(i.xTaskGetTickCountFromISR)
    xTaskIncrementTick                       0x080100b1   Thumb Code   196  tasks.o(i.xTaskIncrementTick)
    xTaskPriorityDisinherit                  0x0801017d   Thumb Code   118  tasks.o(i.xTaskPriorityDisinherit)
    xTaskPriorityInherit                     0x080101fd   Thumb Code   118  tasks.o(i.xTaskPriorityInherit)
    xTaskRemoveFromEventList                 0x0801027d   Thumb Code   106  tasks.o(i.xTaskRemoveFromEventList)
    xTaskResumeAll                           0x080102f5   Thumb Code   190  tasks.o(i.xTaskResumeAll)
    xTimerCreateTimerTask                    0x080103c1   Thumb Code    86  timers.o(i.xTimerCreateTimerTask)
    xTimerGenericCommand                     0x08010429   Thumb Code   112  timers.o(i.xTimerGenericCommand)
    _fp_init                                 0x0801049d   Thumb Code    10  fpinit.o(x$fpl$fpinit)
    __fplib_config_fpu_vfp                   0x080104a5   Thumb Code     0  fpinit.o(x$fpl$fpinit)
    __fplib_config_pureend_doubles           0x080104a5   Thumb Code     0  fpinit.o(x$fpl$fpinit)
    MainTask_attributes                      0x080104a8   Data          36  main.o(.constdata)
    ETHConnect_attributes                    0x080104cc   Data          36  main.o(.constdata)
    memp_RX_POOL                             0x080104f0   Data          12  ethernetif.o(.constdata)
    AHBPrescTable                            0x080104fc   Data          16  system_stm32f4xx.o(.constdata)
    APBPrescTable                            0x0801050c   Data           8  system_stm32f4xx.o(.constdata)
    ethbroadcast                             0x08010514   Data           6  ethernet.o(.constdata)
    ethzero                                  0x0801051a   Data           6  ethernet.o(.constdata)
    memp_UDP_PCB                             0x08010520   Data          12  memp.o(.constdata)
    memp_TCP_PCB                             0x0801052c   Data          12  memp.o(.constdata)
    memp_TCP_PCB_LISTEN                      0x08010538   Data          12  memp.o(.constdata)
    memp_TCP_SEG                             0x08010544   Data          12  memp.o(.constdata)
    memp_REASSDATA                           0x08010550   Data          12  memp.o(.constdata)
    memp_FRAG_PBUF                           0x0801055c   Data          12  memp.o(.constdata)
    memp_NETBUF                              0x08010568   Data          12  memp.o(.constdata)
    memp_NETCONN                             0x08010574   Data          12  memp.o(.constdata)
    memp_TCPIP_MSG_API                       0x08010580   Data          12  memp.o(.constdata)
    memp_TCPIP_MSG_INPKT                     0x0801058c   Data          12  memp.o(.constdata)
    memp_SYS_TIMEOUT                         0x08010598   Data          12  memp.o(.constdata)
    memp_PBUF                                0x080105a4   Data          12  memp.o(.constdata)
    memp_PBUF_POOL                           0x080105b0   Data          12  memp.o(.constdata)
    memp_pools                               0x080105bc   Data          52  memp.o(.constdata)
    tcp_pcb_lists                            0x08010634   Data          16  tcp.o(.constdata)
    lwip_cyclic_timers                       0x08010644   Data          24  timeouts.o(.constdata)
    ip_addr_any                              0x0801065c   Data           4  ip4_addr.o(.constdata)
    __stdin_name                             0x08010660   Data           4  sys_io.o(.constdata)
    __stdout_name                            0x08010664   Data           4  sys_io.o(.constdata)
    __stderr_name                            0x08010668   Data           4  sys_io.o(.constdata)
    Region$$Table$$Base                      0x08010798   Number         0  anon$$obj.o(Region$$Table)
    Region$$Table$$Limit                     0x080107b8   Number         0  anon$$obj.o(Region$$Table)
    g_u32_s_MonitorVar                       0x20000000   Data           4  main.o(.data)
    MainTaskHandle                           0x20000004   Data           4  main.o(.data)
    ETHConnectHandle                         0x20000008   Data           4  main.o(.data)
    ipaddr                                   0x2000000c   Data           4  lwip.o(.data)
    netmask                                  0x20000010   Data           4  lwip.o(.data)
    gw                                       0x20000014   Data           4  lwip.o(.data)
    IP_ADDRESS                               0x20000018   Data           4  lwip.o(.data)
    NETMASK_ADDRESS                          0x2000001c   Data           4  lwip.o(.data)
    GATEWAY_ADDRESS                          0x20000020   Data           4  lwip.o(.data)
    RxPktSemaphore                           0x2000002c   Data           4  ethernetif.o(.data)
    TxPktSemaphore                           0x20000030   Data           4  ethernetif.o(.data)
    LAN8742_IOCtx                            0x20000034   Data          20  ethernetif.o(.data)
    uwTick                                   0x20000048   Data           4  stm32f4xx_hal.o(.data)
    uwTickPrio                               0x2000004c   Data           4  stm32f4xx_hal.o(.data)
    uwTickFreq                               0x20000050   Data           1  stm32f4xx_hal.o(.data)
    SystemCoreClock                          0x20000054   Data           4  system_stm32f4xx.o(.data)
    pxCurrentTCB                             0x20000058   Data           4  tasks.o(.data)
    lock_tcpip_core                          0x200000e4   Data           4  tcpip.o(.data)
    netif_list                               0x20000130   Data           4  netif.o(.data)
    netif_default                            0x20000134   Data           4  netif.o(.data)
    pbuf_free_ooseq_pending                  0x20000138   Data           1  pbuf.o(.data)
    tcp_active_pcbs_changed                  0x2000013c   Data           1  tcp.o(.data)
    tcp_ticks                                0x20000148   Data           4  tcp.o(.data)
    tcp_bound_pcbs                           0x2000014c   Data           4  tcp.o(.data)
    tcp_listen_pcbs                          0x20000150   Data           4  tcp.o(.data)
    tcp_active_pcbs                          0x20000154   Data           4  tcp.o(.data)
    tcp_tw_pcbs                              0x20000158   Data           4  tcp.o(.data)
    tcp_input_pcb                            0x2000017c   Data           4  tcp_in.o(.data)
    udp_pcbs                                 0x20000190   Data           4  udp.o(.data)
    lwip_sys_mutex                           0x200001a0   Data           4  sys_arch.o(.data)
    __aeabi_stdin                            0x200001a4   Data           4  stdio_streams.o(.data)
    __aeabi_stdout                           0x200001a8   Data           4  stdio_streams.o(.data)
    __aeabi_stderr                           0x200001ac   Data           4  stdio_streams.o(.data)
    MainTaskBuffer                           0x200001b0   Data        4096  main.o(.bss)
    MainTaskControlBlock                     0x200011b0   Data          92  main.o(.bss)
    ETHTaskBuffer                            0x2000120c   Data        4096  main.o(.bss)
    ETHTaskControlBlock                      0x2000220c   Data          92  main.o(.bss)
    gnetif                                   0x20002268   Data          52  lwip.o(.bss)
    attributes                               0x2000229c   Data          36  lwip.o(.bss)
    memp_memory_RX_POOL_base                 0x200022c0   Data       18819  ethernetif.o(.bss)
    DMARxDscrTab                             0x20006c44   Data         160  ethernetif.o(.bss)
    DMATxDscrTab                             0x20006ce4   Data         160  ethernetif.o(.bss)
    heth                                     0x20006d84   Data         176  ethernetif.o(.bss)
    TxConfig                                 0x20006e34   Data          56  ethernetif.o(.bss)
    LAN8742                                  0x20006e6c   Data          32  ethernetif.o(.bss)
    htim6                                    0x20006e8c   Data          72  stm32f4xx_hal_timebase_tim.o(.bss)
    xQueueRegistry                           0x20006ed4   Data          64  queue.o(.bss)
    ip_data                                  0x2000b7a8   Data          24  ip.o(.bss)
    ram_heap                                 0x2000b7c0   Data       10259  mem.o(.bss)
    memp_memory_UDP_PCB_base                 0x2000dfd3   Data         131  memp.o(.bss)
    memp_memory_TCP_PCB_base                 0x2000e056   Data         783  memp.o(.bss)
    memp_memory_TCP_PCB_LISTEN_base          0x2000e365   Data         227  memp.o(.bss)
    memp_memory_TCP_SEG_base                 0x2000e448   Data         259  memp.o(.bss)
    memp_memory_REASSDATA_base               0x2000e54b   Data         163  memp.o(.bss)
    memp_memory_FRAG_PBUF_base               0x2000e5ee   Data         363  memp.o(.bss)
    memp_memory_NETBUF_base                  0x2000e759   Data          35  memp.o(.bss)
    memp_memory_NETCONN_base                 0x2000e77c   Data         163  memp.o(.bss)
    memp_memory_TCPIP_MSG_API_base           0x2000e81f   Data         131  memp.o(.bss)
    memp_memory_TCPIP_MSG_INPKT_base         0x2000e8a2   Data         131  memp.o(.bss)
    memp_memory_SYS_TIMEOUT_base             0x2000e925   Data          51  memp.o(.bss)
    memp_memory_PBUF_base                    0x2000e958   Data         259  memp.o(.bss)
    memp_memory_PBUF_POOL_base               0x2000ea5b   Data        9731  memp.o(.bss)
    _random_number_data                      0x20011160   Data         228  rand.o(.bss)
    __stdin                                  0x20011244   Data          84  stdio_streams.o(.bss)
    __stdout                                 0x20011298   Data          84  stdio_streams.o(.bss)
    __stderr                                 0x200112ec   Data          84  stdio_streams.o(.bss)
    __libspace_start                         0x20011340   Data          96  libspace.o(.bss)
    __temporary_stack_top$libspace           0x200113a0   Data           0  libspace.o(.bss)



==============================================================================

Memory Map of the image

  Image Entry point : 0x08000189

  Load Region LR_IROM1 (Base: 0x08000000, Size: 0x00010968, Max: 0x00080000, ABSOLUTE, COMPRESSED[0x000107e4])

    Execution Region ER_IROM1 (Exec base: 0x08000000, Load base: 0x08000000, Size: 0x000107b8, Max: 0x00080000, ABSOLUTE)

    Exec Addr    Load Addr    Size         Type   Attr      Idx    E Section Name        Object

    0x08000000   0x08000000   0x00000188   Data   RO            3    RESET               startup_stm32f407xx.o
    0x08000188   0x08000188   0x00000008   Code   RO         9941  * !!!main             c_w.l(__main.o)
    0x08000190   0x08000190   0x00000034   Code   RO        10318    !!!scatter          c_w.l(__scatter.o)
    0x080001c4   0x080001c4   0x0000005a   Code   RO        10316    !!dczerorl2         c_w.l(__dczerorl2.o)
    0x0800021e   0x0800021e   0x00000002   PAD
    0x08000220   0x08000220   0x0000001c   Code   RO        10320    !!handler_zi        c_w.l(__scatter_zi.o)
    0x0800023c   0x0800023c   0x00000000   Code   RO         9913    .ARM.Collect$$_printf_percent$$00000000  c_w.l(_printf_percent.o)
    0x0800023c   0x0800023c   0x00000006   Code   RO         9912    .ARM.Collect$$_printf_percent$$00000009  c_w.l(_printf_d.o)
    0x08000242   0x08000242   0x00000006   Code   RO         9911    .ARM.Collect$$_printf_percent$$00000014  c_w.l(_printf_s.o)
    0x08000248   0x08000248   0x00000004   Code   RO         9964    .ARM.Collect$$_printf_percent$$00000017  c_w.l(_printf_percent_end.o)
    0x0800024c   0x0800024c   0x00000002   Code   RO        10170    .ARM.Collect$$libinit$$00000000  c_w.l(libinit.o)
    0x0800024e   0x0800024e   0x00000004   Code   RO         9980    .ARM.Collect$$libinit$$00000001  c_w.l(libinit2.o)
    0x08000252   0x08000252   0x00000000   Code   RO         9983    .ARM.Collect$$libinit$$00000004  c_w.l(libinit2.o)
    0x08000252   0x08000252   0x00000008   Code   RO         9984    .ARM.Collect$$libinit$$00000005  c_w.l(libinit2.o)
    0x0800025a   0x0800025a   0x00000000   Code   RO         9986    .ARM.Collect$$libinit$$0000000A  c_w.l(libinit2.o)
    0x0800025a   0x0800025a   0x00000000   Code   RO         9988    .ARM.Collect$$libinit$$0000000C  c_w.l(libinit2.o)
    0x0800025a   0x0800025a   0x00000004   Code   RO         9989    .ARM.Collect$$libinit$$0000000D  c_w.l(libinit2.o)
    0x0800025e   0x0800025e   0x00000000   Code   RO         9990    .ARM.Collect$$libinit$$0000000E  c_w.l(libinit2.o)
    0x0800025e   0x0800025e   0x00000000   Code   RO         9993    .ARM.Collect$$libinit$$00000011  c_w.l(libinit2.o)
    0x0800025e   0x0800025e   0x00000000   Code   RO         9995    .ARM.Collect$$libinit$$00000013  c_w.l(libinit2.o)
    0x0800025e   0x0800025e   0x00000000   Code   RO         9997    .ARM.Collect$$libinit$$00000015  c_w.l(libinit2.o)
    0x0800025e   0x0800025e   0x00000000   Code   RO         9999    .ARM.Collect$$libinit$$00000017  c_w.l(libinit2.o)
    0x0800025e   0x0800025e   0x00000000   Code   RO        10001    .ARM.Collect$$libinit$$00000019  c_w.l(libinit2.o)
    0x0800025e   0x0800025e   0x00000000   Code   RO        10003    .ARM.Collect$$libinit$$0000001B  c_w.l(libinit2.o)
    0x0800025e   0x0800025e   0x00000000   Code   RO        10005    .ARM.Collect$$libinit$$0000001D  c_w.l(libinit2.o)
    0x0800025e   0x0800025e   0x00000000   Code   RO        10007    .ARM.Collect$$libinit$$0000001F  c_w.l(libinit2.o)
    0x0800025e   0x0800025e   0x00000000   Code   RO        10009    .ARM.Collect$$libinit$$00000021  c_w.l(libinit2.o)
    0x0800025e   0x0800025e   0x00000000   Code   RO        10011    .ARM.Collect$$libinit$$00000023  c_w.l(libinit2.o)
    0x0800025e   0x0800025e   0x00000004   Code   RO        10012    .ARM.Collect$$libinit$$00000024  c_w.l(libinit2.o)
    0x08000262   0x08000262   0x00000000   Code   RO        10013    .ARM.Collect$$libinit$$00000025  c_w.l(libinit2.o)
    0x08000262   0x08000262   0x00000000   Code   RO        10017    .ARM.Collect$$libinit$$0000002C  c_w.l(libinit2.o)
    0x08000262   0x08000262   0x00000000   Code   RO        10019    .ARM.Collect$$libinit$$0000002E  c_w.l(libinit2.o)
    0x08000262   0x08000262   0x00000000   Code   RO        10021    .ARM.Collect$$libinit$$00000030  c_w.l(libinit2.o)
    0x08000262   0x08000262   0x00000000   Code   RO        10023    .ARM.Collect$$libinit$$00000032  c_w.l(libinit2.o)
    0x08000262   0x08000262   0x00000002   Code   RO        10024    .ARM.Collect$$libinit$$00000033  c_w.l(libinit2.o)
    0x08000264   0x08000264   0x00000002   Code   RO        10297    .ARM.Collect$$libshutdown$$00000000  c_w.l(libshutdown.o)
    0x08000266   0x08000266   0x00000000   Code   RO        10172    .ARM.Collect$$libshutdown$$00000002  c_w.l(libshutdown2.o)
    0x08000266   0x08000266   0x00000004   Code   RO        10173    .ARM.Collect$$libshutdown$$00000003  c_w.l(libshutdown2.o)
    0x0800026a   0x0800026a   0x00000000   Code   RO        10174    .ARM.Collect$$libshutdown$$00000004  c_w.l(libshutdown2.o)
    0x0800026a   0x0800026a   0x00000000   Code   RO        10177    .ARM.Collect$$libshutdown$$00000007  c_w.l(libshutdown2.o)
    0x0800026a   0x0800026a   0x00000000   Code   RO        10180    .ARM.Collect$$libshutdown$$0000000A  c_w.l(libshutdown2.o)
    0x0800026a   0x0800026a   0x00000000   Code   RO        10182    .ARM.Collect$$libshutdown$$0000000C  c_w.l(libshutdown2.o)
    0x0800026a   0x0800026a   0x00000000   Code   RO        10185    .ARM.Collect$$libshutdown$$0000000F  c_w.l(libshutdown2.o)
    0x0800026a   0x0800026a   0x00000002   Code   RO        10186    .ARM.Collect$$libshutdown$$00000010  c_w.l(libshutdown2.o)
    0x0800026c   0x0800026c   0x00000000   Code   RO         9943    .ARM.Collect$$rtentry$$00000000  c_w.l(__rtentry.o)
    0x0800026c   0x0800026c   0x00000000   Code   RO        10029    .ARM.Collect$$rtentry$$00000002  c_w.l(__rtentry2.o)
    0x0800026c   0x0800026c   0x00000006   Code   RO        10041    .ARM.Collect$$rtentry$$00000004  c_w.l(__rtentry4.o)
    0x08000272   0x08000272   0x00000000   Code   RO        10031    .ARM.Collect$$rtentry$$00000009  c_w.l(__rtentry2.o)
    0x08000272   0x08000272   0x00000004   Code   RO        10032    .ARM.Collect$$rtentry$$0000000A  c_w.l(__rtentry2.o)
    0x08000276   0x08000276   0x00000000   Code   RO        10034    .ARM.Collect$$rtentry$$0000000C  c_w.l(__rtentry2.o)
    0x08000276   0x08000276   0x00000008   Code   RO        10035    .ARM.Collect$$rtentry$$0000000D  c_w.l(__rtentry2.o)
    0x0800027e   0x0800027e   0x00000002   Code   RO        10194    .ARM.Collect$$rtexit$$00000000  c_w.l(rtexit.o)
    0x08000280   0x08000280   0x00000000   Code   RO        10252    .ARM.Collect$$rtexit$$00000002  c_w.l(rtexit2.o)
    0x08000280   0x08000280   0x00000004   Code   RO        10253    .ARM.Collect$$rtexit$$00000003  c_w.l(rtexit2.o)
    0x08000284   0x08000284   0x00000006   Code   RO        10254    .ARM.Collect$$rtexit$$00000004  c_w.l(rtexit2.o)
    0x0800028a   0x0800028a   0x00000002   PAD
    0x0800028c   0x0800028c   0x000000be   Code   RO         5140    .emb_text           port.o
    0x0800034a   0x0800034a   0x00000002   PAD
    0x0800034c   0x0800034c   0x00000034   Code   RO         9916    .emb_text           c_w.l(rand.o)
    0x08000380   0x08000380   0x00000000   Code   RO        10258    .emb_text           c_w.l(maybetermalloc1.o)
    0x08000380   0x08000380   0x00000040   Code   RO            4    .text               startup_stm32f407xx.o
    0x080003c0   0x080003c0   0x000000ee   Code   RO         9879    .text               c_w.l(lludivv7m.o)
    0x080004ae   0x080004ae   0x00000002   PAD
    0x080004b0   0x080004b0   0x00000018   Code   RO         9883    .text               c_w.l(noretval__2printf.o)
    0x080004c8   0x080004c8   0x00000068   Code   RO         9885    .text               c_w.l(__printf.o)
    0x08000530   0x08000530   0x00000052   Code   RO         9887    .text               c_w.l(_printf_str.o)
    0x08000582   0x08000582   0x00000002   PAD
    0x08000584   0x08000584   0x00000078   Code   RO         9889    .text               c_w.l(_printf_dec.o)
    0x080005fc   0x080005fc   0x0000003c   Code   RO         9917    .text               c_w.l(rand.o)
    0x08000638   0x08000638   0x00000058   Code   RO         9921    .text               c_w.l(memcmp.o)
    0x08000690   0x08000690   0x0000003e   Code   RO         9923    .text               c_w.l(strlen.o)
    0x080006ce   0x080006ce   0x0000008a   Code   RO         9927    .text               c_w.l(rt_memcpy_v6.o)
    0x08000758   0x08000758   0x00000010   Code   RO         9933    .text               c_w.l(aeabi_memset.o)
    0x08000768   0x08000768   0x00000044   Code   RO         9935    .text               c_w.l(rt_memclr.o)
    0x080007ac   0x080007ac   0x0000004e   Code   RO         9937    .text               c_w.l(rt_memclr_w.o)
    0x080007fa   0x080007fa   0x00000006   Code   RO         9939    .text               c_w.l(heapauxi.o)
    0x08000800   0x08000800   0x00000008   Code   RO         9956    .text               c_w.l(rt_errno_addr_intlibspace.o)
    0x08000808   0x08000808   0x000000b2   Code   RO         9958    .text               c_w.l(_printf_intcommon.o)
    0x080008ba   0x080008ba   0x0000002c   Code   RO         9960    .text               c_w.l(_printf_char.o)
    0x080008e6   0x080008e6   0x00000002   PAD
    0x080008e8   0x080008e8   0x00000024   Code   RO         9962    .text               c_w.l(_printf_char_file.o)
    0x0800090c   0x0800090c   0x00000064   Code   RO         9976    .text               c_w.l(rt_memcpy_w.o)
    0x08000970   0x08000970   0x00000008   Code   RO        10025    .text               c_w.l(libspace.o)
    0x08000978   0x08000978   0x00000030   Code   RO        10045    .text               c_w.l(_printf_char_common.o)
    0x080009a8   0x080009a8   0x00000008   Code   RO        10049    .text               c_w.l(ferror.o)
    0x080009b0   0x080009b0   0x00000138   Code   RO        10055    .text               c_w.l(initio.o)
    0x08000ae8   0x08000ae8   0x00000066   Code   RO        10069    .text               c_w.l(sys_io.o)
    0x08000b4e   0x08000b4e   0x0000004a   Code   RO        10076    .text               c_w.l(sys_stackheap_outer.o)
    0x08000b98   0x08000b98   0x0000004e   Code   RO        10080    .text               c_w.l(h1_free.o)
    0x08000be6   0x08000be6   0x000001d6   Code   RO        10138    .text               c_w.l(flsbuf.o)
    0x08000dbc   0x08000dbc   0x00000046   Code   RO        10140    .text               c_w.l(setvbuf.o)
    0x08000e02   0x08000e02   0x00000002   PAD
    0x08000e04   0x08000e04   0x000000ec   Code   RO        10143    .text               c_w.l(fopen.o)
    0x08000ef0   0x08000ef0   0x0000004c   Code   RO        10145    .text               c_w.l(fclose.o)
    0x08000f3c   0x08000f3c   0x00000012   Code   RO        10151    .text               c_w.l(exit.o)
    0x08000f4e   0x08000f4e   0x0000000e   Code   RO        10157    .text               c_w.l(defsig_rtred_outer.o)
    0x08000f5c   0x08000f5c   0x00000002   Code   RO        10191    .text               c_w.l(use_no_semi.o)
    0x08000f5e   0x08000f5e   0x00000000   Code   RO        10193    .text               c_w.l(indicate_semi.o)
    0x08000f5e   0x08000f5e   0x00000002   PAD
    0x08000f60   0x08000f60   0x00000008   Code   RO        10201    .text               c_w.l(rt_heap_descriptor_intlibspace.o)
    0x08000f68   0x08000f68   0x00000004   Code   RO        10203    .text               c_w.l(hguard.o)
    0x08000f6c   0x08000f6c   0x0000008a   Code   RO        10207    .text               c_w.l(init_alloc.o)
    0x08000ff6   0x08000ff6   0x0000005e   Code   RO        10213    .text               c_w.l(h1_alloc.o)
    0x08001054   0x08001054   0x000000f8   Code   RO        10229    .text               c_w.l(fseek.o)
    0x0800114c   0x0800114c   0x000000f0   Code   RO        10231    .text               c_w.l(stdio.o)
    0x0800123c   0x0800123c   0x0000000a   Code   RO        10237    .text               c_w.l(defsig_exit.o)
    0x08001246   0x08001246   0x00000002   PAD
    0x08001248   0x08001248   0x00000034   Code   RO        10241    .text               c_w.l(defsig_rtred_inner.o)
    0x0800127c   0x0800127c   0x0000000e   Code   RO        10243    .text               c_w.l(defsig_rtmem_outer.o)
    0x0800128a   0x0800128a   0x00000002   PAD
    0x0800128c   0x0800128c   0x0000000c   Code   RO        10249    .text               c_w.l(sys_exit.o)
    0x08001298   0x08001298   0x0000000e   Code   RO        10260    .text               c_w.l(h1_init.o)
    0x080012a6   0x080012a6   0x00000034   Code   RO        10262    .text               c_w.l(h1_extend.o)
    0x080012da   0x080012da   0x00000042   Code   RO        10272    .text               c_w.l(ftell.o)
    0x0800131c   0x0800131c   0x00000032   Code   RO        10280    .text               c_w.l(defsig_general.o)
    0x0800134e   0x0800134e   0x00000002   PAD
    0x08001350   0x08001350   0x00000050   Code   RO        10282    .text               c_w.l(defsig_rtmem_inner.o)
    0x080013a0   0x080013a0   0x0000000e   Code   RO        10289    .text               c_w.l(sys_wrch.o)
    0x080013ae   0x080013ae   0x00000004   Code   RO          612    i.BusFault_Handler  stm32f4xx_it.o
    0x080013b2   0x080013b2   0x00000002   Code   RO          613    i.DebugMon_Handler  stm32f4xx_it.o
    0x080013b4   0x080013b4   0x00000074   Code   RO         2929    i.ETH_DMARxDescListInit  stm32f4xx_hal_eth.o
    0x08001428   0x08001428   0x00000062   Code   RO         2930    i.ETH_DMATxDescListInit  stm32f4xx_hal_eth.o
    0x0800148a   0x0800148a   0x00000038   Code   RO         2931    i.ETH_FlushTransmitFIFO  stm32f4xx_hal_eth.o
    0x080014c2   0x080014c2   0x00000002   PAD
    0x080014c4   0x080014c4   0x00000010   Code   RO          614    i.ETH_IRQHandler    stm32f4xx_it.o
    0x080014d4   0x080014d4   0x00000034   Code   RO         2932    i.ETH_MACAddressConfig  stm32f4xx_hal_eth.o
    0x08001508   0x08001508   0x000000b4   Code   RO         2933    i.ETH_MACDMAConfig  stm32f4xx_hal_eth.o
    0x080015bc   0x080015bc   0x00000004   Code   RO          431    i.ETH_PHY_IO_DeInit  ethernetif.o
    0x080015c0   0x080015c0   0x00000008   Code   RO          432    i.ETH_PHY_IO_GetTick  ethernetif.o
    0x080015c8   0x080015c8   0x00000010   Code   RO          433    i.ETH_PHY_IO_Init   ethernetif.o
    0x080015d8   0x080015d8   0x00000024   Code   RO          434    i.ETH_PHY_IO_ReadReg  ethernetif.o
    0x080015fc   0x080015fc   0x00000024   Code   RO          435    i.ETH_PHY_IO_WriteReg  ethernetif.o
    0x08001620   0x08001620   0x000001ac   Code   RO         2934    i.ETH_Prepare_Tx_Descriptors  stm32f4xx_hal_eth.o
    0x080017cc   0x080017cc   0x000000c0   Code   RO         2935    i.ETH_SetDMAConfig  stm32f4xx_hal_eth.o
    0x0800188c   0x0800188c   0x000000fc   Code   RO         2936    i.ETH_SetMACConfig  stm32f4xx_hal_eth.o
    0x08001988   0x08001988   0x000000a8   Code   RO         2937    i.ETH_UpdateDescriptor  stm32f4xx_hal_eth.o
    0x08001a30   0x08001a30   0x00000006   Code   RO           13    i.Error_Handler     main.o
    0x08001a36   0x08001a36   0x00000002   PAD
    0x08001a38   0x08001a38   0x00000028   Code   RO         2678    i.HAL_Delay         stm32f4xx_hal.o
    0x08001a60   0x08001a60   0x00000020   Code   RO          436    i.HAL_ETH_ErrorCallback  ethernetif.o
    0x08001a80   0x08001a80   0x00000008   Code   RO         2943    i.HAL_ETH_GetDMAError  stm32f4xx_hal_eth.o
    0x08001a88   0x08001a88   0x00000008   Code   RO         2944    i.HAL_ETH_GetError  stm32f4xx_hal_eth.o
    0x08001a90   0x08001a90   0x000000f2   Code   RO         2945    i.HAL_ETH_GetMACConfig  stm32f4xx_hal_eth.o
    0x08001b82   0x08001b82   0x00000002   PAD
    0x08001b84   0x08001b84   0x00000108   Code   RO         2952    i.HAL_ETH_IRQHandler  stm32f4xx_hal_eth.o
    0x08001c8c   0x08001c8c   0x00000104   Code   RO         2953    i.HAL_ETH_Init      stm32f4xx_hal_eth.o
    0x08001d90   0x08001d90   0x00000154   Code   RO          438    i.HAL_ETH_MspInit   ethernetif.o
    0x08001ee4   0x08001ee4   0x00000002   Code   RO         2956    i.HAL_ETH_PMTCallback  stm32f4xx_hal_eth.o
    0x08001ee6   0x08001ee6   0x000000fa   Code   RO         2957    i.HAL_ETH_ReadData  stm32f4xx_hal_eth.o
    0x08001fe0   0x08001fe0   0x0000006a   Code   RO         2958    i.HAL_ETH_ReadPHYRegister  stm32f4xx_hal_eth.o
    0x0800204a   0x0800204a   0x00000084   Code   RO         2962    i.HAL_ETH_ReleaseTxPacket  stm32f4xx_hal_eth.o
    0x080020ce   0x080020ce   0x00000002   PAD
    0x080020d0   0x080020d0   0x00000048   Code   RO          439    i.HAL_ETH_RxAllocateCallback  ethernetif.o
    0x08002118   0x08002118   0x00000014   Code   RO          440    i.HAL_ETH_RxCpltCallback  ethernetif.o
    0x0800212c   0x0800212c   0x00000038   Code   RO          441    i.HAL_ETH_RxLinkCallback  ethernetif.o
    0x08002164   0x08002164   0x00000024   Code   RO         2968    i.HAL_ETH_SetMACConfig  stm32f4xx_hal_eth.o
    0x08002188   0x08002188   0x00000058   Code   RO         2970    i.HAL_ETH_SetMDIOClockRange  stm32f4xx_hal_eth.o
    0x080021e0   0x080021e0   0x000000a8   Code   RO         2975    i.HAL_ETH_Start_IT  stm32f4xx_hal_eth.o
    0x08002288   0x08002288   0x000000bc   Code   RO         2977    i.HAL_ETH_Stop_IT   stm32f4xx_hal_eth.o
    0x08002344   0x08002344   0x00000084   Code   RO         2979    i.HAL_ETH_Transmit_IT  stm32f4xx_hal_eth.o
    0x080023c8   0x080023c8   0x00000014   Code   RO          442    i.HAL_ETH_TxCpltCallback  ethernetif.o
    0x080023dc   0x080023dc   0x0000000c   Code   RO          443    i.HAL_ETH_TxFreeCallback  ethernetif.o
    0x080023e8   0x080023e8   0x00000002   Code   RO         2985    i.HAL_ETH_WakeUpCallback  stm32f4xx_hal_eth.o
    0x080023ea   0x080023ea   0x00000068   Code   RO         2986    i.HAL_ETH_WritePHYRegister  stm32f4xx_hal_eth.o
    0x08002452   0x08002452   0x00000002   PAD
    0x08002454   0x08002454   0x000001f4   Code   RO         2129    i.HAL_GPIO_Init     stm32f4xx_hal_gpio.o
    0x08002648   0x08002648   0x0000000c   Code   RO         2133    i.HAL_GPIO_WritePin  stm32f4xx_hal_gpio.o
    0x08002654   0x08002654   0x0000000c   Code   RO         2684    i.HAL_GetTick       stm32f4xx_hal.o
    0x08002660   0x08002660   0x00000018   Code   RO         2690    i.HAL_IncTick       stm32f4xx_hal.o
    0x08002678   0x08002678   0x0000003c   Code   RO         2691    i.HAL_Init          stm32f4xx_hal.o
    0x080026b4   0x080026b4   0x000000b4   Code   RO          706    i.HAL_InitTick      stm32f4xx_hal_timebase_tim.o
    0x08002768   0x08002768   0x00000054   Code   RO          682    i.HAL_MspInit       stm32f4xx_hal_msp.o
    0x080027bc   0x080027bc   0x00000028   Code   RO         2521    i.HAL_NVIC_EnableIRQ  stm32f4xx_hal_cortex.o
    0x080027e4   0x080027e4   0x0000007c   Code   RO         2527    i.HAL_NVIC_SetPriority  stm32f4xx_hal_cortex.o
    0x08002860   0x08002860   0x00000028   Code   RO         2528    i.HAL_NVIC_SetPriorityGrouping  stm32f4xx_hal_cortex.o
    0x08002888   0x08002888   0x00000184   Code   RO         1730    i.HAL_RCC_ClockConfig  stm32f4xx_hal_rcc.o
    0x08002a0c   0x08002a0c   0x00000044   Code   RO         1734    i.HAL_RCC_GetClockConfig  stm32f4xx_hal_rcc.o
    0x08002a50   0x08002a50   0x0000000c   Code   RO         1735    i.HAL_RCC_GetHCLKFreq  stm32f4xx_hal_rcc.o
    0x08002a5c   0x08002a5c   0x00000020   Code   RO         1737    i.HAL_RCC_GetPCLK1Freq  stm32f4xx_hal_rcc.o
    0x08002a7c   0x08002a7c   0x000000b0   Code   RO         1739    i.HAL_RCC_GetSysClockFreq  stm32f4xx_hal_rcc.o
    0x08002b2c   0x08002b2c   0x0000049c   Code   RO         1742    i.HAL_RCC_OscConfig  stm32f4xx_hal_rcc.o
    0x08002fc8   0x08002fc8   0x00000002   Code   RO         1462    i.HAL_TIMEx_BreakCallback  stm32f4xx_hal_tim_ex.o
    0x08002fca   0x08002fca   0x00000002   Code   RO         1463    i.HAL_TIMEx_CommutCallback  stm32f4xx_hal_tim_ex.o
    0x08002fcc   0x08002fcc   0x00000066   Code   RO          747    i.HAL_TIM_Base_Init  stm32f4xx_hal_tim.o
    0x08003032   0x08003032   0x00000002   Code   RO          749    i.HAL_TIM_Base_MspInit  stm32f4xx_hal_tim.o
    0x08003034   0x08003034   0x000000a8   Code   RO          752    i.HAL_TIM_Base_Start_IT  stm32f4xx_hal_tim.o
    0x080030dc   0x080030dc   0x00000002   Code   RO          781    i.HAL_TIM_IC_CaptureCallback  stm32f4xx_hal_tim.o
    0x080030de   0x080030de   0x0000016c   Code   RO          795    i.HAL_TIM_IRQHandler  stm32f4xx_hal_tim.o
    0x0800324a   0x0800324a   0x00000002   Code   RO          798    i.HAL_TIM_OC_DelayElapsedCallback  stm32f4xx_hal_tim.o
    0x0800324c   0x0800324c   0x00000002   Code   RO          825    i.HAL_TIM_PWM_PulseFinishedCallback  stm32f4xx_hal_tim.o
    0x0800324e   0x0800324e   0x00000002   PAD
    0x08003250   0x08003250   0x00000018   Code   RO           14    i.HAL_TIM_PeriodElapsedCallback  main.o
    0x08003268   0x08003268   0x00000002   Code   RO          838    i.HAL_TIM_TriggerCallback  stm32f4xx_hal_tim.o
    0x0800326a   0x0800326a   0x00000004   Code   RO          615    i.HardFault_Handler  stm32f4xx_it.o
    0x0800326e   0x0800326e   0x000000bc   Code   RO         3332    i.LAN8742_GetLinkState  lan8742.o
    0x0800332a   0x0800332a   0x0000005a   Code   RO         3333    i.LAN8742_Init      lan8742.o
    0x08003384   0x08003384   0x0000002e   Code   RO         3334    i.LAN8742_RegisterBusIO  lan8742.o
    0x080033b2   0x080033b2   0x00000002   PAD
    0x080033b4   0x080033b4   0x0000004c   Code   RO           15    i.LedPatternOnBoard  main.o
    0x08003400   0x08003400   0x0000013c   Code   RO           16    i.MX_GPIO_Init      main.o
    0x0800353c   0x0800353c   0x0000025c   Code   RO          365    i.MX_LWIP_Init      lwip.o
    0x08003798   0x08003798   0x00000004   Code   RO          616    i.MemManage_Handler  stm32f4xx_it.o
    0x0800379c   0x0800379c   0x00000004   Code   RO          617    i.NMI_Handler       stm32f4xx_it.o
    0x080037a0   0x080037a0   0x0000001c   Code   RO           17    i.StartETHTask      main.o
    0x080037bc   0x080037bc   0x00000022   Code   RO           18    i.StartMainTask     main.o
    0x080037de   0x080037de   0x0000001a   Code   RO         4560    i.SysTick_Handler   cmsis_os2.o
    0x080037f8   0x080037f8   0x000000b4   Code   RO           19    i.SystemClock_Config  main.o
    0x080038ac   0x080038ac   0x00000014   Code   RO         3290    i.SystemInit        system_stm32f4xx.o
    0x080038c0   0x080038c0   0x00000010   Code   RO          618    i.TIM6_DAC_IRQHandler  stm32f4xx_it.o
    0x080038d0   0x080038d0   0x000000e0   Code   RO          840    i.TIM_Base_SetConfig  stm32f4xx_hal_tim.o
    0x080039b0   0x080039b0   0x00000004   Code   RO          619    i.UsageFault_Handler  stm32f4xx_it.o
    0x080039b4   0x080039b4   0x00000010   Code   RO         2534    i.__NVIC_GetPriorityGrouping  stm32f4xx_hal_cortex.o
    0x080039c4   0x080039c4   0x00000028   Code   RO         2535    i.__NVIC_SetPriority  stm32f4xx_hal_cortex.o
    0x080039ec   0x080039ec   0x000000a8   Code   RO         7434    i.do_memp_free_pool  memp.o
    0x08003a94   0x08003a94   0x000000bc   Code   RO         7435    i.do_memp_malloc_pool  memp.o
    0x08003b50   0x08003b50   0x0000002c   Code   RO         8906    i.etharp_cleanup_netif  etharp.o
    0x08003b7c   0x08003b7c   0x00000280   Code   RO         8908    i.etharp_find_entry  etharp.o
    0x08003dfc   0x08003dfc   0x00000028   Code   RO         8909    i.etharp_free_entry  etharp.o
    0x08003e24   0x08003e24   0x00000118   Code   RO         8911    i.etharp_input      etharp.o
    0x08003f3c   0x08003f3c   0x000001d8   Code   RO         8912    i.etharp_output     etharp.o
    0x08004114   0x08004114   0x00000104   Code   RO         8913    i.etharp_output_to_arp_index  etharp.o
    0x08004218   0x08004218   0x00000208   Code   RO         8914    i.etharp_query      etharp.o
    0x08004420   0x08004420   0x0000017c   Code   RO         8915    i.etharp_raw        etharp.o
    0x0800459c   0x0800459c   0x0000000c   Code   RO         8916    i.etharp_request    etharp.o
    0x080045a8   0x080045a8   0x00000028   Code   RO         8917    i.etharp_request_dst  etharp.o
    0x080045d0   0x080045d0   0x00000064   Code   RO         8918    i.etharp_tmr        etharp.o
    0x08004634   0x08004634   0x0000011c   Code   RO         8919    i.etharp_update_arp_entry  etharp.o
    0x08004750   0x08004750   0x000000b0   Code   RO         5751    i.ethernet_input    ethernet.o
    0x08004800   0x08004800   0x00000002   Code   RO          366    i.ethernet_link_status_updated  lwip.o
    0x08004802   0x08004802   0x00000002   PAD
    0x08004804   0x08004804   0x000000d4   Code   RO          444    i.ethernet_link_thread  ethernetif.o
    0x080048d8   0x080048d8   0x000000f4   Code   RO         5752    i.ethernet_output   ethernet.o
    0x080049cc   0x080049cc   0x00000090   Code   RO          445    i.ethernetif_init   ethernetif.o
    0x08004a5c   0x08004a5c   0x00000040   Code   RO          446    i.ethernetif_input  ethernetif.o
    0x08004a9c   0x08004a9c   0x0000001a   Code   RO        10052    i.fputc             c_w.l(fputc.o)
    0x08004ab6   0x08004ab6   0x00000008   Code   RO         9009    i.icmp_dest_unreach  icmp.o
    0x08004abe   0x08004abe   0x00000002   PAD
    0x08004ac0   0x08004ac0   0x0000021c   Code   RO         9010    i.icmp_input        icmp.o
    0x08004cdc   0x08004cdc   0x00000114   Code   RO         9011    i.icmp_send_response  icmp.o
    0x08004df0   0x08004df0   0x00000008   Code   RO         9012    i.icmp_time_exceeded  icmp.o
    0x08004df8   0x08004df8   0x00000050   Code   RO         9126    i.ip4_addr_isbroadcast_u32  ip4_addr.o
    0x08004e48   0x08004e48   0x00000298   Code   RO         9195    i.ip4_frag          ip4_frag.o
    0x080050e0   0x080050e0   0x000001a4   Code   RO         9071    i.ip4_input         ip4.o
    0x08005284   0x08005284   0x0000002c   Code   RO         9072    i.ip4_input_accept  ip4.o
    0x080052b0   0x080052b0   0x0000002c   Code   RO         9074    i.ip4_output_if     ip4.o
    0x080052dc   0x080052dc   0x00000188   Code   RO         9075    i.ip4_output_if_src  ip4.o
    0x08005464   0x08005464   0x00000274   Code   RO         9196    i.ip4_reass         ip4_frag.o
    0x080056d8   0x080056d8   0x00000078   Code   RO         9076    i.ip4_route         ip4.o
    0x08005750   0x08005750   0x00000006   Code   RO         9197    i.ip_frag_alloc_pbuf_custom_ref  ip4_frag.o
    0x08005756   0x08005756   0x00000002   PAD
    0x08005758   0x08005758   0x00000094   Code   RO         9198    i.ip_frag_free_pbuf_custom_ref  ip4_frag.o
    0x080057ec   0x080057ec   0x00000298   Code   RO         9199    i.ip_reass_chain_frag_into_datagram_and_validate  ip4_frag.o
    0x08005a84   0x08005a84   0x000000bc   Code   RO         9200    i.ip_reass_dequeue_datagram  ip4_frag.o
    0x08005b40   0x08005b40   0x00000064   Code   RO         9201    i.ip_reass_enqueue_new_datagram  ip4_frag.o
    0x08005ba4   0x08005ba4   0x000001a4   Code   RO         9202    i.ip_reass_free_complete_datagram  ip4_frag.o
    0x08005d48   0x08005d48   0x0000007c   Code   RO         9203    i.ip_reass_remove_oldest_datagram  ip4_frag.o
    0x08005dc4   0x08005dc4   0x00000030   Code   RO         9204    i.ip_reass_tmr      ip4_frag.o
    0x08005df4   0x08005df4   0x00000098   Code   RO         9205    i.ipfrag_free_pbuf_custom  ip4_frag.o
    0x08005e8c   0x08005e8c   0x000001f0   Code   RO          447    i.low_level_init    ethernetif.o
    0x0800607c   0x0800607c   0x00000024   Code   RO          448    i.low_level_input   ethernetif.o
    0x080060a0   0x080060a0   0x000000e4   Code   RO          449    i.low_level_output  ethernetif.o
    0x08006184   0x08006184   0x00000044   Code   RO         8651    i.lwip_cyclic_timer  timeouts.o
    0x080061c8   0x080061c8   0x00000018   Code   RO         7133    i.lwip_htonl        def.o
    0x080061e0   0x080061e0   0x0000000a   Code   RO         7134    i.lwip_htons        def.o
    0x080061ea   0x080061ea   0x00000022   Code   RO         7278    i.lwip_init         init.o
    0x0800620c   0x0800620c   0x0000005c   Code   RO           20    i.main              main.o
    0x08006268   0x08006268   0x000001c4   Code   RO         7353    i.mem_free          mem.o
    0x0800642c   0x0800642c   0x000000c8   Code   RO         7354    i.mem_init          mem.o
    0x080064f4   0x080064f4   0x00000050   Code   RO         7355    i.mem_link_valid    mem.o
    0x08006544   0x08006544   0x0000027c   Code   RO         7356    i.mem_malloc        mem.o
    0x080067c0   0x080067c0   0x00000010   Code   RO         7357    i.mem_to_ptr        mem.o
    0x080067d0   0x080067d0   0x00000218   Code   RO         7358    i.mem_trim          mem.o
    0x080069e8   0x080069e8   0x0000009c   Code   RO         7436    i.memp_free         memp.o
    0x08006a84   0x08006a84   0x0000009c   Code   RO         7437    i.memp_free_pool    memp.o
    0x08006b20   0x08006b20   0x0000001c   Code   RO         7438    i.memp_init         memp.o
    0x08006b3c   0x08006b3c   0x0000002e   Code   RO         7439    i.memp_init_pool    memp.o
    0x08006b6a   0x08006b6a   0x00000002   PAD
    0x08006b6c   0x08006b6c   0x000000a4   Code   RO         7440    i.memp_malloc       memp.o
    0x08006c10   0x08006c10   0x00000094   Code   RO         7441    i.memp_malloc_pool  memp.o
    0x08006ca4   0x08006ca4   0x000001f8   Code   RO         7580    i.netif_add         netif.o
    0x08006e9c   0x08006e9c   0x0000001a   Code   RO         7582    i.netif_do_ip_addr_changed  netif.o
    0x08006eb6   0x08006eb6   0x00000016   Code   RO         7583    i.netif_do_set_gw   netif.o
    0x08006ecc   0x08006ecc   0x000000c4   Code   RO         7584    i.netif_do_set_ipaddr  netif.o
    0x08006f90   0x08006f90   0x00000016   Code   RO         7585    i.netif_do_set_netmask  netif.o
    0x08006fa6   0x08006fa6   0x00000002   PAD
    0x08006fa8   0x08006fa8   0x00000028   Code   RO         7587    i.netif_get_by_index  netif.o
    0x08006fd0   0x08006fd0   0x00000002   Code   RO         7589    i.netif_init        netif.o
    0x08006fd2   0x08006fd2   0x00000002   PAD
    0x08006fd4   0x08006fd4   0x000000c8   Code   RO         7591    i.netif_issue_reports  netif.o
    0x0800709c   0x0800709c   0x00000006   Code   RO         7593    i.netif_null_output_ip4  netif.o
    0x080070a2   0x080070a2   0x00000002   PAD
    0x080070a4   0x080070a4   0x00000064   Code   RO         7595    i.netif_set_addr    netif.o
    0x08007108   0x08007108   0x0000000c   Code   RO         7596    i.netif_set_default  netif.o
    0x08007114   0x08007114   0x000000ac   Code   RO         7597    i.netif_set_down    netif.o
    0x080071c0   0x080071c0   0x00000008   Code   RO         7600    i.netif_set_link_callback  netif.o
    0x080071c8   0x080071c8   0x000000b0   Code   RO         7601    i.netif_set_link_down  netif.o
    0x08007278   0x08007278   0x000000c4   Code   RO         7602    i.netif_set_link_up  netif.o
    0x0800733c   0x0800733c   0x000000a4   Code   RO         7604    i.netif_set_up      netif.o
    0x080073e0   0x080073e0   0x0000001e   Code   RO         4562    i.osDelay           cmsis_os2.o
    0x080073fe   0x080073fe   0x00000010   Code   RO         4574    i.osKernelGetTickCount  cmsis_os2.o
    0x0800740e   0x0800740e   0x00000002   PAD
    0x08007410   0x08007410   0x00000028   Code   RO         4576    i.osKernelInitialize  cmsis_os2.o
    0x08007438   0x08007438   0x00000038   Code   RO         4579    i.osKernelStart     cmsis_os2.o
    0x08007470   0x08007470   0x00000070   Code   RO         4591    i.osMessageQueueGet  cmsis_os2.o
    0x080074e0   0x080074e0   0x00000088   Code   RO         4596    i.osMessageQueueNew  cmsis_os2.o
    0x08007568   0x08007568   0x00000074   Code   RO         4597    i.osMessageQueuePut  cmsis_os2.o
    0x080075dc   0x080075dc   0x0000005c   Code   RO         4599    i.osMutexAcquire    cmsis_os2.o
    0x08007638   0x08007638   0x0000009c   Code   RO         4602    i.osMutexNew        cmsis_os2.o
    0x080076d4   0x080076d4   0x00000050   Code   RO         4603    i.osMutexRelease    cmsis_os2.o
    0x08007724   0x08007724   0x00000068   Code   RO         4604    i.osSemaphoreAcquire  cmsis_os2.o
    0x0800778c   0x0800778c   0x000000b4   Code   RO         4607    i.osSemaphoreNew    cmsis_os2.o
    0x08007840   0x08007840   0x00000058   Code   RO         4608    i.osSemaphoreRelease  cmsis_os2.o
    0x08007898   0x08007898   0x000000bc   Code   RO         4621    i.osThreadNew       cmsis_os2.o
    0x08007954   0x08007954   0x00000006   Code   RO         7769    i.pbuf_add_header   pbuf.o
    0x0800795a   0x0800795a   0x00000002   PAD
    0x0800795c   0x0800795c   0x000000d0   Code   RO         7771    i.pbuf_add_header_impl  pbuf.o
    0x08007a2c   0x08007a2c   0x0000025c   Code   RO         7772    i.pbuf_alloc        pbuf.o
    0x08007c88   0x08007c88   0x000000b8   Code   RO         7773    i.pbuf_alloc_reference  pbuf.o
    0x08007d40   0x08007d40   0x00000042   Code   RO         7774    i.pbuf_alloced_custom  pbuf.o
    0x08007d82   0x08007d82   0x00000002   PAD
    0x08007d84   0x08007d84   0x00000138   Code   RO         7775    i.pbuf_cat          pbuf.o
    0x08007ebc   0x08007ebc   0x00000014   Code   RO         7777    i.pbuf_clen         pbuf.o
    0x08007ed0   0x08007ed0   0x000000a0   Code   RO         7778    i.pbuf_clone        pbuf.o
    0x08007f70   0x08007f70   0x000001f4   Code   RO         7780    i.pbuf_copy         pbuf.o
    0x08008164   0x08008164   0x00000128   Code   RO         7781    i.pbuf_copy_partial  pbuf.o
    0x0800828c   0x0800828c   0x00000170   Code   RO         7783    i.pbuf_free         pbuf.o
    0x080083fc   0x080083fc   0x00000034   Code   RO          450    i.pbuf_free_custom  ethernetif.o
    0x08008430   0x08008430   0x00000034   Code   RO         7785    i.pbuf_free_ooseq   pbuf.o
    0x08008464   0x08008464   0x00000004   Code   RO         7786    i.pbuf_free_ooseq_callback  pbuf.o
    0x08008468   0x08008468   0x00000006   Code   RO         7790    i.pbuf_header_force  pbuf.o
    0x0800846e   0x0800846e   0x0000000e   Code   RO         7791    i.pbuf_header_impl  pbuf.o
    0x0800847c   0x0800847c   0x00000022   Code   RO         7792    i.pbuf_init_alloced_pbuf  pbuf.o
    0x0800849e   0x0800849e   0x00000002   PAD
    0x080084a0   0x080084a0   0x0000003c   Code   RO         7795    i.pbuf_pool_is_empty  pbuf.o
    0x080084dc   0x080084dc   0x00000138   Code   RO         7797    i.pbuf_realloc      pbuf.o
    0x08008614   0x08008614   0x0000009c   Code   RO         7798    i.pbuf_ref          pbuf.o
    0x080086b0   0x080086b0   0x000000e0   Code   RO         7799    i.pbuf_remove_header  pbuf.o
    0x08008790   0x08008790   0x000001a4   Code   RO         7359    i.plug_holes        mem.o
    0x08008934   0x08008934   0x00000060   Code   RO         3997    i.prvAddCurrentTaskToDelayedList  tasks.o
    0x08008994   0x08008994   0x00000088   Code   RO         3998    i.prvAddNewTaskToReadyList  tasks.o
    0x08008a1c   0x08008a1c   0x0000005c   Code   RO         4373    i.prvCheckForValidListAndQueue  timers.o
    0x08008a78   0x08008a78   0x00000040   Code   RO         3999    i.prvCheckTasksWaitingTermination  tasks.o
    0x08008ab8   0x08008ab8   0x00000024   Code   RO         3584    i.prvCopyDataFromQueue  queue.o
    0x08008adc   0x08008adc   0x0000006e   Code   RO         3585    i.prvCopyDataToQueue  queue.o
    0x08008b4a   0x08008b4a   0x00000040   Code   RO         4000    i.prvDeleteTCB      tasks.o
    0x08008b8a   0x08008b8a   0x00000014   Code   RO         3586    i.prvGetDisinheritPriorityAfterTimeout  queue.o
    0x08008b9e   0x08008b9e   0x00000002   PAD
    0x08008ba0   0x08008ba0   0x00000024   Code   RO         4374    i.prvGetNextExpireTime  timers.o
    0x08008bc4   0x08008bc4   0x00000050   Code   RO         5085    i.prvHeapInit       heap_4.o
    0x08008c14   0x08008c14   0x00000028   Code   RO         4001    i.prvIdleTask       tasks.o
    0x08008c3c   0x08008c3c   0x00000018   Code   RO         3587    i.prvInitialiseMutex  queue.o
    0x08008c54   0x08008c54   0x00000022   Code   RO         3588    i.prvInitialiseNewQueue  queue.o
    0x08008c76   0x08008c76   0x00000094   Code   RO         4002    i.prvInitialiseNewTask  tasks.o
    0x08008d0a   0x08008d0a   0x00000002   PAD
    0x08008d0c   0x08008d0c   0x00000060   Code   RO         4003    i.prvInitialiseTaskLists  tasks.o
    0x08008d6c   0x08008d6c   0x0000005c   Code   RO         5086    i.prvInsertBlockIntoFreeList  heap_4.o
    0x08008dc8   0x08008dc8   0x00000048   Code   RO         4376    i.prvInsertTimerInActiveList  timers.o
    0x08008e10   0x08008e10   0x0000001a   Code   RO         3589    i.prvIsQueueEmpty   queue.o
    0x08008e2a   0x08008e2a   0x0000001e   Code   RO         3590    i.prvIsQueueFull    queue.o
    0x08008e48   0x08008e48   0x00000068   Code   RO         4377    i.prvProcessExpiredTimer  timers.o
    0x08008eb0   0x08008eb0   0x00000110   Code   RO         4378    i.prvProcessReceivedCommands  timers.o
    0x08008fc0   0x08008fc0   0x0000006c   Code   RO         4379    i.prvProcessTimerOrBlockTask  timers.o
    0x0800902c   0x0800902c   0x00000024   Code   RO         4005    i.prvResetNextTaskUnblockTime  tasks.o
    0x08009050   0x08009050   0x0000002c   Code   RO         4380    i.prvSampleTimeNow  timers.o
    0x0800907c   0x0800907c   0x00000078   Code   RO         4381    i.prvSwitchTimerLists  timers.o
    0x080090f4   0x080090f4   0x00000030   Code   RO         5141    i.prvTaskExitError  port.o
    0x08009124   0x08009124   0x00000014   Code   RO         4382    i.prvTimerTask      timers.o
    0x08009138   0x08009138   0x00000068   Code   RO         3591    i.prvUnlockQueue    queue.o
    0x080091a0   0x080091a0   0x0000000c   Code   RO         7360    i.ptr_to_mem        mem.o
    0x080091ac   0x080091ac   0x000000e8   Code   RO         5087    i.pvPortMalloc      heap_4.o
    0x08009294   0x08009294   0x00000018   Code   RO         4008    i.pvTaskIncrementMutexHeldCount  tasks.o
    0x080092ac   0x080092ac   0x0000002c   Code   RO         5142    i.pxPortInitialiseStack  port.o
    0x080092d8   0x080092d8   0x0000004a   Code   RO         9459    i.sys_arch_mbox_fetch  sys_arch.o
    0x08009322   0x08009322   0x00000002   PAD
    0x08009324   0x08009324   0x00000018   Code   RO         9461    i.sys_arch_protect  sys_arch.o
    0x0800933c   0x0800933c   0x0000000c   Code   RO         9463    i.sys_arch_unprotect  sys_arch.o
    0x08009348   0x08009348   0x00000040   Code   RO         8652    i.sys_check_timeouts  timeouts.o
    0x08009388   0x08009388   0x00000014   Code   RO         9464    i.sys_init          sys_arch.o
    0x0800939c   0x0800939c   0x0000001c   Code   RO         9466    i.sys_mbox_new      sys_arch.o
    0x080093b8   0x080093b8   0x0000001e   Code   RO         9469    i.sys_mbox_trypost  sys_arch.o
    0x080093d6   0x080093d6   0x0000000e   Code   RO         9471    i.sys_mbox_valid    sys_arch.o
    0x080093e4   0x080093e4   0x0000000a   Code   RO         9473    i.sys_mutex_lock    sys_arch.o
    0x080093ee   0x080093ee   0x00000018   Code   RO         9474    i.sys_mutex_new     sys_arch.o
    0x08009406   0x08009406   0x00000006   Code   RO         9475    i.sys_mutex_unlock  sys_arch.o
    0x0800940c   0x0800940c   0x00000008   Code   RO          451    i.sys_now           ethernetif.o
    0x08009414   0x08009414   0x00000030   Code   RO         9481    i.sys_thread_new    sys_arch.o
    0x08009444   0x08009444   0x000000c4   Code   RO         8654    i.sys_timeout       timeouts.o
    0x08009508   0x08009508   0x00000100   Code   RO         8655    i.sys_timeout_abs   timeouts.o
    0x08009608   0x08009608   0x00000024   Code   RO         8656    i.sys_timeouts_init  timeouts.o
    0x0800962c   0x0800962c   0x00000028   Code   RO         8657    i.sys_timeouts_sleeptime  timeouts.o
    0x08009654   0x08009654   0x000001b4   Code   RO         8065    i.tcp_abandon       tcp.o
    0x08009808   0x08009808   0x00000006   Code   RO         8066    i.tcp_abort         tcp.o
    0x0800980e   0x0800980e   0x00000002   PAD
    0x08009810   0x08009810   0x000000ac   Code   RO         8069    i.tcp_alloc         tcp.o
    0x080098bc   0x080098bc   0x000000a4   Code   RO         8073    i.tcp_close         tcp.o
    0x08009960   0x08009960   0x000001cc   Code   RO         8074    i.tcp_close_shutdown  tcp.o
    0x08009b2c   0x08009b2c   0x000000d8   Code   RO         8075    i.tcp_close_shutdown_fin  tcp.o
    0x08009c04   0x08009c04   0x00000190   Code   RO         8491    i.tcp_create_segment  tcp_out.o
    0x08009d94   0x08009d94   0x000000bc   Code   RO         8078    i.tcp_eff_send_mss_netif  tcp.o
    0x08009e50   0x08009e50   0x0000025c   Code   RO         8492    i.tcp_enqueue_flags  tcp_out.o
    0x0800a0ac   0x0800a0ac   0x00000074   Code   RO         8080    i.tcp_fasttmr       tcp.o
    0x0800a120   0x0800a120   0x00000090   Code   RO         8081    i.tcp_free          tcp.o
    0x0800a1b0   0x0800a1b0   0x00000148   Code   RO         8402    i.tcp_free_acked_segments  tcp_in.o
    0x0800a2f8   0x0800a2f8   0x00000098   Code   RO         8082    i.tcp_free_listen   tcp.o
    0x0800a390   0x0800a390   0x00000014   Code   RO         8083    i.tcp_free_ooseq    tcp.o
    0x0800a3a4   0x0800a3a4   0x00000028   Code   RO         8403    i.tcp_get_next_optbyte  tcp_in.o
    0x0800a3cc   0x0800a3cc   0x0000002c   Code   RO         8084    i.tcp_handle_closepend  tcp.o
    0x0800a3f8   0x0800a3f8   0x00000018   Code   RO         8085    i.tcp_init          tcp.o
    0x0800a410   0x0800a410   0x000006a8   Code   RO         8404    i.tcp_input         tcp_in.o
    0x0800aab8   0x0800aab8   0x000000d8   Code   RO         8405    i.tcp_input_delayed_close  tcp_in.o
    0x0800ab90   0x0800ab90   0x000000cc   Code   RO         8493    i.tcp_keepalive     tcp_out.o
    0x0800ac5c   0x0800ac5c   0x00000050   Code   RO         8086    i.tcp_kill_prio     tcp.o
    0x0800acac   0x0800acac   0x000000c0   Code   RO         8087    i.tcp_kill_state    tcp.o
    0x0800ad6c   0x0800ad6c   0x00000034   Code   RO         8088    i.tcp_kill_timewait  tcp.o
    0x0800ada0   0x0800ada0   0x000000c4   Code   RO         8089    i.tcp_listen_closed  tcp.o
    0x0800ae64   0x0800ae64   0x000001a8   Code   RO         8406    i.tcp_listen_input  tcp_in.o
    0x0800b00c   0x0800b00c   0x00000050   Code   RO         8092    i.tcp_netif_ip_addr_changed  tcp.o
    0x0800b05c   0x0800b05c   0x000000c4   Code   RO         8093    i.tcp_netif_ip_addr_changed_pcblist  tcp.o
    0x0800b120   0x0800b120   0x00000098   Code   RO         8097    i.tcp_next_iss      tcp.o
    0x0800b1b8   0x0800b1b8   0x00000118   Code   RO         8407    i.tcp_oos_insert_segment  tcp_in.o
    0x0800b2d0   0x0800b2d0   0x0000030c   Code   RO         8494    i.tcp_output        tcp_out.o
    0x0800b5dc   0x0800b5dc   0x000000d8   Code   RO         8495    i.tcp_output_alloc_header  tcp_out.o
    0x0800b6b4   0x0800b6b4   0x0000011c   Code   RO         8496    i.tcp_output_alloc_header_common  tcp_out.o
    0x0800b7d0   0x0800b7d0   0x000000e8   Code   RO         8497    i.tcp_output_control_segment  tcp_out.o
    0x0800b8b8   0x0800b8b8   0x000000e0   Code   RO         8498    i.tcp_output_fill_options  tcp_out.o
    0x0800b998   0x0800b998   0x000001f4   Code   RO         8499    i.tcp_output_segment  tcp_out.o
    0x0800bb8c   0x0800bb8c   0x000000ac   Code   RO         8500    i.tcp_output_segment_busy  tcp_out.o
    0x0800bc38   0x0800bc38   0x000000fc   Code   RO         8408    i.tcp_parseopt      tcp_in.o
    0x0800bd34   0x0800bd34   0x000000d0   Code   RO         8098    i.tcp_pcb_purge     tcp.o
    0x0800be04   0x0800be04   0x00000194   Code   RO         8099    i.tcp_pcb_remove    tcp.o
    0x0800bf98   0x0800bf98   0x00000604   Code   RO         8409    i.tcp_process       tcp_in.o
    0x0800c59c   0x0800c59c   0x00000114   Code   RO         8101    i.tcp_process_refused_data  tcp.o
    0x0800c6b0   0x0800c6b0   0x000009dc   Code   RO         8410    i.tcp_receive       tcp_in.o
    0x0800d08c   0x0800d08c   0x000000b4   Code   RO         8103    i.tcp_recv_null     tcp.o
    0x0800d140   0x0800d140   0x00000104   Code   RO         8104    i.tcp_recved        tcp.o
    0x0800d244   0x0800d244   0x000000ac   Code   RO         8105    i.tcp_remove_listener  tcp.o
    0x0800d2f0   0x0800d2f0   0x000000f4   Code   RO         8502    i.tcp_rexmit        tcp_out.o
    0x0800d3e4   0x0800d3e4   0x000000f0   Code   RO         8503    i.tcp_rexmit_fast   tcp_out.o
    0x0800d4d4   0x0800d4d4   0x000000a4   Code   RO         8504    i.tcp_rexmit_rto    tcp_out.o
    0x0800d578   0x0800d578   0x000000b0   Code   RO         8505    i.tcp_rexmit_rto_commit  tcp_out.o
    0x0800d628   0x0800d628   0x00000114   Code   RO         8506    i.tcp_rexmit_rto_prepare  tcp_out.o
    0x0800d73c   0x0800d73c   0x00000012   Code   RO         8507    i.tcp_route         tcp_out.o
    0x0800d74e   0x0800d74e   0x00000002   PAD
    0x0800d750   0x0800d750   0x0000011c   Code   RO         8508    i.tcp_rst           tcp_out.o
    0x0800d86c   0x0800d86c   0x000000b0   Code   RO         8106    i.tcp_seg_copy      tcp.o
    0x0800d91c   0x0800d91c   0x0000001e   Code   RO         8107    i.tcp_seg_free      tcp.o
    0x0800d93a   0x0800d93a   0x00000014   Code   RO         8108    i.tcp_segs_free     tcp.o
    0x0800d94e   0x0800d94e   0x00000002   PAD
    0x0800d950   0x0800d950   0x000000f4   Code   RO         8509    i.tcp_send_empty_ack  tcp_out.o
    0x0800da44   0x0800da44   0x000000d4   Code   RO         8510    i.tcp_send_fin      tcp_out.o
    0x0800db18   0x0800db18   0x0000063c   Code   RO         8112    i.tcp_slowtmr       tcp.o
    0x0800e154   0x0800e154   0x0000024c   Code   RO         8511    i.tcp_split_unsent_seg  tcp_out.o
    0x0800e3a0   0x0800e3a0   0x00000034   Code   RO         8659    i.tcp_timer_needed  timeouts.o
    0x0800e3d4   0x0800e3d4   0x0000010c   Code   RO         8411    i.tcp_timewait_input  tcp_in.o
    0x0800e4e0   0x0800e4e0   0x00000024   Code   RO         8114    i.tcp_tmr           tcp.o
    0x0800e504   0x0800e504   0x00000010   Code   RO         8412    i.tcp_trigger_input_pcb_close  tcp_in.o
    0x0800e514   0x0800e514   0x000000fc   Code   RO         8116    i.tcp_update_rcv_ann_wnd  tcp.o
    0x0800e610   0x0800e610   0x0000014c   Code   RO         8514    i.tcp_zero_window_probe  tcp_out.o
    0x0800e75c   0x0800e75c   0x00000114   Code   RO         6959    i.tcpip_init        tcpip.o
    0x0800e870   0x0800e870   0x000000c8   Code   RO         6960    i.tcpip_inpkt       tcpip.o
    0x0800e938   0x0800e938   0x00000020   Code   RO         6961    i.tcpip_input       tcpip.o
    0x0800e958   0x0800e958   0x00000038   Code   RO         8660    i.tcpip_tcp_timer   timeouts.o
    0x0800e990   0x0800e990   0x000000bc   Code   RO         6963    i.tcpip_thread      tcpip.o
    0x0800ea4c   0x0800ea4c   0x000000d4   Code   RO         6964    i.tcpip_thread_handle_msg  tcpip.o
    0x0800eb20   0x0800eb20   0x00000060   Code   RO         6965    i.tcpip_timeouts_mbox_fetch  tcpip.o
    0x0800eb80   0x0800eb80   0x000000bc   Code   RO         6966    i.tcpip_try_callback  tcpip.o
    0x0800ec3c   0x0800ec3c   0x00000018   Code   RO         8744    i.udp_init          udp.o
    0x0800ec54   0x0800ec54   0x00000240   Code   RO         8745    i.udp_input         udp.o
    0x0800ee94   0x0800ee94   0x0000011c   Code   RO         8746    i.udp_input_local_match  udp.o
    0x0800efb0   0x0800efb0   0x00000038   Code   RO         8747    i.udp_netif_ip_addr_changed  udp.o
    0x0800efe8   0x0800efe8   0x00000026   Code   RO         3544    i.uxListRemove      list.o
    0x0800f00e   0x0800f00e   0x00000002   PAD
    0x0800f010   0x0800f010   0x00000014   Code   RO         4633    i.vApplicationGetIdleTaskMemory  cmsis_os2.o
    0x0800f024   0x0800f024   0x00000018   Code   RO         4634    i.vApplicationGetTimerTaskMemory  cmsis_os2.o
    0x0800f03c   0x0800f03c   0x00000016   Code   RO         3545    i.vListInitialise   list.o
    0x0800f052   0x0800f052   0x00000006   Code   RO         3546    i.vListInitialiseItem  list.o
    0x0800f058   0x0800f058   0x00000036   Code   RO         3547    i.vListInsert       list.o
    0x0800f08e   0x0800f08e   0x00000018   Code   RO         3548    i.vListInsertEnd    list.o
    0x0800f0a6   0x0800f0a6   0x00000002   PAD
    0x0800f0a8   0x0800f0a8   0x00000040   Code   RO         5144    i.vPortEnterCritical  port.o
    0x0800f0e8   0x0800f0e8   0x0000002c   Code   RO         5145    i.vPortExitCritical  port.o
    0x0800f114   0x0800f114   0x00000064   Code   RO         5088    i.vPortFree         heap_4.o
    0x0800f178   0x0800f178   0x00000024   Code   RO         5146    i.vPortSetupTimerInterrupt  port.o
    0x0800f19c   0x0800f19c   0x00000054   Code   RO         5147    i.vPortValidateInterruptPriority  port.o
    0x0800f1f0   0x0800f1f0   0x00000028   Code   RO         3597    i.vQueueAddToRegistry  queue.o
    0x0800f218   0x0800f218   0x00000032   Code   RO         3598    i.vQueueDelete      queue.o
    0x0800f24a   0x0800f24a   0x00000002   PAD
    0x0800f24c   0x0800f24c   0x00000028   Code   RO         3600    i.vQueueUnregisterQueue  queue.o
    0x0800f274   0x0800f274   0x0000004a   Code   RO         3601    i.vQueueWaitForMessageRestricted  queue.o
    0x0800f2be   0x0800f2be   0x00000002   PAD
    0x0800f2c0   0x0800f2c0   0x00000050   Code   RO         4018    i.vTaskDelay        tasks.o
    0x0800f310   0x0800f310   0x00000010   Code   RO         4023    i.vTaskInternalSetTimeOutState  tasks.o
    0x0800f320   0x0800f320   0x0000000c   Code   RO         4024    i.vTaskMissedYield  tasks.o
    0x0800f32c   0x0800f32c   0x00000034   Code   RO         4026    i.vTaskPlaceOnEventList  tasks.o
    0x0800f360   0x0800f360   0x0000003c   Code   RO         4027    i.vTaskPlaceOnEventListRestricted  tasks.o
    0x0800f39c   0x0800f39c   0x00000094   Code   RO         4029    i.vTaskPriorityDisinheritAfterTimeout  tasks.o
    0x0800f430   0x0800f430   0x00000090   Code   RO         4035    i.vTaskStartScheduler  tasks.o
    0x0800f4c0   0x0800f4c0   0x00000010   Code   RO         4037    i.vTaskSuspendAll   tasks.o
    0x0800f4d0   0x0800f4d0   0x0000006c   Code   RO         4038    i.vTaskSwitchContext  tasks.o
    0x0800f53c   0x0800f53c   0x00000104   Code   RO         5148    i.xPortStartScheduler  port.o
    0x0800f640   0x0800f640   0x0000002c   Code   RO         5149    i.xPortSysTickHandler  port.o
    0x0800f66c   0x0800f66c   0x0000003c   Code   RO         3602    i.xQueueCreateCountingSemaphore  queue.o
    0x0800f6a8   0x0800f6a8   0x00000042   Code   RO         3603    i.xQueueCreateCountingSemaphoreStatic  queue.o
    0x0800f6ea   0x0800f6ea   0x00000018   Code   RO         3604    i.xQueueCreateMutex  queue.o
    0x0800f702   0x0800f702   0x0000001c   Code   RO         3605    i.xQueueCreateMutexStatic  queue.o
    0x0800f71e   0x0800f71e   0x00000044   Code   RO         3606    i.xQueueGenericCreate  queue.o
    0x0800f762   0x0800f762   0x00000070   Code   RO         3607    i.xQueueGenericCreateStatic  queue.o
    0x0800f7d2   0x0800f7d2   0x00000002   PAD
    0x0800f7d4   0x0800f7d4   0x00000090   Code   RO         3608    i.xQueueGenericReset  queue.o
    0x0800f864   0x0800f864   0x00000170   Code   RO         3609    i.xQueueGenericSend  queue.o
    0x0800f9d4   0x0800f9d4   0x000000be   Code   RO         3610    i.xQueueGenericSendFromISR  queue.o
    0x0800fa92   0x0800fa92   0x000000a0   Code   RO         3613    i.xQueueGiveFromISR  queue.o
    0x0800fb32   0x0800fb32   0x00000040   Code   RO         3614    i.xQueueGiveMutexRecursive  queue.o
    0x0800fb72   0x0800fb72   0x00000002   PAD
    0x0800fb74   0x0800fb74   0x00000148   Code   RO         3619    i.xQueueReceive     queue.o
    0x0800fcbc   0x0800fcbc   0x0000009a   Code   RO         3620    i.xQueueReceiveFromISR  queue.o
    0x0800fd56   0x0800fd56   0x00000002   PAD
    0x0800fd58   0x0800fd58   0x00000184   Code   RO         3621    i.xQueueSemaphoreTake  queue.o
    0x0800fedc   0x0800fedc   0x00000042   Code   RO         3622    i.xQueueTakeMutexRecursive  queue.o
    0x0800ff1e   0x0800ff1e   0x00000002   PAD
    0x0800ff20   0x0800ff20   0x00000080   Code   RO         4040    i.xTaskCheckForTimeOut  tasks.o
    0x0800ffa0   0x0800ffa0   0x0000006c   Code   RO         4041    i.xTaskCreate       tasks.o
    0x0801000c   0x0801000c   0x00000060   Code   RO         4042    i.xTaskCreateStatic  tasks.o
    0x0801006c   0x0801006c   0x0000000c   Code   RO         4045    i.xTaskGetCurrentTaskHandle  tasks.o
    0x08010078   0x08010078   0x0000001c   Code   RO         4046    i.xTaskGetSchedulerState  tasks.o
    0x08010094   0x08010094   0x0000000c   Code   RO         4047    i.xTaskGetTickCount  tasks.o
    0x080100a0   0x080100a0   0x00000010   Code   RO         4048    i.xTaskGetTickCountFromISR  tasks.o
    0x080100b0   0x080100b0   0x000000cc   Code   RO         4049    i.xTaskIncrementTick  tasks.o
    0x0801017c   0x0801017c   0x00000080   Code   RO         4052    i.xTaskPriorityDisinherit  tasks.o
    0x080101fc   0x080101fc   0x00000080   Code   RO         4053    i.xTaskPriorityInherit  tasks.o
    0x0801027c   0x0801027c   0x00000078   Code   RO         4054    i.xTaskRemoveFromEventList  tasks.o
    0x080102f4   0x080102f4   0x000000cc   Code   RO         4055    i.xTaskResumeAll    tasks.o
    0x080103c0   0x080103c0   0x00000068   Code   RO         4391    i.xTimerCreateTimerTask  timers.o
    0x08010428   0x08010428   0x00000074   Code   RO         4392    i.xTimerGenericCommand  timers.o
    0x0801049c   0x0801049c   0x0000000a   Code   RO        10067    x$fpl$fpinit        fz_wm.l(fpinit.o)
    0x080104a6   0x080104a6   0x00000002   PAD
    0x080104a8   0x080104a8   0x00000048   Data   RO           22    .constdata          main.o
    0x080104f0   0x080104f0   0x0000000c   Data   RO          453    .constdata          ethernetif.o
    0x080104fc   0x080104fc   0x00000018   Data   RO         3291    .constdata          system_stm32f4xx.o
    0x08010514   0x08010514   0x00000006   Data   RO         5753    .constdata          ethernet.o
    0x0801051a   0x0801051a   0x00000006   Data   RO         5754    .constdata          ethernet.o
    0x08010520   0x08010520   0x0000000c   Data   RO         7455    .constdata          memp.o
    0x0801052c   0x0801052c   0x0000000c   Data   RO         7456    .constdata          memp.o
    0x08010538   0x08010538   0x0000000c   Data   RO         7457    .constdata          memp.o
    0x08010544   0x08010544   0x0000000c   Data   RO         7458    .constdata          memp.o
    0x08010550   0x08010550   0x0000000c   Data   RO         7459    .constdata          memp.o
    0x0801055c   0x0801055c   0x0000000c   Data   RO         7460    .constdata          memp.o
    0x08010568   0x08010568   0x0000000c   Data   RO         7461    .constdata          memp.o
    0x08010574   0x08010574   0x0000000c   Data   RO         7462    .constdata          memp.o
    0x08010580   0x08010580   0x0000000c   Data   RO         7463    .constdata          memp.o
    0x0801058c   0x0801058c   0x0000000c   Data   RO         7464    .constdata          memp.o
    0x08010598   0x08010598   0x0000000c   Data   RO         7465    .constdata          memp.o
    0x080105a4   0x080105a4   0x0000000c   Data   RO         7466    .constdata          memp.o
    0x080105b0   0x080105b0   0x0000000c   Data   RO         7467    .constdata          memp.o
    0x080105bc   0x080105bc   0x00000034   Data   RO         7468    .constdata          memp.o
    0x080105f0   0x080105f0   0x00000054   Data   RO         8117    .constdata          tcp.o
    0x08010644   0x08010644   0x00000018   Data   RO         8661    .constdata          timeouts.o
    0x0801065c   0x0801065c   0x00000004   Data   RO         9133    .constdata          ip4_addr.o
    0x08010660   0x08010660   0x00000004   Data   RO        10070    .constdata          c_w.l(sys_io.o)
    0x08010664   0x08010664   0x00000004   Data   RO        10071    .constdata          c_w.l(sys_io.o)
    0x08010668   0x08010668   0x00000004   Data   RO        10072    .constdata          c_w.l(sys_io.o)
    0x0801066c   0x0801066c   0x00000017   Data   RO           23    .conststring        main.o
    0x08010683   0x08010683   0x00000001   PAD
    0x08010684   0x08010684   0x00000075   Data   RO         8118    .conststring        tcp.o
    0x080106f9   0x080106f9   0x00000003   PAD
    0x080106fc   0x080106fc   0x00000055   Data   RO         8515    .conststring        tcp_out.o
    0x08010751   0x08010751   0x00000003   PAD
    0x08010754   0x08010754   0x00000041   Data   RO         8921    .conststring        etharp.o
    0x08010795   0x08010795   0x00000003   PAD
    0x08010798   0x08010798   0x00000020   Data   RO        10314    Region$$Table       anon$$obj.o


    Execution Region RW_IRAM1 (Exec base: 0x20000000, Load base: 0x080107b8, Size: 0x000125a0, Max: 0x0001c000, ABSOLUTE, COMPRESSED[0x0000002c])

    Exec Addr    Load Addr    Size         Type   Attr      Idx    E Section Name        Object

    0x20000000   COMPRESSED   0x0000000c   Data   RW           24    .data               main.o
    0x2000000c   COMPRESSED   0x00000018   Data   RW          372    .data               lwip.o
    0x20000024   COMPRESSED   0x00000024   Data   RW          454    .data               ethernetif.o
    0x20000048   COMPRESSED   0x00000009   Data   RW         2698    .data               stm32f4xx_hal.o
    0x20000051   COMPRESSED   0x00000003   PAD
    0x20000054   COMPRESSED   0x00000004   Data   RW         3292    .data               system_stm32f4xx.o
    0x20000058   COMPRESSED   0x0000003c   Data   RW         4058    .data               tasks.o
    0x20000094   COMPRESSED   0x00000014   Data   RW         4400    .data               timers.o
    0x200000a8   COMPRESSED   0x00000004   Data   RW         4636    .data               cmsis_os2.o
    0x200000ac   COMPRESSED   0x00000020   Data   RW         5094    .data               heap_4.o
    0x200000cc   COMPRESSED   0x0000000c   Data   RW         5150    .data               port.o
    0x200000d8   COMPRESSED   0x00000010   Data   RW         6967    .data               tcpip.o
    0x200000e8   COMPRESSED   0x00000010   Data   RW         7362    .data               mem.o
    0x200000f8   COMPRESSED   0x00000004   Data   RW         7469    .data               memp.o
    0x200000fc   COMPRESSED   0x00000004   Data   RW         7470    .data               memp.o
    0x20000100   COMPRESSED   0x00000004   Data   RW         7471    .data               memp.o
    0x20000104   COMPRESSED   0x00000004   Data   RW         7472    .data               memp.o
    0x20000108   COMPRESSED   0x00000004   Data   RW         7473    .data               memp.o
    0x2000010c   COMPRESSED   0x00000004   Data   RW         7474    .data               memp.o
    0x20000110   COMPRESSED   0x00000004   Data   RW         7475    .data               memp.o
    0x20000114   COMPRESSED   0x00000004   Data   RW         7476    .data               memp.o
    0x20000118   COMPRESSED   0x00000004   Data   RW         7477    .data               memp.o
    0x2000011c   COMPRESSED   0x00000004   Data   RW         7478    .data               memp.o
    0x20000120   COMPRESSED   0x00000004   Data   RW         7479    .data               memp.o
    0x20000124   COMPRESSED   0x00000004   Data   RW         7480    .data               memp.o
    0x20000128   COMPRESSED   0x00000004   Data   RW         7481    .data               memp.o
    0x2000012c   COMPRESSED   0x0000000c   Data   RW         7605    .data               netif.o
    0x20000138   COMPRESSED   0x00000001   Data   RW         7806    .data               pbuf.o
    0x20000139   COMPRESSED   0x00000003   PAD
    0x2000013c   COMPRESSED   0x00000020   Data   RW         8119    .data               tcp.o
    0x2000015c   COMPRESSED   0x00000024   Data   RW         8414    .data               tcp_in.o
    0x20000180   COMPRESSED   0x0000000c   Data   RW         8663    .data               timeouts.o
    0x2000018c   COMPRESSED   0x00000008   Data   RW         8757    .data               udp.o
    0x20000194   COMPRESSED   0x00000001   Data   RW         8922    .data               etharp.o
    0x20000195   COMPRESSED   0x00000001   PAD
    0x20000196   COMPRESSED   0x00000002   Data   RW         9077    .data               ip4.o
    0x20000198   COMPRESSED   0x00000008   Data   RW         9206    .data               ip4_frag.o
    0x200001a0   COMPRESSED   0x00000004   Data   RW         9483    .data               sys_arch.o
    0x200001a4   COMPRESSED   0x00000004   Data   RW         9970    .data               c_w.l(stdio_streams.o)
    0x200001a8   COMPRESSED   0x00000004   Data   RW         9971    .data               c_w.l(stdio_streams.o)
    0x200001ac   COMPRESSED   0x00000004   Data   RW         9972    .data               c_w.l(stdio_streams.o)
    0x200001b0        -       0x000020b8   Zero   RW           21    .bss                main.o
    0x20002268        -       0x00000058   Zero   RW          371    .bss                lwip.o
    0x200022c0        -       0x00004bcc   Zero   RW          452    .bss                ethernetif.o
    0x20006e8c        -       0x00000048   Zero   RW          709    .bss                stm32f4xx_hal_timebase_tim.o
    0x20006ed4        -       0x00000040   Zero   RW         3623    .bss                queue.o
    0x20006f14        -       0x000004c4   Zero   RW         4057    .bss                tasks.o
    0x200073d8        -       0x00000118   Zero   RW         4399    .bss                timers.o
    0x200074f0        -       0x000006b8   Zero   RW         4635    .bss                cmsis_os2.o
    0x20007ba8        -       0x00003c00   Zero   RW         5093    .bss                heap_4.o
    0x2000b7a8        -       0x00000018   Zero   RW         7328    .bss                ip.o
    0x2000b7c0        -       0x00002813   Zero   RW         7361    .bss                mem.o
    0x2000dfd3        -       0x00000083   Zero   RW         7442    .bss                memp.o
    0x2000e056        -       0x0000030f   Zero   RW         7443    .bss                memp.o
    0x2000e365        -       0x000000e3   Zero   RW         7444    .bss                memp.o
    0x2000e448        -       0x00000103   Zero   RW         7445    .bss                memp.o
    0x2000e54b        -       0x000000a3   Zero   RW         7446    .bss                memp.o
    0x2000e5ee        -       0x0000016b   Zero   RW         7447    .bss                memp.o
    0x2000e759        -       0x00000023   Zero   RW         7448    .bss                memp.o
    0x2000e77c        -       0x000000a3   Zero   RW         7449    .bss                memp.o
    0x2000e81f        -       0x00000083   Zero   RW         7450    .bss                memp.o
    0x2000e8a2        -       0x00000083   Zero   RW         7451    .bss                memp.o
    0x2000e925        -       0x00000033   Zero   RW         7452    .bss                memp.o
    0x2000e958        -       0x00000103   Zero   RW         7453    .bss                memp.o
    0x2000ea5b        -       0x00002603   Zero   RW         7454    .bss                memp.o
    0x2001105e   COMPRESSED   0x00000002   PAD
    0x20011060        -       0x00000010   Zero   RW         8413    .bss                tcp_in.o
    0x20011070        -       0x000000f0   Zero   RW         8920    .bss                etharp.o
    0x20011160        -       0x000000e4   Zero   RW         9918    .bss                c_w.l(rand.o)
    0x20011244        -       0x00000054   Zero   RW         9967    .bss                c_w.l(stdio_streams.o)
    0x20011298        -       0x00000054   Zero   RW         9968    .bss                c_w.l(stdio_streams.o)
    0x200112ec        -       0x00000054   Zero   RW         9969    .bss                c_w.l(stdio_streams.o)
    0x20011340        -       0x00000060   Zero   RW        10026    .bss                c_w.l(libspace.o)
    0x200113a0        -       0x00000200   Zero   RW            2    HEAP                startup_stm32f407xx.o
    0x200115a0        -       0x00001000   Zero   RW            1    STACK               startup_stm32f407xx.o


    Execution Region RW_IRAM2 (Exec base: 0x2001c000, Load base: 0x080107e4, Size: 0x00000000, Max: 0x00004000, ABSOLUTE)

    **** No section assigned to this execution region ****


==============================================================================

Image component sizes


      Code (inc. data)   RO Data    RW Data    ZI Data      Debug   Object Name

         0          0          0          0          0       8015   api_lib.o
         0          0          0          0          0       4791   api_msg.o
         0          0          0          0          0       2304   auth.o
         0          0          0          0          0       6115   bridgeif.o
      1464         46          0          4       1720      78248   cmsis_os2.o
        34          0          0          0          0       1346   def.o
         0          0          0          0          0       2656   err.o
      3072       1188         65          1        240      14823   etharp.o
       420        152         12          0          0       3250   ethernet.o
      1892        252         12         36      19404      26802   ethernetif.o
         0          0          0          0          0      20040   event_groups.o
       504         32          0         32      15360       5739   heap_4.o
       832        348          0          0          0       5422   icmp.o
        34          0          0          0          0      10463   init.o
         0          0          0          0         24       3458   ip.o
      1020        182          0          2          0       6704   ip4.o
        80          0          4          0          0       9446   ip4_addr.o
      3142       1166          0          8          0      14990   ip4_frag.o
       324          0          0          0          0       3354   lan8742.o
       144          0          0          0          0       4298   list.o
       606         58          0         24         88       2416   lwip.o
       756         78         95         12       8376     757895   main.o
      2352       1060          0         16      10259      10281   mem.o
      1054        718        208         52      12427      13912   memp.o
      1846        994          0         12          0      18458   netif.o
      3586       1798          0          1          0      20705   pbuf.o
       814         92          0         12          0      13081   port.o
      2808         34          0          0         64      35168   queue.o
        64         26        392          0       4608        964   startup_stm32f407xx.o
       136         24          0          9          0       9542   stm32f4xx_hal.o
       260         22          0          0          0      34270   stm32f4xx_hal_cortex.o
      3532         64          0          0          0      30627   stm32f4xx_hal_eth.o
       512         46          0          0          0       2468   stm32f4xx_hal_gpio.o
        84          6          0          0          0       1070   stm32f4xx_hal_msp.o
      1856         84          0          0          0       6526   stm32f4xx_hal_rcc.o
       868         76          0          0          0       7778   stm32f4xx_hal_tim.o
         4          0          0          0          0       1953   stm32f4xx_hal_tim_ex.o
       180         20          0          0         72       1807   stm32f4xx_hal_timebase_tim.o
        54         12          0          0          0       4660   stm32f4xx_it.o
         0          0          0          0          0        392   stream_buffer.o
       290         16          0          4          0      14420   sys_arch.o
        20          6         24          4          0       1463   system_stm32f4xx.o
      2524        228          0         60       1220      35658   tasks.o
      6700       3166        201         32          0      40796   tcp.o
      7592       2028          0         36         16      25699   tcp_in.o
      6394       3054         85          0          0      32682   tcp_out.o
      1192        678          0         16          0       9592   tcpip.o
       768        370         24         12          0       8807   timeouts.o
      1088         94          0         20        280      35383   timers.o
       940        356          0          8          0       6922   udp.o

    ----------------------------------------------------------------------
     61908      18574       1164        420      74160    1417659   Object Totals
         0          0         32          0          0          0   (incl. Generated)
        66          0         10          7          2          0   (incl. Padding)

    ----------------------------------------------------------------------

      Code (inc. data)   RO Data    RW Data    ZI Data      Debug   Library Member Name

        90          0          0          0          0          0   __dczerorl2.o
         8          0          0          0          0         68   __main.o
       104          0          0          0          0         84   __printf.o
         0          0          0          0          0          0   __rtentry.o
        12          0          0          0          0          0   __rtentry2.o
         6          0          0          0          0          0   __rtentry4.o
        52          8          0          0          0          0   __scatter.o
        28          0          0          0          0          0   __scatter_zi.o
        44          0          0          0          0        108   _printf_char.o
        48          6          0          0          0         96   _printf_char_common.o
        36          4          0          0          0         80   _printf_char_file.o
         6          0          0          0          0          0   _printf_d.o
       120         16          0          0          0         92   _printf_dec.o
       178          0          0          0          0         88   _printf_intcommon.o
         0          0          0          0          0          0   _printf_percent.o
         4          0          0          0          0          0   _printf_percent_end.o
         6          0          0          0          0          0   _printf_s.o
        82          0          0          0          0         80   _printf_str.o
        16          0          0          0          0         68   aeabi_memset.o
        10          0          0          0          0         68   defsig_exit.o
        50          0          0          0          0         88   defsig_general.o
        80         58          0          0          0         76   defsig_rtmem_inner.o
        14          0          0          0          0         80   defsig_rtmem_outer.o
        52         38          0          0          0         76   defsig_rtred_inner.o
        14          0          0          0          0         80   defsig_rtred_outer.o
        18          0          0          0          0         80   exit.o
        76          0          0          0          0         88   fclose.o
         8          0          0          0          0         68   ferror.o
       470          0          0          0          0         88   flsbuf.o
       236          4          0          0          0        128   fopen.o
        26          0          0          0          0         68   fputc.o
       248          6          0          0          0         84   fseek.o
        66          0          0          0          0         76   ftell.o
        94          0          0          0          0         80   h1_alloc.o
        52          0          0          0          0         68   h1_extend.o
        78          0          0          0          0         80   h1_free.o
        14          0          0          0          0         84   h1_init.o
         6          0          0          0          0        152   heapauxi.o
         4          0          0          0          0        136   hguard.o
         0          0          0          0          0          0   indicate_semi.o
       138          0          0          0          0        168   init_alloc.o
       312         46          0          0          0        112   initio.o
         2          0          0          0          0          0   libinit.o
        22          0          0          0          0          0   libinit2.o
         2          0          0          0          0          0   libshutdown.o
         6          0          0          0          0          0   libshutdown2.o
         8          4          0          0         96         68   libspace.o
       238          0          0          0          0        100   lludivv7m.o
         0          0          0          0          0          0   maybetermalloc1.o
        88          0          0          0          0         76   memcmp.o
        24          4          0          0          0         84   noretval__2printf.o
       112         18          0          0        228        160   rand.o
         8          4          0          0          0         68   rt_errno_addr_intlibspace.o
         8          4          0          0          0         68   rt_heap_descriptor_intlibspace.o
        68          0          0          0          0         68   rt_memclr.o
        78          0          0          0          0         80   rt_memclr_w.o
       138          0          0          0          0         68   rt_memcpy_v6.o
       100          0          0          0          0         80   rt_memcpy_w.o
         2          0          0          0          0          0   rtexit.o
        10          0          0          0          0          0   rtexit2.o
        70          0          0          0          0         80   setvbuf.o
       240          6          0          0          0        156   stdio.o
         0          0          0         12        252          0   stdio_streams.o
        62          0          0          0          0         76   strlen.o
        12          4          0          0          0         68   sys_exit.o
       102          0         12          0          0        240   sys_io.o
        74          0          0          0          0         80   sys_stackheap_outer.o
        14          0          0          0          0         76   sys_wrch.o
         2          0          0          0          0         68   use_no_semi.o
        10          0          0          0          0        116   fpinit.o

    ----------------------------------------------------------------------
      4428        230         12         12        576       4672   Library Totals
        22          0          0          0          0          0   (incl. Padding)

    ----------------------------------------------------------------------

      Code (inc. data)   RO Data    RW Data    ZI Data      Debug   Library Name

      4396        230         12         12        576       4556   c_w.l
        10          0          0          0          0        116   fz_wm.l

    ----------------------------------------------------------------------
      4428        230         12         12        576       4672   Library Totals

    ----------------------------------------------------------------------

==============================================================================


      Code (inc. data)   RO Data    RW Data    ZI Data      Debug   

     66336      18804       1176        432      74736    1382035   Grand Totals
     66336      18804       1176         44      74736    1382035   ELF Image Totals (compressed)
     66336      18804       1176         44          0          0   ROM Totals

==============================================================================

    Total RO  Size (Code + RO Data)                67512 (  65.93kB)
    Total RW  Size (RW Data + ZI Data)             75168 (  73.41kB)
    Total ROM Size (Code + RO Data + RW Data)      67556 (  65.97kB)

==============================================================================

