Component: ARM Compiler 5.06 update 6 (build 750) Tool: armlink [4d35ed]

==============================================================================

Section Cross References

    startup_stm32f407xx.o(STACK) refers (Special) to heapauxi.o(.text) for __use_two_region_memory
    startup_stm32f407xx.o(HEAP) refers (Special) to heapauxi.o(.text) for __use_two_region_memory
    startup_stm32f407xx.o(RESET) refers (Special) to heapauxi.o(.text) for __use_two_region_memory
    startup_stm32f407xx.o(RESET) refers to startup_stm32f407xx.o(STACK) for __initial_sp
    startup_stm32f407xx.o(RESET) refers to startup_stm32f407xx.o(.text) for Reset_Handler
    startup_stm32f407xx.o(RESET) refers to stm32f4xx_it.o(i.NMI_Handler) for NMI_Handler
    startup_stm32f407xx.o(RESET) refers to stm32f4xx_it.o(i.HardFault_Handler) for HardFault_Handler
    startup_stm32f407xx.o(RESET) refers to stm32f4xx_it.o(i.MemManage_Handler) for MemManage_Handler
    startup_stm32f407xx.o(RESET) refers to stm32f4xx_it.o(i.BusFault_Handler) for BusFault_Handler
    startup_stm32f407xx.o(RESET) refers to stm32f4xx_it.o(i.UsageFault_Handler) for UsageFault_Handler
    startup_stm32f407xx.o(RESET) refers to port.o(.emb_text) for SVC_Handler
    startup_stm32f407xx.o(RESET) refers to stm32f4xx_it.o(i.DebugMon_Handler) for DebugMon_Handler
    startup_stm32f407xx.o(RESET) refers to port.o(i.SysTick_Handler) for SysTick_Handler
    startup_stm32f407xx.o(RESET) refers to stm32f4xx_it.o(i.USART3_IRQHandler) for USART3_IRQHandler
    startup_stm32f407xx.o(RESET) refers to stm32f4xx_it.o(i.TIM8_TRG_COM_TIM14_IRQHandler) for TIM8_TRG_COM_TIM14_IRQHandler
    startup_stm32f407xx.o(RESET) refers to stm32f4xx_it.o(i.TIM7_IRQHandler) for TIM7_IRQHandler
    startup_stm32f407xx.o(.text) refers (Special) to heapauxi.o(.text) for __use_two_region_memory
    startup_stm32f407xx.o(.text) refers to system_stm32f4xx.o(i.SystemInit) for SystemInit
    startup_stm32f407xx.o(.text) refers to __main.o(!!!main) for __main
    startup_stm32f407xx.o(.text) refers to startup_stm32f407xx.o(HEAP) for Heap_Mem
    startup_stm32f407xx.o(.text) refers to startup_stm32f407xx.o(STACK) for Stack_Mem
    app_digital_input.o(i.AppDigitalInput_1msTask) refers to stm32f4xx_hal_gpio.o(i.HAL_GPIO_ReadPin) for HAL_GPIO_ReadPin
    app_digital_input.o(i.AppDigitalInput_1msTask) refers to app_digital_input.o(i.DigitalIntegralFilter) for DigitalIntegralFilter
    app_digital_input.o(i.AppDigitalInput_1msTask) refers to app_digital_input.o(i.BothEdgeTriggerDetection) for BothEdgeTriggerDetection
    app_digital_input.o(i.AppDigitalInput_1msTask) refers to app_digital_input.o(.data) for DigitalInputs
    app_digital_input.o(i.AppDigitalInput_Check) refers to app_digital_input.o(i.AppDigitalInput_IsValidId) for AppDigitalInput_IsValidId
    app_digital_input.o(i.AppDigitalInput_Check) refers to app_digital_input.o(.data) for DigitalInputs
    app_digital_input.o(i.AppDigitalInput_GetFiltered) refers to app_digital_input.o(i.AppDigitalInput_IsValidId) for AppDigitalInput_IsValidId
    app_digital_input.o(i.AppDigitalInput_GetFiltered) refers to app_digital_input.o(.data) for DigitalInputs
    app_digital_input.o(i.AppDigitalInput_GetRaw) refers to app_digital_input.o(i.AppDigitalInput_IsValidId) for AppDigitalInput_IsValidId
    app_digital_input.o(i.AppDigitalInput_GetRaw) refers to app_digital_input.o(.data) for DigitalInputs
    app_digital_input.o(i.AppDigitalInput_Init) refers to stm32f4xx_hal_gpio.o(i.HAL_GPIO_ReadPin) for HAL_GPIO_ReadPin
    app_digital_input.o(i.AppDigitalInput_Init) refers to app_digital_input.o(.data) for DigitalInputs
    app_digital_input.o(i.AppDigitalInput_SetDebounce) refers to app_digital_input.o(i.AppDigitalInput_IsValidId) for AppDigitalInput_IsValidId
    app_digital_input.o(i.AppDigitalInput_SetDebounce) refers to app_digital_input.o(.data) for DigitalInputs
    app_digital_input.o(i.AppDigitalInput_TurnedOffEvent) refers to app_digital_input.o(i.AppDigitalInput_IsValidId) for AppDigitalInput_IsValidId
    app_digital_input.o(i.AppDigitalInput_TurnedOffEvent) refers to app_digital_input.o(.data) for DigitalInputs
    app_digital_input.o(i.AppDigitalInput_TurnedOnEvent) refers to app_digital_input.o(i.AppDigitalInput_IsValidId) for AppDigitalInput_IsValidId
    app_digital_input.o(i.AppDigitalInput_TurnedOnEvent) refers to app_digital_input.o(.data) for DigitalInputs
    app_rs485.o(i.AppRs485_AddCrcAndSend) refers to app_rs485.o(i.AppRs485_Crc16) for AppRs485_Crc16
    app_rs485.o(i.AppRs485_AddCrcAndSend) refers to app_rs485.o(i.AppRs485_Send) for AppRs485_Send
    app_rs485.o(i.AppRs485_AddCrcAndSend) refers to app_rs485.o(.bss) for s_tx_buf
    app_rs485.o(i.AppRs485_GetReg) refers to app_rs485.o(.bss) for s_regbank
    app_rs485.o(i.AppRs485_GetRegBank) refers to app_rs485.o(.bss) for s_regbank
    app_rs485.o(i.AppRs485_HandleReadBits) refers to rt_memclr.o(.text) for __aeabi_memclr
[...]
    .data                                    0x20000000   Section      100  app_digital_input.o(.data)
    DigitalInputs                            0x20000000   Data         100  app_digital_input.o(.data)
    .data                                    0x20000064   Section       20  app_rs485.o(.data)
    s_rx_byte                                0x20000064   Data           1  app_rs485.o(.data)
    s_rx_state                               0x20000065   Data           1  app_rs485.o(.data)
    s_rx_cmd                                 0x20000066   Data           1  app_rs485.o(.data)
    s_input_data                             0x20000067   Data           8  app_rs485.o(.data)
    s_valid_data                             0x2000006f   Data           8  app_rs485.o(.data)
    s_frame_ready                            0x20000077   Data           1  app_rs485.o(.data)
    .data                                    0x20000078   Section      160  main.o(.data)
    tim7_1ms_div                             0x2000010c   Data           1  main.o(.data)
    time_prev_10s                            0x20000114   Data           4  main.o(.data)
    .data                                    0x20000118   Section       13  app_i2cvsesp32.o(.data)
    s_hi2c                                   0x20000118   Data           4  app_i2cvsesp32.o(.data)
    s_slave_addr_7bit                        0x2000011c   Data           2  app_i2cvsesp32.o(.data)
    s_timeout_ms                             0x20000120   Data           4  app_i2cvsesp32.o(.data)
    s_frame_counter                          0x20000124   Data           1  app_i2cvsesp32.o(.data)
    .data                                    0x20000126   Section        2  app_weconhmi.o(.data)
    s_init_value_count                       0x20000126   Data           2  app_weconhmi.o(.data)
    .data                                    0x20000128   Section       32  stm32f4xx_hal_flash.o(.data)
    .data                                    0x20000148   Section        9  stm32f4xx_hal.o(.data)
    .data                                    0x20000154   Section        4  system_stm32f4xx.o(.data)
    .data                                    0x20000158   Section       60  tasks.o(.data)
    pxDelayedTaskList                        0x2000015c   Data           4  tasks.o(.data)
    pxOverflowDelayedTaskList                0x20000160   Data           4  tasks.o(.data)
    uxDeletedTasksWaitingCleanUp             0x20000164   Data           4  tasks.o(.data)
    uxCurrentNumberOfTasks                   0x20000168   Data           4  tasks.o(.data)
    xTickCount                               0x2000016c   Data           4  tasks.o(.data)
    uxTopReadyPriority                       0x20000170   Data           4  tasks.o(.data)
    xSchedulerRunning                        0x20000174   Data           4  tasks.o(.data)
    xPendedTicks                             0x20000178   Data           4  tasks.o(.data)
    xYieldPending                            0x2000017c   Data           4  tasks.o(.data)
    xNumOfOverflows                          0x20000180   Data           4  tasks.o(.data)
    uxTaskNumber                             0x20000184   Data           4  tasks.o(.data)
    xNextTaskUnblockTime                     0x20000188   Data           4  tasks.o(.data)
    xIdleTaskHandle                          0x2000018c   Data           4  tasks.o(.data)
    uxSchedulerSuspended                     0x20000190   Data           4  tasks.o(.data)
    .data                                    0x20000194   Section       32  heap_4.o(.data)
    xStart                                   0x20000194   Data           8  heap_4.o(.data)
    pxEnd                                    0x2000019c   Data           4  heap_4.o(.data)
    xFreeBytesRemaining                      0x200001a0   Data           4  heap_4.o(.data)
    xMinimumEverFreeBytesRemaining           0x200001a4   Data           4  heap_4.o(.data)
    xNumberOfSuccessfulAllocations           0x200001a8   Data           4  heap_4.o(.data)
    xNumberOfSuccessfulFrees                 0x200001ac   Data           4  heap_4.o(.data)
    xBlockAllocatedBit                       0x200001b0   Data           4  heap_4.o(.data)
    .data                                    0x200001b4   Section       12  port.o(.data)
    uxCriticalNesting                        0x200001b4   Data           4  port.o(.data)
    ucMaxSysCallPriority                     0x200001b8   Data           1  port.o(.data)
    ulMaxPRIGROUPValue                       0x200001bc   Data           4  port.o(.data)
    .bss                                     0x200001c0   Section     2308  app_rs485.o(.bss)
    s_cfg                                    0x200001c0   Data          12  app_rs485.o(.bss)
    s_regbank                                0x200001cc   Data        2040  app_rs485.o(.bss)
    s_tx_buf                                 0x200009c4   Data         256  app_rs485.o(.bss)
    .bss                                     0x20000ac4   Section      384  main.o(.bss)
    .bss                                     0x20000c44   Section      596  freertos.o(.bss)
    xIdleTaskTCBBuffer                       0x20000c44   Data          84  freertos.o(.bss)
    xIdleStack                               0x20000c98   Data         512  freertos.o(.bss)
    .bss                                     0x20000e98   Section       72  stm32f4xx_hal_timebase_tim.o(.bss)
    .bss                                     0x20000ee0   Section       50  app_i2cvsesp32.o(.bss)
    s_tx_realtime_frame                      0x20000ee0   Data          17  app_i2cvsesp32.o(.bss)
    s_tx_normal_frame                        0x20000ef1   Data          17  app_i2cvsesp32.o(.bss)
    s_tx_peak_frame                          0x20000f02   Data          16  app_i2cvsesp32.o(.bss)
    .bss                                     0x20000f14   Section      240  tasks.o(.bss)
    pxReadyTasksLists                        0x20000f14   Data         140  tasks.o(.bss)
    xDelayedTaskList1                        0x20000fa0   Data          20  tasks.o(.bss)
    xDelayedTaskList2                        0x20000fb4   Data          20  tasks.o(.bss)
    xPendingReadyList                        0x20000fc8   Data          20  tasks.o(.bss)
    xTasksWaitingTermination                 0x20000fdc   Data          20  tasks.o(.bss)
    xSuspendedTaskList                       0x20000ff0   Data          20  tasks.o(.bss)
    .bss                                     0x20001004   Section    15360  heap_4.o(.bss)
    ucHeap                                   0x20001004   Data       15360  heap_4.o(.bss)
    .bss                                     0x20004c04   Section       96  libspace.o(.bss)
    HEAP                                     0x20004c68   Section      512  startup_stm32f407xx.o(HEAP)
    Heap_Mem                                 0x20004c68   Data         512  startup_stm32f407xx.o(HEAP)
    STACK                                    0x20004e68   Section     4096  startup_stm32f407xx.o(STACK)
    Stack_Mem                                0x20004e68   Data        4096  startup_stm32f407xx.o(STACK)
    __initial_sp                             0x20005e68   Data           0  startup_stm32f407xx.o(STACK)

    Global Symbols

    Symbol Name                              Value     Ov Type        Size  Object(Section)

    BuildAttributes$$THM_ISAv4$E$P$D$K$B$S$7EM$VFPi3$EXTD16$VFPS$VFMA$PE$A:L22UL41UL21$X:L11$S22US41US21$IEEE1$IW$USESV6$~STKCKD$USESV7$~SHL$OSPACE$ROPI$EBA8$UX$STANDARDLIB$REQ8$PRES8$EABIv2 0x00000000   Number         0  anon$$obj.o ABSOLUTE
    __ARM_use_no_argv                        0x00000000   Number         0  main.o ABSOLUTE
    __ARM_exceptions_init                     - Undefined Weak Reference
    __alloca_initialize                       - Undefined Weak Reference
    __arm_preinit_                            - Undefined Weak Reference
    __cpp_initialize__aeabi_                  - Undefined Weak Reference
    __cxa_finalize                            - Undefined Weak Reference
    __rt_locale                               - Undefined Weak Reference
    __sigvec_lookup                           - Undefined Weak Reference
    _atexit_init                              - Undefined Weak Reference
    _call_atexit_fns                          - Undefined Weak Reference
    _clock_init                               - Undefined Weak Reference
    _fp_trap_init                             - Undefined Weak Reference
    _fp_trap_shutdown                         - Undefined Weak Reference
    _get_lc_collate                           - Undefined Weak Reference
    _get_lc_ctype                             - Undefined Weak Reference
    _get_lc_monetary                          - Undefined Weak Reference
    _get_lc_numeric                           - Undefined Weak Reference
    _get_lc_time                              - Undefined Weak Reference
    _getenv_init                              - Undefined Weak Reference
    _handle_redirection                       - Undefined Weak Reference
    _init_alloc                               - Undefined Weak Reference
    _init_user_alloc                          - Undefined Weak Reference
    _initio                                   - Undefined Weak Reference
    _rand_init                                - Undefined Weak Reference
    _signal_finish                            - Undefined Weak Reference
    _signal_init                              - Undefined Weak Reference
    _terminate_alloc                          - Undefined Weak Reference
    _terminate_user_alloc                     - Undefined Weak Reference
    _terminateio                              - Undefined Weak Reference
    __Vectors_Size                           0x00000188   Number         0  startup_stm32f407xx.o ABSOLUTE
    __Vectors                                0x08000000   Data           4  startup_stm32f407xx.o(RESET)
    __Vectors_End                            0x08000188   Data           0  startup_stm32f407xx.o(RESET)
    __main                                   0x08000189   Thumb Code     8  __main.o(!!!main)
    __scatterload                            0x08000191   Thumb Code     0  __scatter.o(!!!scatter)
    __scatterload_rt2                        0x08000191   Thumb Code    44  __scatter.o(!!!scatter)
    __scatterload_rt2_thumb_only             0x08000191   Thumb Code     0  __scatter.o(!!!scatter)
    __scatterload_null                       0x0800019f   Thumb Code     0  __scatter.o(!!!scatter)
    __decompress                             0x080001c5   Thumb Code    90  __dczerorl2.o(!!dczerorl2)
    __decompress1                            0x080001c5   Thumb Code     0  __dczerorl2.o(!!dczerorl2)
    __scatterload_zeroinit                   0x08000221   Thumb Code    28  __scatter_zi.o(!!handler_zi)
    __rt_lib_init                            0x0800023d   Thumb Code     0  libinit.o(.ARM.Collect$$libinit$$00000000)
    __rt_lib_init_fp_1                       0x0800023f   Thumb Code     0  libinit2.o(.ARM.Collect$$libinit$$00000001)
    __rt_lib_init_alloca_1                   0x08000243   Thumb Code     0  libinit2.o(.ARM.Collect$$libinit$$0000002E)
    __rt_lib_init_argv_1                     0x08000243   Thumb Code     0  libinit2.o(.ARM.Collect$$libinit$$0000002C)
    __rt_lib_init_atexit_1                   0x08000243   Thumb Code     0  libinit2.o(.ARM.Collect$$libinit$$0000001B)
    __rt_lib_init_clock_1                    0x08000243   Thumb Code     0  libinit2.o(.ARM.Collect$$libinit$$00000021)
    __rt_lib_init_cpp_1                      0x08000243   Thumb Code     0  libinit2.o(.ARM.Collect$$libinit$$00000032)
    __rt_lib_init_exceptions_1               0x08000243   Thumb Code     0  libinit2.o(.ARM.Collect$$libinit$$00000030)
    __rt_lib_init_fp_trap_1                  0x08000243   Thumb Code     0  libinit2.o(.ARM.Collect$$libinit$$0000001F)
    __rt_lib_init_getenv_1                   0x08000243   Thumb Code     0  libinit2.o(.ARM.Collect$$libinit$$00000023)
    __rt_lib_init_heap_1                     0x08000243   Thumb Code     0  libinit2.o(.ARM.Collect$$libinit$$0000000A)
    __rt_lib_init_lc_collate_1               0x08000243   Thumb Code     0  libinit2.o(.ARM.Collect$$libinit$$00000011)
    __rt_lib_init_lc_ctype_1                 0x08000243   Thumb Code     0  libinit2.o(.ARM.Collect$$libinit$$00000013)
    __rt_lib_init_lc_monetary_1              0x08000243   Thumb Code     0  libinit2.o(.ARM.Collect$$libinit$$00000015)
    __rt_lib_init_lc_numeric_1               0x08000243   Thumb Code     0  libinit2.o(.ARM.Collect$$libinit$$00000017)
    __rt_lib_init_lc_time_1                  0x08000243   Thumb Code     0  libinit2.o(.ARM.Collect$$libinit$$00000019)
    __rt_lib_init_preinit_1                  0x08000243   Thumb Code     0  libinit2.o(.ARM.Collect$$libinit$$00000004)
    __rt_lib_init_rand_1                     0x08000243   Thumb Code     0  libinit2.o(.ARM.Collect$$libinit$$0000000E)
    __rt_lib_init_return                     0x08000243   Thumb Code     0  libinit2.o(.ARM.Collect$$libinit$$00000033)
    __rt_lib_init_signal_1                   0x08000243   Thumb Code     0  libinit2.o(.ARM.Collect$$libinit$$0000001D)
    __rt_lib_init_stdio_1                    0x08000243   Thumb Code     0  libinit2.o(.ARM.Collect$$libinit$$00000025)
    __rt_lib_init_user_alloc_1               0x08000243   Thumb Code     0  libinit2.o(.ARM.Collect$$libinit$$0000000C)
    __rt_lib_shutdown                        0x08000245   Thumb Code     0  libshutdown.o(.ARM.Collect$$libshutdown$$00000000)
    __rt_lib_shutdown_cpp_1                  0x08000247   Thumb Code     0  libshutdown2.o(.ARM.Collect$$libshutdown$$00000002)
    __rt_lib_shutdown_fp_trap_1              0x08000247   Thumb Code     0  libshutdown2.o(.ARM.Collect$$libshutdown$$00000007)
    __rt_lib_shutdown_heap_1                 0x08000247   Thumb Code     0  libshutdown2.o(.ARM.Collect$$libshutdown$$0000000F)
    __rt_lib_shutdown_return                 0x08000247   Thumb Code     0  libshutdown2.o(.ARM.Collect$$libshutdown$$00000010)
    __rt_lib_shutdown_signal_1               0x08000247   Thumb Code     0  libshutdown2.o(.ARM.Collect$$libshutdown$$0000000A)
    __rt_lib_shutdown_stdio_1                0x08000247   Thumb Code     0  libshutdown2.o(.ARM.Collect$$libshutdown$$00000004)
    __rt_lib_shutdown_user_alloc_1           0x08000247   Thumb Code     0  libshutdown2.o(.ARM.Collect$$libshutdown$$0000000C)
    __rt_entry                               0x08000249   Thumb Code     0  __rtentry.o(.ARM.Collect$$rtentry$$00000000)
    __rt_entry_presh_1                       0x08000249   Thumb Code     0  __rtentry2.o(.ARM.Collect$$rtentry$$00000002)
    __rt_entry_sh                            0x08000249   Thumb Code     0  __rtentry4.o(.ARM.Collect$$rtentry$$00000004)
    __rt_entry_li                            0x0800024f   Thumb Code     0  __rtentry2.o(.ARM.Collect$$rtentry$$0000000A)
    __rt_entry_postsh_1                      0x0800024f   Thumb Code     0  __rtentry2.o(.ARM.Collect$$rtentry$$00000009)
    __rt_entry_main                          0x08000253   Thumb Code     0  __rtentry2.o(.ARM.Collect$$rtentry$$0000000D)
    __rt_entry_postli_1                      0x08000253   Thumb Code     0  __rtentry2.o(.ARM.Collect$$rtentry$$0000000C)
    __rt_exit                                0x0800025b   Thumb Code     0  rtexit.o(.ARM.Collect$$rtexit$$00000000)
    __rt_exit_ls                             0x0800025d   Thumb Code     0  rtexit2.o(.ARM.Collect$$rtexit$$00000003)
    __rt_exit_prels_1                        0x0800025d   Thumb Code     0  rtexit2.o(.ARM.Collect$$rtexit$$00000002)
    __rt_exit_exit                           0x08000261   Thumb Code     0  rtexit2.o(.ARM.Collect$$rtexit$$00000004)
    SVC_Handler                              0x08000269   Thumb Code    28  port.o(.emb_text)
    __asm___6_port_c_39a90d8d__prvStartFirstTask 0x08000289   Thumb Code    36  port.o(.emb_text)
    __asm___6_port_c_39a90d8d__prvEnableVFP  0x080002b1   Thumb Code    16  port.o(.emb_text)
    PendSV_Handler                           0x080002c5   Thumb Code    88  port.o(.emb_text)
    vPortGetIPSR                             0x08000321   Thumb Code     6  port.o(.emb_text)
    Reset_Handler                            0x08000329   Thumb Code     8  startup_stm32f407xx.o(.text)
    ADC_IRQHandler                           0x08000343   Thumb Code     0  startup_stm32f407xx.o(.text)
    CAN1_RX0_IRQHandler                      0x08000343   Thumb Code     0  startup_stm32f407xx.o(.text)
    CAN1_RX1_IRQHandler                      0x08000343   Thumb Code     0  startup_stm32f407xx.o(.text)
    CAN1_SCE_IRQHandler                      0x08000343   Thumb Code     0  startup_stm32f407xx.o(.text)
    CAN1_TX_IRQHandler                       0x08000343   Thumb Code     0  startup_stm32f407xx.o(.text)
    CAN2_RX0_IRQHandler                      0x08000343   Thumb Code     0  startup_stm32f407xx.o(.text)
    CAN2_RX1_IRQHandler                      0x08000343   Thumb Code     0  startup_stm32f407xx.o(.text)
    CAN2_SCE_IRQHandler                      0x08000343   Thumb Code     0  startup_stm32f407xx.o(.text)
    CAN2_TX_IRQHandler                       0x08000343   Thumb Code     0  startup_stm32f407xx.o(.text)
    DCMI_IRQHandler                          0x08000343   Thumb Code     0  startup_stm32f407xx.o(.text)
    DMA1_Stream0_IRQHandler                  0x08000343   Thumb Code     0  startup_stm32f407xx.o(.text)
    DMA1_Stream1_IRQHandler                  0x08000343   Thumb Code     0  startup_stm32f407xx.o(.text)
    DMA1_Stream2_IRQHandler                  0x08000343   Thumb Code     0  startup_stm32f407xx.o(.text)
    DMA1_Stream3_IRQHandler                  0x08000343   Thumb Code     0  startup_stm32f407xx.o(.text)
    DMA1_Stream4_IRQHandler                  0x08000343   Thumb Code     0  startup_stm32f407xx.o(.text)
    DMA1_Stream5_IRQHandler                  0x08000343   Thumb Code     0  startup_stm32f407xx.o(.text)
    DMA1_Stream6_IRQHandler                  0x08000343   Thumb Code     0  startup_stm32f407xx.o(.text)
    DMA1_Stream7_IRQHandler                  0x08000343   Thumb Code     0  startup_stm32f407xx.o(.text)
    DMA2_Stream0_IRQHandler                  0x08000343   Thumb Code     0  startup_stm32f407xx.o(.text)
    DMA2_Stream1_IRQHandler                  0x08000343   Thumb Code     0  startup_stm32f407xx.o(.text)
    DMA2_Stream2_IRQHandler                  0x08000343   Thumb Code     0  startup_stm32f407xx.o(.text)
    DMA2_Stream3_IRQHandler                  0x08000343   Thumb Code     0  startup_stm32f407xx.o(.text)
    DMA2_Stream4_IRQHandler                  0x08000343   Thumb Code     0  startup_stm32f407xx.o(.text)
    DMA2_Stream5_IRQHandler                  0x08000343   Thumb Code     0  startup_stm32f407xx.o(.text)
    DMA2_Stream6_IRQHandler                  0x08000343   Thumb Code     0  startup_stm32f407xx.o(.text)
    DMA2_Stream7_IRQHandler                  0x08000343   Thumb Code     0  startup_stm32f407xx.o(.text)
    ETH_IRQHandler                           0x08000343   Thumb Code     0  startup_stm32f407xx.o(.text)
    ETH_WKUP_IRQHandler                      0x08000343   Thumb Code     0  startup_stm32f407xx.o(.text)
    EXTI0_IRQHandler                         0x08000343   Thumb Code     0  startup_stm32f407xx.o(.text)
    EXTI15_10_IRQHandler                     0x08000343   Thumb Code     0  startup_stm32f407xx.o(.text)
    EXTI1_IRQHandler                         0x08000343   Thumb Code     0  startup_stm32f407xx.o(.text)
    EXTI2_IRQHandler                         0x08000343   Thumb Code     0  startup_stm32f407xx.o(.text)
    EXTI3_IRQHandler                         0x08000343   Thumb Code     0  startup_stm32f407xx.o(.text)
    EXTI4_IRQHandler                         0x08000343   Thumb Code     0  startup_stm32f407xx.o(.text)
    EXTI9_5_IRQHandler                       0x08000343   Thumb Code     0  startup_stm32f407xx.o(.text)
    FLASH_IRQHandler                         0x08000343   Thumb Code     0  startup_stm32f407xx.o(.text)
    FMC_IRQHandler                           0x08000343   Thumb Code     0  startup_stm32f407xx.o(.text)
    FPU_IRQHandler                           0x08000343   Thumb Code     0  startup_stm32f407xx.o(.text)
    HASH_RNG_IRQHandler                      0x08000343   Thumb Code     0  startup_stm32f407xx.o(.text)
    I2C1_ER_IRQHandler                       0x08000343   Thumb Code     0  startup_stm32f407xx.o(.text)
    I2C1_EV_IRQHandler                       0x08000343   Thumb Code     0  startup_stm32f407xx.o(.text)
    I2C2_ER_IRQHandler                       0x08000343   Thumb Code     0  startup_stm32f407xx.o(.text)
    I2C2_EV_IRQHandler                       0x08000343   Thumb Code     0  startup_stm32f407xx.o(.text)
    I2C3_ER_IRQHandler                       0x08000343   Thumb Code     0  startup_stm32f407xx.o(.text)
    I2C3_EV_IRQHandler                       0x08000343   Thumb Code     0  startup_stm32f407xx.o(.text)
    OTG_FS_IRQHandler                        0x08000343   Thumb Code     0  startup_stm32f407xx.o(.text)
    OTG_FS_WKUP_IRQHandler                   0x08000343   Thumb Code     0  startup_stm32f407xx.o(.text)
    OTG_HS_EP1_IN_IRQHandler                 0x08000343   Thumb Code     0  startup_stm32f407xx.o(.text)
    OTG_HS_EP1_OUT_IRQHandler                0x08000343   Thumb Code     0  startup_stm32f407xx.o(.text)
    OTG_HS_IRQHandler                        0x08000343   Thumb Code     0  startup_stm32f407xx.o(.text)
    OTG_HS_WKUP_IRQHandler                   0x08000343   Thumb Code     0  startup_stm32f407xx.o(.text)
    PVD_IRQHandler                           0x08000343   Thumb Code     0  startup_stm32f407xx.o(.text)
    RCC_IRQHandler                           0x08000343   Thumb Code     0  startup_stm32f407xx.o(.text)
    RTC_Alarm_IRQHandler                     0x08000343   Thumb Code     0  startup_stm32f407xx.o(.text)
    RTC_WKUP_IRQHandler                      0x08000343   Thumb Code     0  startup_stm32f407xx.o(.text)
    SDIO_IRQHandler                          0x08000343   Thumb Code     0  startup_stm32f407xx.o(.text)
    SPI1_IRQHandler                          0x08000343   Thumb Code     0  startup_stm32f407xx.o(.text)
    SPI2_IRQHandler                          0x08000343   Thumb Code     0  startup_stm32f407xx.o(.text)
    SPI3_IRQHandler                          0x08000343   Thumb Code     0  startup_stm32f407xx.o(.text)
    TAMP_STAMP_IRQHandler                    0x08000343   Thumb Code     0  startup_stm32f407xx.o(.text)
    TIM1_BRK_TIM9_IRQHandler                 0x08000343   Thumb Code     0  startup_stm32f407xx.o(.text)
    TIM1_CC_IRQHandler                       0x08000343   Thumb Code     0  startup_stm32f407xx.o(.text)
    TIM1_TRG_COM_TIM11_IRQHandler            0x08000343   Thumb Code     0  startup_stm32f407xx.o(.text)
    TIM1_UP_TIM10_IRQHandler                 0x08000343   Thumb Code     0  startup_stm32f407xx.o(.text)
    TIM2_IRQHandler                          0x08000343   Thumb Code     0  startup_stm32f407xx.o(.text)
    TIM3_IRQHandler                          0x08000343   Thumb Code     0  startup_stm32f407xx.o(.text)
    TIM4_IRQHandler                          0x08000343   Thumb Code     0  startup_stm32f407xx.o(.text)
    TIM5_IRQHandler                          0x08000343   Thumb Code     0  startup_stm32f407xx.o(.text)
    TIM6_DAC_IRQHandler                      0x08000343   Thumb Code     0  startup_stm32f407xx.o(.text)
    TIM8_BRK_TIM12_IRQHandler                0x08000343   Thumb Code     0  startup_stm32f407xx.o(.text)
    TIM8_CC_IRQHandler                       0x08000343   Thumb Code     0  startup_stm32f407xx.o(.text)
    TIM8_UP_TIM13_IRQHandler                 0x08000343   Thumb Code     0  startup_stm32f407xx.o(.text)
    UART4_IRQHandler                         0x08000343   Thumb Code     0  startup_stm32f407xx.o(.text)
    UART5_IRQHandler                         0x08000343   Thumb Code     0  startup_stm32f407xx.o(.text)
    USART1_IRQHandler                        0x08000343   Thumb Code     0  startup_stm32f407xx.o(.text)
    USART2_IRQHandler                        0x08000343   Thumb Code     0  startup_stm32f407xx.o(.text)
    USART6_IRQHandler                        0x08000343   Thumb Code     0  startup_stm32f407xx.o(.text)
    WWDG_IRQHandler                          0x08000343   Thumb Code     0  startup_stm32f407xx.o(.text)
    __user_initial_stackheap                 0x08000345   Thumb Code     0  startup_stm32f407xx.o(.text)
    __aeabi_uldivmod                         0x08000369   Thumb Code     0  lludivv7m.o(.text)
    _ll_udiv                                 0x08000369   Thumb Code   238  lludivv7m.o(.text)
    __aeabi_memcpy4                          0x08000457   Thumb Code     0  rt_memcpy_w.o(.text)
    __aeabi_memcpy8                          0x08000457   Thumb Code     0  rt_memcpy_w.o(.text)
    __rt_memcpy_w                            0x08000457   Thumb Code   100  rt_memcpy_w.o(.text)
    _memcpy_lastbytes_aligned                0x0800049f   Thumb Code     0  rt_memcpy_w.o(.text)
    __aeabi_memclr                           0x080004bb   Thumb Code     0  rt_memclr.o(.text)
    __rt_memclr                              0x080004bb   Thumb Code    68  rt_memclr.o(.text)
    _memset                                  0x080004bf   Thumb Code     0  rt_memclr.o(.text)
    __aeabi_memclr4                          0x080004ff   Thumb Code     0  rt_memclr_w.o(.text)
    __aeabi_memclr8                          0x080004ff   Thumb Code     0  rt_memclr_w.o(.text)
    __rt_memclr_w                            0x080004ff   Thumb Code    78  rt_memclr_w.o(.text)
    _memset_w                                0x08000503   Thumb Code     0  rt_memclr_w.o(.text)
    __use_two_region_memory                  0x0800054d   Thumb Code     2  heapauxi.o(.text)
    __rt_heap_escrow$2region                 0x0800054f   Thumb Code     2  heapauxi.o(.text)
    __rt_heap_expand$2region                 0x08000551   Thumb Code     2  heapauxi.o(.text)
    __user_setup_stackheap                   0x08000553   Thumb Code    74  sys_stackheap_outer.o(.text)
    exit                                     0x0800059d   Thumb Code    18  exit.o(.text)
    __user_libspace                          0x080005b1   Thumb Code     8  libspace.o(.text)
    __user_perproc_libspace                  0x080005b1   Thumb Code     0  libspace.o(.text)
    __user_perthread_libspace                0x080005b1   Thumb Code     0  libspace.o(.text)
    _sys_exit                                0x080005b9   Thumb Code     8  sys_exit.o(.text)
    __I$use$semihosting                      0x080005c5   Thumb Code     0  use_no_semi.o(.text)
    __use_no_semihosting_swi                 0x080005c5   Thumb Code     2  use_no_semi.o(.text)
    __semihosting_library_function           0x080005c7   Thumb Code     0  indicate_semi.o(.text)
    AppDGT2P_Auto                            0x080005c9   Thumb Code   264  app_dgt.o(i.AppDGT2P_Auto)
    AppDGT2P_BlinkYellow                     0x08000701   Thumb Code   184  app_dgt.o(i.AppDGT2P_BlinkYellow)
    AppDGT2P_Process                         0x080007c9   Thumb Code    12  app_dgt.o(i.AppDGT2P_Process)
    AppDGT_BlinkYellowAutoCalculate          0x08000ae1   Thumb Code   140  app_dgt.o(i.AppDGT_BlinkYellowAutoCalculate)
    AppDigitalInput_1msTask                  0x08000d3d   Thumb Code   106  app_digital_input.o(i.AppDigitalInput_1msTask)
    AppDigitalInput_Check                    0x08000dad   Thumb Code    38  app_digital_input.o(i.AppDigitalInput_Check)
    AppDigitalInput_Init                     0x08000dd9   Thumb Code   132  app_digital_input.o(i.AppDigitalInput_Init)
    AppI2CvsESP32_BuildNormalSetting         0x08000e6f   Thumb Code    90  app_i2cvsesp32.o(i.AppI2CvsESP32_BuildNormalSetting)
    AppI2CvsESP32_BuildPeakSetting           0x08000ec9   Thumb Code    86  app_i2cvsesp32.o(i.AppI2CvsESP32_BuildPeakSetting)
    AppI2CvsESP32_BuildRealtime              0x08000f1f   Thumb Code    90  app_i2cvsesp32.o(i.AppI2CvsESP32_BuildRealtime)
    AppI2CvsESP32_Init                       0x08000f79   Thumb Code    54  app_i2cvsesp32.o(i.AppI2CvsESP32_Init)
    AppI2CvsESP32_MakeControlFlags           0x08000fc9   Thumb Code    48  app_i2cvsesp32.o(i.AppI2CvsESP32_MakeControlFlags)
    AppI2CvsESP32_SendAll                    0x08001019   Thumb Code   108  app_i2cvsesp32.o(i.AppI2CvsESP32_SendAll)
    AppRs485_GetRegBank                      0x0800114d   Thumb Code     4  app_rs485.o(i.AppRs485_GetRegBank)
    AppRs485_Init                            0x08001371   Thumb Code   124  app_rs485.o(i.AppRs485_Init)
    AppRs485_RxCpltCallback                  0x08001411   Thumb Code   262  app_rs485.o(i.AppRs485_RxCpltCallback)
    AppRs485_Task                            0x0800157d   Thumb Code    90  app_rs485.o(i.AppRs485_Task)
    AppWeconHMI_InitValues                   0x080015e5   Thumb Code   302  app_weconhmi.o(i.AppWeconHMI_InitValues)
    AppWeconHMI_reset_input_RTC_vars         0x080017a1   Thumb Code    38  app_weconhmi.o(i.AppWeconHMI_reset_input_RTC_vars)
    BusFault_Handler                         0x080017ef   Thumb Code     4  stm32f4xx_it.o(i.BusFault_Handler)
    DebugMon_Handler                         0x08001815   Thumb Code     2  stm32f4xx_it.o(i.DebugMon_Handler)
    Error_Handler                            0x08001859   Thumb Code     6  main.o(i.Error_Handler)
    FLASH_Erase_Sector                       0x08001861   Thumb Code    86  stm32f4xx_hal_flash_ex.o(i.FLASH_Erase_Sector)
    FLASH_WaitForLastOperation               0x080019f9   Thumb Code    90  stm32f4xx_hal_flash.o(i.FLASH_WaitForLastOperation)
    HAL_DAC_ConfigChannel                    0x08001ab5   Thumb Code   110  stm32f4xx_hal_dac.o(i.HAL_DAC_ConfigChannel)
    HAL_DAC_Init                             0x08001b23   Thumb Code    40  stm32f4xx_hal_dac.o(i.HAL_DAC_Init)
    HAL_DAC_MspInit                          0x08001b4d   Thumb Code   114  stm32f4xx_hal_msp.o(i.HAL_DAC_MspInit)
    HAL_DAC_SetValue                         0x08001bcd   Thumb Code    50  stm32f4xx_hal_dac.o(i.HAL_DAC_SetValue)
    HAL_DAC_Start                            0x08001bff   Thumb Code   126  stm32f4xx_hal_dac.o(i.HAL_DAC_Start)
    HAL_DMA_Abort                            0x08001c7d   Thumb Code   172  stm32f4xx_hal_dma.o(i.HAL_DMA_Abort)
    HAL_DMA_Abort_IT                         0x08001d29   Thumb Code    40  stm32f4xx_hal_dma.o(i.HAL_DMA_Abort_IT)
    HAL_Delay                                0x08001d51   Thumb Code    36  stm32f4xx_hal.o(i.HAL_Delay)
    HAL_FLASH_Lock                           0x08001d79   Thumb Code    16  stm32f4xx_hal_flash.o(i.HAL_FLASH_Lock)
    HAL_FLASH_Program                        0x08001d8d   Thumb Code   134  stm32f4xx_hal_flash.o(i.HAL_FLASH_Program)
    HAL_FLASH_Unlock                         0x08001e1d   Thumb Code    38  stm32f4xx_hal_flash.o(i.HAL_FLASH_Unlock)
    HAL_GPIO_Init                            0x08001e51   Thumb Code   454  stm32f4xx_hal_gpio.o(i.HAL_GPIO_Init)
    HAL_GPIO_ReadPin                         0x08002045   Thumb Code    16  stm32f4xx_hal_gpio.o(i.HAL_GPIO_ReadPin)
    HAL_GPIO_WritePin                        0x08002055   Thumb Code    12  stm32f4xx_hal_gpio.o(i.HAL_GPIO_WritePin)
    HAL_GetTick                              0x08002061   Thumb Code     6  stm32f4xx_hal.o(i.HAL_GetTick)
    HAL_I2C_Init                             0x0800206d   Thumb Code   446  stm32f4xx_hal_i2c.o(i.HAL_I2C_Init)
    HAL_I2C_Master_Transmit                  0x0800223d   Thumb Code   360  stm32f4xx_hal_i2c.o(i.HAL_I2C_Master_Transmit)
    HAL_I2C_MspInit                          0x080023ad   Thumb Code   122  stm32f4xx_hal_msp.o(i.HAL_I2C_MspInit)
    HAL_IncTick                              0x08002435   Thumb Code    16  stm32f4xx_hal.o(i.HAL_IncTick)
    HAL_Init                                 0x0800244d   Thumb Code    54  stm32f4xx_hal.o(i.HAL_Init)
    HAL_InitTick                             0x08002489   Thumb Code   160  stm32f4xx_hal_timebase_tim.o(i.HAL_InitTick)
    HAL_MspInit                              0x0800253d   Thumb Code    78  stm32f4xx_hal_msp.o(i.HAL_MspInit)
    HAL_NVIC_EnableIRQ                       0x08002591   Thumb Code    40  stm32f4xx_hal_cortex.o(i.HAL_NVIC_EnableIRQ)
    HAL_NVIC_SetPriority                     0x080025b9   Thumb Code   124  stm32f4xx_hal_cortex.o(i.HAL_NVIC_SetPriority)
    HAL_NVIC_SetPriorityGrouping             0x08002635   Thumb Code    32  stm32f4xx_hal_cortex.o(i.HAL_NVIC_SetPriorityGrouping)
    HAL_RCCEx_PeriphCLKConfig                0x0800265d   Thumb Code   396  stm32f4xx_hal_rcc_ex.o(i.HAL_RCCEx_PeriphCLKConfig)
    HAL_RCC_ClockConfig                      0x080027fd   Thumb Code   368  stm32f4xx_hal_rcc.o(i.HAL_RCC_ClockConfig)
    HAL_RCC_GetClockConfig                   0x08002981   Thumb Code    58  stm32f4xx_hal_rcc.o(i.HAL_RCC_GetClockConfig)
    HAL_RCC_GetHCLKFreq                      0x080029c5   Thumb Code     6  stm32f4xx_hal_rcc.o(i.HAL_RCC_GetHCLKFreq)
    HAL_RCC_GetPCLK1Freq                     0x080029d1   Thumb Code    22  stm32f4xx_hal_rcc.o(i.HAL_RCC_GetPCLK1Freq)
    HAL_RCC_GetPCLK2Freq                     0x080029f1   Thumb Code    22  stm32f4xx_hal_rcc.o(i.HAL_RCC_GetPCLK2Freq)
    HAL_RCC_GetSysClockFreq                  0x08002a11   Thumb Code   162  stm32f4xx_hal_rcc.o(i.HAL_RCC_GetSysClockFreq)
    HAL_RCC_OscConfig                        0x08002ac1   Thumb Code  1172  stm32f4xx_hal_rcc.o(i.HAL_RCC_OscConfig)
    HAL_RTCEx_BKUPRead                       0x08002f5d   Thumb Code    18  stm32f4xx_hal_rtc_ex.o(i.HAL_RTCEx_BKUPRead)
    HAL_RTCEx_BKUPWrite                      0x08002f6f   Thumb Code    18  stm32f4xx_hal_rtc_ex.o(i.HAL_RTCEx_BKUPWrite)
    HAL_RTC_GetDate                          0x08002f81   Thumb Code    72  stm32f4xx_hal_rtc.o(i.HAL_RTC_GetDate)
    HAL_RTC_GetTime                          0x08002fcd   Thumb Code    88  stm32f4xx_hal_rtc.o(i.HAL_RTC_GetTime)
    HAL_RTC_Init                             0x08003029   Thumb Code   174  stm32f4xx_hal_rtc.o(i.HAL_RTC_Init)
    HAL_RTC_MspInit                          0x080030dd   Thumb Code    50  stm32f4xx_hal_msp.o(i.HAL_RTC_MspInit)
    HAL_RTC_SetDate                          0x08003119   Thumb Code   188  stm32f4xx_hal_rtc.o(i.HAL_RTC_SetDate)
    HAL_RTC_SetTime                          0x080031d9   Thumb Code   230  stm32f4xx_hal_rtc.o(i.HAL_RTC_SetTime)
    HAL_RTC_WaitForSynchro                   0x080032c5   Thumb Code    52  stm32f4xx_hal_rtc.o(i.HAL_RTC_WaitForSynchro)
    HAL_TIMEx_BreakCallback                  0x080032fd   Thumb Code     2  stm32f4xx_hal_tim_ex.o(i.HAL_TIMEx_BreakCallback)
    HAL_TIMEx_CommutCallback                 0x080032ff   Thumb Code     2  stm32f4xx_hal_tim_ex.o(i.HAL_TIMEx_CommutCallback)
    HAL_TIMEx_MasterConfigSynchronization    0x08003301   Thumb Code   150  stm32f4xx_hal_tim_ex.o(i.HAL_TIMEx_MasterConfigSynchronization)
    HAL_TIM_Base_Init                        0x080033b5   Thumb Code   102  stm32f4xx_hal_tim.o(i.HAL_TIM_Base_Init)
    HAL_TIM_Base_MspInit                     0x0800341d   Thumb Code    62  stm32f4xx_hal_msp.o(i.HAL_TIM_Base_MspInit)
    HAL_TIM_Base_Start_IT                    0x08003465   Thumb Code   138  stm32f4xx_hal_tim.o(i.HAL_TIM_Base_Start_IT)
    HAL_TIM_IC_CaptureCallback               0x0800350d   Thumb Code     2  stm32f4xx_hal_tim.o(i.HAL_TIM_IC_CaptureCallback)
    HAL_TIM_IRQHandler                       0x0800350f   Thumb Code   364  stm32f4xx_hal_tim.o(i.HAL_TIM_IRQHandler)
    HAL_TIM_OC_DelayElapsedCallback          0x0800367b   Thumb Code     2  stm32f4xx_hal_tim.o(i.HAL_TIM_OC_DelayElapsedCallback)
    HAL_TIM_PWM_PulseFinishedCallback        0x0800367d   Thumb Code     2  stm32f4xx_hal_tim.o(i.HAL_TIM_PWM_PulseFinishedCallback)
    HAL_TIM_PeriodElapsedCallback            0x08003681   Thumb Code   100  main.o(i.HAL_TIM_PeriodElapsedCallback)
    HAL_TIM_TriggerCallback                  0x080036fd   Thumb Code     2  stm32f4xx_hal_tim.o(i.HAL_TIM_TriggerCallback)
    HAL_UARTEx_RxEventCallback               0x080036ff   Thumb Code     2  stm32f4xx_hal_uart.o(i.HAL_UARTEx_RxEventCallback)
    HAL_UART_ErrorCallback                   0x08003701   Thumb Code     2  stm32f4xx_hal_uart.o(i.HAL_UART_ErrorCallback)
    HAL_UART_IRQHandler                      0x08003705   Thumb Code   772  stm32f4xx_hal_uart.o(i.HAL_UART_IRQHandler)
    HAL_UART_Init                            0x08003a0d   Thumb Code   118  stm32f4xx_hal_uart.o(i.HAL_UART_Init)
    HAL_UART_MspInit                         0x08003a85   Thumb Code   140  stm32f4xx_hal_msp.o(i.HAL_UART_MspInit)
    HAL_UART_Receive_IT                      0x08003b1d   Thumb Code    44  stm32f4xx_hal_uart.o(i.HAL_UART_Receive_IT)
    HAL_UART_RxCpltCallback                  0x08003b49   Thumb Code    12  main.o(i.HAL_UART_RxCpltCallback)
    HAL_UART_Transmit                        0x08003b55   Thumb Code   190  stm32f4xx_hal_uart.o(i.HAL_UART_Transmit)
    HAL_UART_TxCpltCallback                  0x08003c13   Thumb Code     2  stm32f4xx_hal_uart.o(i.HAL_UART_TxCpltCallback)
    HardFault_Handler                        0x08003c15   Thumb Code     4  stm32f4xx_it.o(i.HardFault_Handler)
    MemManage_Handler                        0x080047f5   Thumb Code     4  stm32f4xx_it.o(i.MemManage_Handler)
    NMI_Handler                              0x080047f9   Thumb Code     4  stm32f4xx_it.o(i.NMI_Handler)
    RTC_Bcd2ToByte                           0x080047fd   Thumb Code    22  stm32f4xx_hal_rtc.o(i.RTC_Bcd2ToByte)
    RTC_ByteToBcd2                           0x08004813   Thumb Code    26  stm32f4xx_hal_rtc.o(i.RTC_ByteToBcd2)
    RTC_EnterInitMode                        0x0800482d   Thumb Code    74  stm32f4xx_hal_rtc.o(i.RTC_EnterInitMode)
    RTC_ExitInitMode                         0x08004877   Thumb Code    46  stm32f4xx_hal_rtc.o(i.RTC_ExitInitMode)
    Read_Flash                               0x080048a5   Thumb Code     6  main.o(i.Read_Flash)
    StartConnectivityTask                    0x080048ad   Thumb Code  1496  main.o(i.StartConnectivityTask)
    StartMainTask                            0x08004ebd   Thumb Code   170  main.o(i.StartMainTask)
    SysTick_Handler                          0x08004f9d   Thumb Code    46  port.o(i.SysTick_Handler)
    SystemClock_Config                       0x08004fd1   Thumb Code   178  main.o(i.SystemClock_Config)
    SystemInit                               0x0800508d   Thumb Code    14  system_stm32f4xx.o(i.SystemInit)
    TIM7_IRQHandler                          0x080050a1   Thumb Code    10  stm32f4xx_it.o(i.TIM7_IRQHandler)
    TIM8_TRG_COM_TIM14_IRQHandler            0x080050b1   Thumb Code    10  stm32f4xx_it.o(i.TIM8_TRG_COM_TIM14_IRQHandler)
    TIM_Base_SetConfig                       0x080050c1   Thumb Code   178  stm32f4xx_hal_tim.o(i.TIM_Base_SetConfig)
    UART_Start_Receive_IT                    0x08005569   Thumb Code    64  stm32f4xx_hal_uart.o(i.UART_Start_Receive_IT)
    USART3_IRQHandler                        0x08005695   Thumb Code    10  stm32f4xx_it.o(i.USART3_IRQHandler)
    UsageFault_Handler                       0x080056a5   Thumb Code     4  stm32f4xx_it.o(i.UsageFault_Handler)
    Write_Flash                              0x080056a9   Thumb Code    20  main.o(i.Write_Flash)
    main                                     0x08005715   Thumb Code   176  main.o(i.main)
    osDelay                                  0x080057f3   Thumb Code    24  cmsis_os.o(i.osDelay)
    osKernelStart                            0x0800580b   Thumb Code    10  cmsis_os.o(i.osKernelStart)
    osThreadCreate                           0x08005815   Thumb Code    94  cmsis_os.o(i.osThreadCreate)
    pvPortMalloc                             0x08005cf5   Thumb Code   306  heap_4.o(i.pvPortMalloc)
    pxPortInitialiseStack                    0x08005e41   Thumb Code    38  port.o(i.pxPortInitialiseStack)
    uxListRemove                             0x08005e6d   Thumb Code    40  list.o(i.uxListRemove)
    vApplicationGetIdleTaskMemory            0x08005e95   Thumb Code    14  freertos.o(i.vApplicationGetIdleTaskMemory)
    vListInitialise                          0x08005ead   Thumb Code    26  list.o(i.vListInitialise)
    vListInitialiseItem                      0x08005ec7   Thumb Code     6  list.o(i.vListInitialiseItem)
    vListInsert                              0x08005ecd   Thumb Code    52  list.o(i.vListInsert)
    vListInsertEnd                           0x08005f01   Thumb Code    24  list.o(i.vListInsertEnd)
    vPortEnterCritical                       0x08005f19   Thumb Code    76  port.o(i.vPortEnterCritical)
    vPortExitCritical                        0x08005f6d   Thumb Code    56  port.o(i.vPortExitCritical)
    vPortFree                                0x08005fa9   Thumb Code   150  heap_4.o(i.vPortFree)
    vPortSetupTimerInterrupt                 0x0800604d   Thumb Code    36  port.o(i.vPortSetupTimerInterrupt)
    vTaskDelay                               0x08006075   Thumb Code    82  tasks.o(i.vTaskDelay)
    vTaskStartScheduler                      0x080060d1   Thumb Code   146  tasks.o(i.vTaskStartScheduler)
    vTaskSuspendAll                          0x08006181   Thumb Code    12  tasks.o(i.vTaskSuspendAll)
    vTaskSwitchContext                       0x08006191   Thumb Code   118  tasks.o(i.vTaskSwitchContext)
    xPortStartScheduler                      0x0800621d   Thumb Code   330  port.o(i.xPortStartScheduler)
    xTaskCreate                              0x08006385   Thumb Code   100  tasks.o(i.xTaskCreate)
    xTaskCreateStatic                        0x080063e9   Thumb Code   186  tasks.o(i.xTaskCreateStatic)
    xTaskIncrementTick                       0x080064a5   Thumb Code   282  tasks.o(i.xTaskIncrementTick)
    xTaskResumeAll                           0x080065ed   Thumb Code   224  tasks.o(i.xTaskResumeAll)
    __fpl_dcmp_Inf                           0x080066f1   Thumb Code    24  dcmpi.o(x$fpl$dcmpinf)
    __aeabi_cdcmple                          0x08006709   Thumb Code     0  dleqf.o(x$fpl$dleqf)
    _dcmple                                  0x08006709   Thumb Code   120  dleqf.o(x$fpl$dleqf)
    __fpl_dcmple_InfNaN                      0x0800676b   Thumb Code     0  dleqf.o(x$fpl$dleqf)
    __fpl_dnaninf                            0x08006781   Thumb Code   156  dnaninf.o(x$fpl$dnaninf)
    __fpl_dretinf                            0x0800681d   Thumb Code    12  dretinf.o(x$fpl$dretinf)
    __aeabi_cdrcmple                         0x08006829   Thumb Code     0  drleqf.o(x$fpl$drleqf)
    _drcmple                                 0x08006829   Thumb Code   108  drleqf.o(x$fpl$drleqf)
    __aeabi_f2d                              0x08006895   Thumb Code     0  f2d.o(x$fpl$f2d)
    _f2d                                     0x08006895   Thumb Code    86  f2d.o(x$fpl$f2d)
    __fpl_fnaninf                            0x080068eb   Thumb Code   140  fnaninf.o(x$fpl$fnaninf)
    _fp_init                                 0x08006977   Thumb Code    10  fpinit.o(x$fpl$fpinit)
    __fplib_config_fpu_vfp                   0x0800697f   Thumb Code     0  fpinit.o(x$fpl$fpinit)
    __fplib_config_pureend_doubles           0x0800697f   Thumb Code     0  fpinit.o(x$fpl$fpinit)
    DAC_MAXDIGITALVALUE_12BIT                0x08006980   Data           4  main.o(.constdata)
    __I$use$fp                               0x08006980   Number         0  usenofp.o(x$fpl$usenofp)
    DAC_MAXDIGITALVALUE_8BIT                 0x08006984   Data           4  main.o(.constdata)
    Vref                                     0x08006988   Data           4  main.o(.constdata)
    AHBPrescTable                            0x08006b21   Data          16  system_stm32f4xx.o(.constdata)
    APBPrescTable                            0x08006b31   Data           8  system_stm32f4xx.o(.constdata)
    Region$$Table$$Base                      0x08006b58   Number         0  anon$$obj.o(Region$$Table)
    Region$$Table$$Limit                     0x08006b78   Number         0  anon$$obj.o(Region$$Table)
    MainTaskHandle                           0x20000078   Data           4  main.o(.data)
    ConnectivityTasHandle                    0x2000007c   Data           4  main.o(.data)
    I2C_Count                                0x20000080   Data           1  main.o(.data)
    setDate                                  0x20000081   Data           4  main.o(.data)
    getDate                                  0x20000085   Data           4  main.o(.data)
    input_ok                                 0x2000008a   Data           2  main.o(.data)
    ResetRTC_count                           0x2000008c   Data           2  main.o(.data)
    X1                                       0x2000008e   Data           2  main.o(.data)
    V1                                       0x20000090   Data           2  main.o(.data)
    GT1                                      0x20000092   Data           2  main.o(.data)
    D1                                       0x20000094   Data           2  main.o(.data)
    X2                                       0x20000096   Data           2  main.o(.data)
    V2                                       0x20000098   Data           2  main.o(.data)
    GT2                                      0x2000009a   Data           2  main.o(.data)
    D2                                       0x2000009c   Data           2  main.o(.data)
    X3                                       0x2000009e   Data           2  main.o(.data)
    V3                                       0x200000a0   Data           2  main.o(.data)
    GT3                                      0x200000a2   Data           2  main.o(.data)
    D3                                       0x200000a4   Data           2  main.o(.data)
    Xanh1                                    0x200000a6   Data           2  main.o(.data)
    Vang1                                    0x200000a8   Data           2  main.o(.data)
    GiaiToa1                                 0x200000aa   Data           2  main.o(.data)
    Xanh2                                    0x200000ac   Data           2  main.o(.data)
    Vang2                                    0x200000ae   Data           2  main.o(.data)
    GiaiToa2                                 0x200000b0   Data           2  main.o(.data)
    Xanh3                                    0x200000b2   Data           2  main.o(.data)
    Vang3                                    0x200000b4   Data           2  main.o(.data)
    GiaiToa3                                 0x200000b6   Data           2  main.o(.data)
    CaoDiem_X1                               0x200000b8   Data           2  main.o(.data)
    CaoDiem_V1                               0x200000ba   Data           2  main.o(.data)
    CaoDiem_GT1                              0x200000bc   Data           2  main.o(.data)
    CaoDiem_X2                               0x200000be   Data           2  main.o(.data)
    CaoDiem_V2                               0x200000c0   Data           2  main.o(.data)
    CaoDiem_GT2                              0x200000c2   Data           2  main.o(.data)
    CaoDiem_X3                               0x200000c4   Data           2  main.o(.data)
    CaoDiem_V3                               0x200000c6   Data           2  main.o(.data)
    CaoDiem_GT3                              0x200000c8   Data           2  main.o(.data)
    t_count                                  0x200000cc   Data           4  main.o(.data)
    delay_count                              0x200000d0   Data           4  main.o(.data)
    Total_Time                               0x200000d4   Data           4  main.o(.data)
    CaoDiem_Total_Time                       0x200000d8   Data           4  main.o(.data)
    Dummy_1                                  0x200000dc   Data           4  main.o(.data)
    BlinkYel_ENA1                            0x200000e0   Data           1  main.o(.data)
    BlinkYel_ENA2                            0x200000e1   Data           1  main.o(.data)
    Thaco_Blink                              0x200000e2   Data           1  main.o(.data)
    CaoDiem_ENA                              0x200000e3   Data           1  main.o(.data)
    BlinkYel_Auto                            0x200000e4   Data           1  main.o(.data)
    begin_hour1                              0x200000e5   Data           1  main.o(.data)
    end_hour1                                0x200000e6   Data           1  main.o(.data)
    begin_min1                               0x200000e7   Data           1  main.o(.data)
    end_min1                                 0x200000e8   Data           1  main.o(.data)
    begin_hour2                              0x200000e9   Data           1  main.o(.data)
    end_hour2                                0x200000ea   Data           1  main.o(.data)
    begin_min2                               0x200000eb   Data           1  main.o(.data)
    end_min2                                 0x200000ec   Data           1  main.o(.data)
    begin_hour3                              0x200000ed   Data           1  main.o(.data)
    end_hour3                                0x200000ee   Data           1  main.o(.data)
    begin_min3                               0x200000ef   Data           1  main.o(.data)
    end_min3                                 0x200000f0   Data           1  main.o(.data)
    min_realTime                             0x200000f2   Data           2  main.o(.data)
    hour_realTime                            0x200000f4   Data           2  main.o(.data)
    Walk_count                               0x200000f8   Data           4  main.o(.data)
    Light_Status                             0x200000fc   Data           1  main.o(.data)
    Voltage1                                 0x200000fd   Data           1  main.o(.data)
    Voltage2                                 0x200000fe   Data           1  main.o(.data)
    Current1                                 0x200000ff   Data           1  main.o(.data)
    Current2                                 0x20000100   Data           1  main.o(.data)
    dac_voltage                              0x20000104   Data           4  main.o(.data)
    dac_value                                0x20000108   Data           4  main.o(.data)
    I1_F                                     0x2000010d   Data           1  main.o(.data)
    I2_F                                     0x2000010e   Data           1  main.o(.data)
    I3_F                                     0x2000010f   Data           1  main.o(.data)
    I4_F                                     0x20000110   Data           1  main.o(.data)
    I5_F                                     0x20000111   Data           1  main.o(.data)
    pFlash                                   0x20000128   Data          32  stm32f4xx_hal_flash.o(.data)
    uwTick                                   0x20000148   Data           4  stm32f4xx_hal.o(.data)
    uwTickPrio                               0x2000014c   Data           4  stm32f4xx_hal.o(.data)
    uwTickFreq                               0x20000150   Data           1  stm32f4xx_hal.o(.data)
    SystemCoreClock                          0x20000154   Data           4  system_stm32f4xx.o(.data)
    pxCurrentTCB                             0x20000158   Data           4  tasks.o(.data)
    hdac                                     0x20000ac4   Data          20  main.o(.bss)
    hi2c1                                    0x20000ad8   Data          84  main.o(.bss)
    hrtc                                     0x20000b2c   Data          32  main.o(.bss)
    htim7                                    0x20000b4c   Data          72  main.o(.bss)
    huart3                                   0x20000b94   Data          72  main.o(.bss)
    txData                                   0x20000bdc   Data          22  main.o(.bss)
    setTime                                  0x20000bf4   Data          20  main.o(.bss)
    getTime                                  0x20000c08   Data          20  main.o(.bss)
    myFlashData                              0x20000c1c   Data          40  main.o(.bss)
    htim14                                   0x20000e98   Data          72  stm32f4xx_hal_timebase_tim.o(.bss)
    __libspace_start                         0x20004c04   Data          96  libspace.o(.bss)
    __temporary_stack_top$libspace           0x20004c64   Data           0  libspace.o(.bss)



==============================================================================

Memory Map of the image

  Image Entry point : 0x08000189

  Load Region LR_IROM1 (Base: 0x08000000, Size: 0x00006d38, Max: 0x00080000, ABSOLUTE, COMPRESSED[0x00006bc8])

    Execution Region ER_IROM1 (Exec base: 0x08000000, Load base: 0x08000000, Size: 0x00006b78, Max: 0x00080000, ABSOLUTE)

    Exec Addr    Load Addr    Size         Type   Attr      Idx    E Section Name        Object

    0x08000000   0x08000000   0x00000188   Data   RO            3    RESET               startup_stm32f407xx.o
    0x08000188   0x08000188   0x00000008   Code   RO         6051  * !!!main             c_w.l(__main.o)
    0x08000190   0x08000190   0x00000034   Code   RO         6235    !!!scatter          c_w.l(__scatter.o)
    0x080001c4   0x080001c4   0x0000005a   Code   RO         6233    !!dczerorl2         c_w.l(__dczerorl2.o)
    0x0800021e   0x0800021e   0x00000002   PAD
    0x08000220   0x08000220   0x0000001c   Code   RO         6237    !!handler_zi        c_w.l(__scatter_zi.o)
    0x0800023c   0x0800023c   0x00000002   Code   RO         6103    .ARM.Collect$$libinit$$00000000  c_w.l(libinit.o)
    0x0800023e   0x0800023e   0x00000004   Code   RO         6115    .ARM.Collect$$libinit$$00000001  c_w.l(libinit2.o)
    0x08000242   0x08000242   0x00000000   Code   RO         6118    .ARM.Collect$$libinit$$00000004  c_w.l(libinit2.o)
    0x08000242   0x08000242   0x00000000   Code   RO         6121    .ARM.Collect$$libinit$$0000000A  c_w.l(libinit2.o)
    0x08000242   0x08000242   0x00000000   Code   RO         6123    .ARM.Collect$$libinit$$0000000C  c_w.l(libinit2.o)
    0x08000242   0x08000242   0x00000000   Code   RO         6125    .ARM.Collect$$libinit$$0000000E  c_w.l(libinit2.o)
    0x08000242   0x08000242   0x00000000   Code   RO         6128    .ARM.Collect$$libinit$$00000011  c_w.l(libinit2.o)
    0x08000242   0x08000242   0x00000000   Code   RO         6130    .ARM.Collect$$libinit$$00000013  c_w.l(libinit2.o)
    0x08000242   0x08000242   0x00000000   Code   RO         6132    .ARM.Collect$$libinit$$00000015  c_w.l(libinit2.o)
    0x08000242   0x08000242   0x00000000   Code   RO         6134    .ARM.Collect$$libinit$$00000017  c_w.l(libinit2.o)
    0x08000242   0x08000242   0x00000000   Code   RO         6136    .ARM.Collect$$libinit$$00000019  c_w.l(libinit2.o)
    0x08000242   0x08000242   0x00000000   Code   RO         6138    .ARM.Collect$$libinit$$0000001B  c_w.l(libinit2.o)
    0x08000242   0x08000242   0x00000000   Code   RO         6140    .ARM.Collect$$libinit$$0000001D  c_w.l(libinit2.o)
    0x08000242   0x08000242   0x00000000   Code   RO         6142    .ARM.Collect$$libinit$$0000001F  c_w.l(libinit2.o)
    0x08000242   0x08000242   0x00000000   Code   RO         6144    .ARM.Collect$$libinit$$00000021  c_w.l(libinit2.o)
    0x08000242   0x08000242   0x00000000   Code   RO         6146    .ARM.Collect$$libinit$$00000023  c_w.l(libinit2.o)
    0x08000242   0x08000242   0x00000000   Code   RO         6148    .ARM.Collect$$libinit$$00000025  c_w.l(libinit2.o)
    0x08000242   0x08000242   0x00000000   Code   RO         6152    .ARM.Collect$$libinit$$0000002C  c_w.l(libinit2.o)
    0x08000242   0x08000242   0x00000000   Code   RO         6154    .ARM.Collect$$libinit$$0000002E  c_w.l(libinit2.o)
    0x08000242   0x08000242   0x00000000   Code   RO         6156    .ARM.Collect$$libinit$$00000030  c_w.l(libinit2.o)
    0x08000242   0x08000242   0x00000000   Code   RO         6158    .ARM.Collect$$libinit$$00000032  c_w.l(libinit2.o)
    0x08000242   0x08000242   0x00000002   Code   RO         6159    .ARM.Collect$$libinit$$00000033  c_w.l(libinit2.o)
    0x08000244   0x08000244   0x00000002   Code   RO         6190    .ARM.Collect$$libshutdown$$00000000  c_w.l(libshutdown.o)
    0x08000246   0x08000246   0x00000000   Code   RO         6216    .ARM.Collect$$libshutdown$$00000002  c_w.l(libshutdown2.o)
    0x08000246   0x08000246   0x00000000   Code   RO         6218    .ARM.Collect$$libshutdown$$00000004  c_w.l(libshutdown2.o)
    0x08000246   0x08000246   0x00000000   Code   RO         6221    .ARM.Collect$$libshutdown$$00000007  c_w.l(libshutdown2.o)
    0x08000246   0x08000246   0x00000000   Code   RO         6224    .ARM.Collect$$libshutdown$$0000000A  c_w.l(libshutdown2.o)
    0x08000246   0x08000246   0x00000000   Code   RO         6226    .ARM.Collect$$libshutdown$$0000000C  c_w.l(libshutdown2.o)
    0x08000246   0x08000246   0x00000000   Code   RO         6229    .ARM.Collect$$libshutdown$$0000000F  c_w.l(libshutdown2.o)
    0x08000246   0x08000246   0x00000002   Code   RO         6230    .ARM.Collect$$libshutdown$$00000010  c_w.l(libshutdown2.o)
    0x08000248   0x08000248   0x00000000   Code   RO         6057    .ARM.Collect$$rtentry$$00000000  c_w.l(__rtentry.o)
    0x08000248   0x08000248   0x00000000   Code   RO         6070    .ARM.Collect$$rtentry$$00000002  c_w.l(__rtentry2.o)
    0x08000248   0x08000248   0x00000006   Code   RO         6082    .ARM.Collect$$rtentry$$00000004  c_w.l(__rtentry4.o)
    0x0800024e   0x0800024e   0x00000000   Code   RO         6072    .ARM.Collect$$rtentry$$00000009  c_w.l(__rtentry2.o)
    0x0800024e   0x0800024e   0x00000004   Code   RO         6073    .ARM.Collect$$rtentry$$0000000A  c_w.l(__rtentry2.o)
    0x08000252   0x08000252   0x00000000   Code   RO         6075    .ARM.Collect$$rtentry$$0000000C  c_w.l(__rtentry2.o)
    0x08000252   0x08000252   0x00000008   Code   RO         6076    .ARM.Collect$$rtentry$$0000000D  c_w.l(__rtentry2.o)
    0x0800025a   0x0800025a   0x00000002   Code   RO         6107    .ARM.Collect$$rtexit$$00000000  c_w.l(rtexit.o)
    0x0800025c   0x0800025c   0x00000000   Code   RO         6163    .ARM.Collect$$rtexit$$00000002  c_w.l(rtexit2.o)
    0x0800025c   0x0800025c   0x00000004   Code   RO         6164    .ARM.Collect$$rtexit$$00000003  c_w.l(rtexit2.o)
    0x08000260   0x08000260   0x00000006   Code   RO         6165    .ARM.Collect$$rtexit$$00000004  c_w.l(rtexit2.o)
    0x08000266   0x08000266   0x00000002   PAD
    0x08000268   0x08000268   0x000000be   Code   RO         5958    .emb_text           port.o
    0x08000326   0x08000326   0x00000002   PAD
    0x08000328   0x08000328   0x00000040   Code   RO            4    .text               startup_stm32f407xx.o
    0x08000368   0x08000368   0x000000ee   Code   RO         6037    .text               c_w.l(lludivv7m.o)
    0x08000456   0x08000456   0x00000064   Code   RO         6041    .text               c_w.l(rt_memcpy_w.o)
    0x080004ba   0x080004ba   0x00000044   Code   RO         6045    .text               c_w.l(rt_memclr.o)
    0x080004fe   0x080004fe   0x0000004e   Code   RO         6047    .text               c_w.l(rt_memclr_w.o)
    0x0800054c   0x0800054c   0x00000006   Code   RO         6049    .text               c_w.l(heapauxi.o)
    0x08000552   0x08000552   0x0000004a   Code   RO         6090    .text               c_w.l(sys_stackheap_outer.o)
    0x0800059c   0x0800059c   0x00000012   Code   RO         6092    .text               c_w.l(exit.o)
    0x080005ae   0x080005ae   0x00000002   PAD
    0x080005b0   0x080005b0   0x00000008   Code   RO         6104    .text               c_w.l(libspace.o)
    0x080005b8   0x080005b8   0x0000000c   Code   RO         6160    .text               c_w.l(sys_exit.o)
    0x080005c4   0x080005c4   0x00000002   Code   RO         6179    .text               c_w.l(use_no_semi.o)
    0x080005c6   0x080005c6   0x00000000   Code   RO         6181    .text               c_w.l(indicate_semi.o)
    0x080005c6   0x080005c6   0x00000002   PAD
    0x080005c8   0x080005c8   0x00000138   Code   RO          732    i.AppDGT2P_Auto     app_dgt.o
    0x08000700   0x08000700   0x000000c8   Code   RO          733    i.AppDGT2P_BlinkYellow  app_dgt.o
    0x080007c8   0x080007c8   0x0000000c   Code   RO          735    i.AppDGT2P_Process  app_dgt.o
    0x080007d4   0x080007d4   0x0000005c   Code   RO          736    i.AppDGT2P_SetDirection1Clear  app_dgt.o
    0x08000830   0x08000830   0x00000074   Code   RO          737    i.AppDGT2P_SetDirection1Green  app_dgt.o
    0x080008a4   0x080008a4   0x00000078   Code   RO          738    i.AppDGT2P_SetDirection1Yellow  app_dgt.o
    0x0800091c   0x0800091c   0x0000005c   Code   RO          739    i.AppDGT2P_SetDirection2Clear  app_dgt.o
    0x08000978   0x08000978   0x00000070   Code   RO          740    i.AppDGT2P_SetDirection2Green  app_dgt.o
    0x080009e8   0x080009e8   0x00000078   Code   RO          741    i.AppDGT2P_SetDirection2Yellow  app_dgt.o
    0x08000a60   0x08000a60   0x00000024   Code   RO          742    i.AppDGT2P_UpdateRegBank  app_dgt.o
    0x08000a84   0x08000a84   0x0000005c   Code   RO          743    i.AppDGT_ApplyTiming  app_dgt.o
    0x08000ae0   0x08000ae0   0x000000c0   Code   RO          744    i.AppDGT_BlinkYellowAutoCalculate  app_dgt.o
    0x08000ba0   0x08000ba0   0x0000006c   Code   RO          745    i.AppDGT_IsPeakTimeActive  app_dgt.o
    0x08000c0c   0x08000c0c   0x00000026   Code   RO          746    i.AppDGT_IsTimeInRange  app_dgt.o
    0x08000c32   0x08000c32   0x0000000c   Code   RO          747    i.AppDGT_ToMinute   app_dgt.o
    0x08000c3e   0x08000c3e   0x0000000a   Code   RO          748    i.AppDGT_ToTick     app_dgt.o
    0x08000c48   0x08000c48   0x000000f4   Code   RO          749    i.AppDGT_UpdateTimingByPeakTime  app_dgt.o
    0x08000d3c   0x08000d3c   0x00000070   Code   RO           13    i.AppDigitalInput_1msTask  app_digital_input.o
    0x08000dac   0x08000dac   0x0000002c   Code   RO           14    i.AppDigitalInput_Check  app_digital_input.o
    0x08000dd8   0x08000dd8   0x00000088   Code   RO           17    i.AppDigitalInput_Init  app_digital_input.o
    0x08000e60   0x08000e60   0x0000000e   Code   RO           18    i.AppDigitalInput_IsValidId  app_digital_input.o
    0x08000e6e   0x08000e6e   0x0000005a   Code   RO          847    i.AppI2CvsESP32_BuildNormalSetting  app_i2cvsesp32.o
    0x08000ec8   0x08000ec8   0x00000056   Code   RO          848    i.AppI2CvsESP32_BuildPeakSetting  app_i2cvsesp32.o
    0x08000f1e   0x08000f1e   0x0000005a   Code   RO          849    i.AppI2CvsESP32_BuildRealtime  app_i2cvsesp32.o
    0x08000f78   0x08000f78   0x00000050   Code   RO          851    i.AppI2CvsESP32_Init  app_i2cvsesp32.o
    0x08000fc8   0x08000fc8   0x00000030   Code   RO          852    i.AppI2CvsESP32_MakeControlFlags  app_i2cvsesp32.o
    0x08000ff8   0x08000ff8   0x00000020   Code   RO          853    i.AppI2CvsESP32_NextCounter  app_i2cvsesp32.o
    0x08001018   0x08001018   0x00000078   Code   RO          854    i.AppI2CvsESP32_SendAll  app_i2cvsesp32.o
    0x08001090   0x08001090   0x00000040   Code   RO          859    i.AppI2CvsESP32_Transmit  app_i2cvsesp32.o
    0x080010d0   0x080010d0   0x00000038   Code   RO          214    i.AppRs485_AddCrcAndSend  app_rs485.o
    0x08001108   0x08001108   0x00000042   Code   RO          215    i.AppRs485_Crc16    app_rs485.o
    0x0800114a   0x0800114a   0x00000002   PAD
    0x0800114c   0x0800114c   0x00000008   Code   RO          217    i.AppRs485_GetRegBank  app_rs485.o
    0x08001154   0x08001154   0x000000cc   Code   RO          218    i.AppRs485_HandleReadBits  app_rs485.o
    0x08001220   0x08001220   0x000000bc   Code   RO          219    i.AppRs485_HandleReadWords  app_rs485.o
    0x080012dc   0x080012dc   0x00000050   Code   RO          220    i.AppRs485_HandleWriteSingleCoil  app_rs485.o
    0x0800132c   0x0800132c   0x00000044   Code   RO          221    i.AppRs485_HandleWriteSingleRegister  app_rs485.o
    0x08001370   0x08001370   0x000000a0   Code   RO          222    i.AppRs485_Init     app_rs485.o
    0x08001410   0x08001410   0x00000124   Code   RO          223    i.AppRs485_RxCpltCallback  app_rs485.o
    0x08001534   0x08001534   0x00000048   Code   RO          224    i.AppRs485_Send     app_rs485.o
    0x0800157c   0x0800157c   0x00000068   Code   RO          226    i.AppRs485_Task     app_rs485.o
    0x080015e4   0x080015e4   0x000001bc   Code   RO          950    i.AppWeconHMI_InitValues  app_weconhmi.o
    0x080017a0   0x080017a0   0x00000026   Code   RO          952    i.AppWeconHMI_reset_input_RTC_vars  app_weconhmi.o
    0x080017c6   0x080017c6   0x00000028   Code   RO           22    i.BothEdgeTriggerDetection  app_digital_input.o
    0x080017ee   0x080017ee   0x00000004   Code   RO          533    i.BusFault_Handler  stm32f4xx_it.o
    0x080017f2   0x080017f2   0x00000002   PAD
    0x080017f4   0x080017f4   0x00000020   Code   RO          312    i.Check_Time_Event  main.o
    0x08001814   0x08001814   0x00000002   Code   RO          534    i.DebugMon_Handler  stm32f4xx_it.o
    0x08001816   0x08001816   0x00000042   Code   RO           23    i.DigitalIntegralFilter  app_digital_input.o
    0x08001858   0x08001858   0x00000006   Code   RO          313    i.Error_Handler     main.o
    0x0800185e   0x0800185e   0x00000002   PAD
    0x08001860   0x08001860   0x0000005c   Code   RO         2487    i.FLASH_Erase_Sector  stm32f4xx_hal_flash_ex.o
    0x080018bc   0x080018bc   0x00000024   Code   RO         2369    i.FLASH_Program_Byte  stm32f4xx_hal_flash.o
    0x080018e0   0x080018e0   0x00000030   Code   RO         2370    i.FLASH_Program_DoubleWord  stm32f4xx_hal_flash.o
    0x08001910   0x08001910   0x00000028   Code   RO         2371    i.FLASH_Program_HalfWord  stm32f4xx_hal_flash.o
    0x08001938   0x08001938   0x00000028   Code   RO         2372    i.FLASH_Program_Word  stm32f4xx_hal_flash.o
    0x08001960   0x08001960   0x00000098   Code   RO         2373    i.FLASH_SetErrorCode  stm32f4xx_hal_flash.o
    0x080019f8   0x080019f8   0x00000064   Code   RO         2374    i.FLASH_WaitForLastOperation  stm32f4xx_hal_flash.o
    0x08001a5c   0x08001a5c   0x00000022   Code   RO          314    i.Flash_GetData     main.o
    0x08001a7e   0x08001a7e   0x00000036   Code   RO          315    i.Flash_WriteData   main.o
    0x08001ab4   0x08001ab4   0x0000006e   Code   RO         1976    i.HAL_DAC_ConfigChannel  stm32f4xx_hal_dac.o
    0x08001b22   0x08001b22   0x00000028   Code   RO         1986    i.HAL_DAC_Init      stm32f4xx_hal_dac.o
    0x08001b4a   0x08001b4a   0x00000002   PAD
    0x08001b4c   0x08001b4c   0x00000080   Code   RO          610    i.HAL_DAC_MspInit   stm32f4xx_hal_msp.o
    0x08001bcc   0x08001bcc   0x00000032   Code   RO         1989    i.HAL_DAC_SetValue  stm32f4xx_hal_dac.o
    0x08001bfe   0x08001bfe   0x0000007e   Code   RO         1990    i.HAL_DAC_Start     stm32f4xx_hal_dac.o
    0x08001c7c   0x08001c7c   0x000000ac   Code   RO         2720    i.HAL_DMA_Abort     stm32f4xx_hal_dma.o
    0x08001d28   0x08001d28   0x00000028   Code   RO         2721    i.HAL_DMA_Abort_IT  stm32f4xx_hal_dma.o
    0x08001d50   0x08001d50   0x00000028   Code   RO         3162    i.HAL_Delay         stm32f4xx_hal.o
    0x08001d78   0x08001d78   0x00000014   Code   RO         2378    i.HAL_FLASH_Lock    stm32f4xx_hal_flash.o
    0x08001d8c   0x08001d8c   0x00000090   Code   RO         2383    i.HAL_FLASH_Program  stm32f4xx_hal_flash.o
    0x08001e1c   0x08001e1c   0x00000034   Code   RO         2385    i.HAL_FLASH_Unlock  stm32f4xx_hal_flash.o
    0x08001e50   0x08001e50   0x000001f4   Code   RO         2613    i.HAL_GPIO_Init     stm32f4xx_hal_gpio.o
    0x08002044   0x08002044   0x00000010   Code   RO         2615    i.HAL_GPIO_ReadPin  stm32f4xx_hal_gpio.o
    0x08002054   0x08002054   0x0000000c   Code   RO         2617    i.HAL_GPIO_WritePin  stm32f4xx_hal_gpio.o
    0x08002060   0x08002060   0x0000000c   Code   RO         3168    i.HAL_GetTick       stm32f4xx_hal.o
    0x0800206c   0x0800206c   0x000001d0   Code   RO         3424    i.HAL_I2C_Init      stm32f4xx_hal_i2c.o
    0x0800223c   0x0800223c   0x00000170   Code   RO         3437    i.HAL_I2C_Master_Transmit  stm32f4xx_hal_i2c.o
    0x080023ac   0x080023ac   0x00000088   Code   RO          612    i.HAL_I2C_MspInit   stm32f4xx_hal_msp.o
    0x08002434   0x08002434   0x00000018   Code   RO         3174    i.HAL_IncTick       stm32f4xx_hal.o
    0x0800244c   0x0800244c   0x0000003c   Code   RO         3175    i.HAL_Init          stm32f4xx_hal.o
    0x08002488   0x08002488   0x000000b4   Code   RO          693    i.HAL_InitTick      stm32f4xx_hal_timebase_tim.o
    0x0800253c   0x0800253c   0x00000054   Code   RO          613    i.HAL_MspInit       stm32f4xx_hal_msp.o
    0x08002590   0x08002590   0x00000028   Code   RO         3005    i.HAL_NVIC_EnableIRQ  stm32f4xx_hal_cortex.o
    0x080025b8   0x080025b8   0x0000007c   Code   RO         3011    i.HAL_NVIC_SetPriority  stm32f4xx_hal_cortex.o
    0x08002634   0x08002634   0x00000028   Code   RO         3012    i.HAL_NVIC_SetPriorityGrouping  stm32f4xx_hal_cortex.o
    0x0800265c   0x0800265c   0x000001a0   Code   RO         2319    i.HAL_RCCEx_PeriphCLKConfig  stm32f4xx_hal_rcc_ex.o
    0x080027fc   0x080027fc   0x00000184   Code   RO         2214    i.HAL_RCC_ClockConfig  stm32f4xx_hal_rcc.o
    0x08002980   0x08002980   0x00000044   Code   RO         2218    i.HAL_RCC_GetClockConfig  stm32f4xx_hal_rcc.o
    0x080029c4   0x080029c4   0x0000000c   Code   RO         2219    i.HAL_RCC_GetHCLKFreq  stm32f4xx_hal_rcc.o
    0x080029d0   0x080029d0   0x00000020   Code   RO         2221    i.HAL_RCC_GetPCLK1Freq  stm32f4xx_hal_rcc.o
    0x080029f0   0x080029f0   0x00000020   Code   RO         2222    i.HAL_RCC_GetPCLK2Freq  stm32f4xx_hal_rcc.o
    0x08002a10   0x08002a10   0x000000b0   Code   RO         2223    i.HAL_RCC_GetSysClockFreq  stm32f4xx_hal_rcc.o
    0x08002ac0   0x08002ac0   0x0000049c   Code   RO         2226    i.HAL_RCC_OscConfig  stm32f4xx_hal_rcc.o
    0x08002f5c   0x08002f5c   0x00000012   Code   RO         4083    i.HAL_RTCEx_BKUPRead  stm32f4xx_hal_rtc_ex.o
    0x08002f6e   0x08002f6e   0x00000012   Code   RO         4084    i.HAL_RTCEx_BKUPWrite  stm32f4xx_hal_rtc_ex.o
    0x08002f80   0x08002f80   0x0000004c   Code   RO         3918    i.HAL_RTC_GetDate   stm32f4xx_hal_rtc.o
    0x08002fcc   0x08002fcc   0x0000005c   Code   RO         3920    i.HAL_RTC_GetTime   stm32f4xx_hal_rtc.o
    0x08003028   0x08003028   0x000000b4   Code   RO         3921    i.HAL_RTC_Init      stm32f4xx_hal_rtc.o
    0x080030dc   0x080030dc   0x0000003c   Code   RO          615    i.HAL_RTC_MspInit   stm32f4xx_hal_msp.o
    0x08003118   0x08003118   0x000000c0   Code   RO         3927    i.HAL_RTC_SetDate   stm32f4xx_hal_rtc.o
    0x080031d8   0x080031d8   0x000000ec   Code   RO         3928    i.HAL_RTC_SetTime   stm32f4xx_hal_rtc.o
    0x080032c4   0x080032c4   0x00000038   Code   RO         3929    i.HAL_RTC_WaitForSynchro  stm32f4xx_hal_rtc.o
    0x080032fc   0x080032fc   0x00000002   Code   RO         1706    i.HAL_TIMEx_BreakCallback  stm32f4xx_hal_tim_ex.o
    0x080032fe   0x080032fe   0x00000002   Code   RO         1707    i.HAL_TIMEx_CommutCallback  stm32f4xx_hal_tim_ex.o
    0x08003300   0x08003300   0x000000b4   Code   RO         1725    i.HAL_TIMEx_MasterConfigSynchronization  stm32f4xx_hal_tim_ex.o
    0x080033b4   0x080033b4   0x00000066   Code   RO          991    i.HAL_TIM_Base_Init  stm32f4xx_hal_tim.o
    0x0800341a   0x0800341a   0x00000002   PAD
    0x0800341c   0x0800341c   0x00000048   Code   RO          617    i.HAL_TIM_Base_MspInit  stm32f4xx_hal_msp.o
    0x08003464   0x08003464   0x000000a8   Code   RO          996    i.HAL_TIM_Base_Start_IT  stm32f4xx_hal_tim.o
    0x0800350c   0x0800350c   0x00000002   Code   RO         1025    i.HAL_TIM_IC_CaptureCallback  stm32f4xx_hal_tim.o
    0x0800350e   0x0800350e   0x0000016c   Code   RO         1039    i.HAL_TIM_IRQHandler  stm32f4xx_hal_tim.o
    0x0800367a   0x0800367a   0x00000002   Code   RO         1042    i.HAL_TIM_OC_DelayElapsedCallback  stm32f4xx_hal_tim.o
    0x0800367c   0x0800367c   0x00000002   Code   RO         1069    i.HAL_TIM_PWM_PulseFinishedCallback  stm32f4xx_hal_tim.o
    0x0800367e   0x0800367e   0x00000002   PAD
    0x08003680   0x08003680   0x0000007c   Code   RO          316    i.HAL_TIM_PeriodElapsedCallback  main.o
    0x080036fc   0x080036fc   0x00000002   Code   RO         1082    i.HAL_TIM_TriggerCallback  stm32f4xx_hal_tim.o
    0x080036fe   0x080036fe   0x00000002   Code   RO         4322    i.HAL_UARTEx_RxEventCallback  stm32f4xx_hal_uart.o
    0x08003700   0x08003700   0x00000002   Code   RO         4336    i.HAL_UART_ErrorCallback  stm32f4xx_hal_uart.o
    0x08003702   0x08003702   0x00000002   PAD
    0x08003704   0x08003704   0x00000308   Code   RO         4339    i.HAL_UART_IRQHandler  stm32f4xx_hal_uart.o
    0x08003a0c   0x08003a0c   0x00000076   Code   RO         4340    i.HAL_UART_Init     stm32f4xx_hal_uart.o
    0x08003a82   0x08003a82   0x00000002   PAD
    0x08003a84   0x08003a84   0x00000098   Code   RO          619    i.HAL_UART_MspInit  stm32f4xx_hal_msp.o
    0x08003b1c   0x08003b1c   0x0000002c   Code   RO         4345    i.HAL_UART_Receive_IT  stm32f4xx_hal_uart.o
    0x08003b48   0x08003b48   0x0000000c   Code   RO          317    i.HAL_UART_RxCpltCallback  main.o
    0x08003b54   0x08003b54   0x000000be   Code   RO         4348    i.HAL_UART_Transmit  stm32f4xx_hal_uart.o
    0x08003c12   0x08003c12   0x00000002   Code   RO         4351    i.HAL_UART_TxCpltCallback  stm32f4xx_hal_uart.o
    0x08003c14   0x08003c14   0x00000004   Code   RO          535    i.HardFault_Handler  stm32f4xx_it.o
    0x08003c18   0x08003c18   0x0000003e   Code   RO         3468    i.I2C_IsAcknowledgeFailed  stm32f4xx_hal_i2c.o
    0x08003c56   0x08003c56   0x00000002   PAD
    0x08003c58   0x08003c58   0x000000c0   Code   RO         3472    i.I2C_MasterRequestWrite  stm32f4xx_hal_i2c.o
    0x08003d18   0x08003d18   0x00000208   Code   RO          318    i.I2C_SendFrame     main.o
    0x08003f20   0x08003f20   0x00000066   Code   RO         3488    i.I2C_WaitOnBTFFlagUntilTimeout  stm32f4xx_hal_i2c.o
    0x08003f86   0x08003f86   0x000000be   Code   RO         3489    i.I2C_WaitOnFlagUntilTimeout  stm32f4xx_hal_i2c.o
    0x08004044   0x08004044   0x000000fa   Code   RO         3490    i.I2C_WaitOnMasterAddressFlagUntilTimeout  stm32f4xx_hal_i2c.o
    0x0800413e   0x0800413e   0x00000066   Code   RO         3494    i.I2C_WaitOnTXEFlagUntilTimeout  stm32f4xx_hal_i2c.o
    0x080041a4   0x080041a4   0x00000224   Code   RO          319    i.LoadSettings_from_Flash  main.o
    0x080043c8   0x080043c8   0x0000004c   Code   RO          320    i.MX_DAC_Init       main.o
    0x08004414   0x08004414   0x0000027c   Code   RO          321    i.MX_GPIO_Init      main.o
    0x08004690   0x08004690   0x0000003c   Code   RO          322    i.MX_I2C1_Init      main.o
    0x080046cc   0x080046cc   0x000000a4   Code   RO          323    i.MX_RTC_Init       main.o
    0x08004770   0x08004770   0x0000004c   Code   RO          324    i.MX_TIM7_Init      main.o
    0x080047bc   0x080047bc   0x00000038   Code   RO          325    i.MX_USART3_UART_Init  main.o
    0x080047f4   0x080047f4   0x00000004   Code   RO          536    i.MemManage_Handler  stm32f4xx_it.o
    0x080047f8   0x080047f8   0x00000004   Code   RO          537    i.NMI_Handler       stm32f4xx_it.o
    0x080047fc   0x080047fc   0x00000016   Code   RO         3930    i.RTC_Bcd2ToByte    stm32f4xx_hal_rtc.o
    0x08004812   0x08004812   0x0000001a   Code   RO         3931    i.RTC_ByteToBcd2    stm32f4xx_hal_rtc.o
    0x0800482c   0x0800482c   0x0000004a   Code   RO         3932    i.RTC_EnterInitMode  stm32f4xx_hal_rtc.o
    0x08004876   0x08004876   0x0000002e   Code   RO         3933    i.RTC_ExitInitMode  stm32f4xx_hal_rtc.o
    0x080048a4   0x080048a4   0x00000006   Code   RO          326    i.Read_Flash        main.o
    0x080048aa   0x080048aa   0x00000002   PAD
    0x080048ac   0x080048ac   0x00000610   Code   RO          327    i.StartConnectivityTask  main.o
    0x08004ebc   0x08004ebc   0x000000e0   Code   RO          328    i.StartMainTask     main.o
    0x08004f9c   0x08004f9c   0x00000034   Code   RO         5959    i.SysTick_Handler   port.o
    0x08004fd0   0x08004fd0   0x000000bc   Code   RO          329    i.SystemClock_Config  main.o
    0x0800508c   0x0800508c   0x00000014   Code   RO         4684    i.SystemInit        system_stm32f4xx.o
    0x080050a0   0x080050a0   0x00000010   Code   RO          538    i.TIM7_IRQHandler   stm32f4xx_it.o
    0x080050b0   0x080050b0   0x00000010   Code   RO          539    i.TIM8_TRG_COM_TIM14_IRQHandler  stm32f4xx_it.o
    0x080050c0   0x080050c0   0x000000e0   Code   RO         1084    i.TIM_Base_SetConfig  stm32f4xx_hal_tim.o
    0x080051a0   0x080051a0   0x00000012   Code   RO         4353    i.UART_DMAAbortOnError  stm32f4xx_hal_uart.o
    0x080051b2   0x080051b2   0x0000006c   Code   RO         4363    i.UART_EndRxTransfer  stm32f4xx_hal_uart.o
    0x0800521e   0x0800521e   0x00000020   Code   RO         4364    i.UART_EndTransmit_IT  stm32f4xx_hal_uart.o
    0x0800523e   0x0800523e   0x000000fc   Code   RO         4366    i.UART_Receive_IT   stm32f4xx_hal_uart.o
    0x0800533a   0x0800533a   0x00000002   PAD
    0x0800533c   0x0800533c   0x0000022c   Code   RO         4367    i.UART_SetConfig    stm32f4xx_hal_uart.o
    0x08005568   0x08005568   0x00000040   Code   RO         4369    i.UART_Start_Receive_IT  stm32f4xx_hal_uart.o
    0x080055a8   0x080055a8   0x00000060   Code   RO         4370    i.UART_Transmit_IT  stm32f4xx_hal_uart.o
    0x08005608   0x08005608   0x0000008c   Code   RO         4371    i.UART_WaitOnFlagUntilTimeout  stm32f4xx_hal_uart.o
    0x08005694   0x08005694   0x00000010   Code   RO          540    i.USART3_IRQHandler  stm32f4xx_it.o
    0x080056a4   0x080056a4   0x00000004   Code   RO          541    i.UsageFault_Handler  stm32f4xx_it.o
    0x080056a8   0x080056a8   0x00000014   Code   RO          330    i.Write_Flash       main.o
    0x080056bc   0x080056bc   0x00000010   Code   RO         3018    i.__NVIC_GetPriorityGrouping  stm32f4xx_hal_cortex.o
    0x080056cc   0x080056cc   0x00000028   Code   RO         3019    i.__NVIC_SetPriority  stm32f4xx_hal_cortex.o
    0x080056f4   0x080056f4   0x00000020   Code   RO          860    i.crc8_cal          app_i2cvsesp32.o
    0x08005714   0x08005714   0x000000d0   Code   RO          331    i.main              main.o
    0x080057e4   0x080057e4   0x0000000e   Code   RO         5524    i.makeFreeRtosPriority  cmsis_os.o
    0x080057f2   0x080057f2   0x00000018   Code   RO         5526    i.osDelay           cmsis_os.o
    0x0800580a   0x0800580a   0x0000000a   Code   RO         5529    i.osKernelStart     cmsis_os.o
    0x08005814   0x08005814   0x0000005e   Code   RO         5563    i.osThreadCreate    cmsis_os.o
    0x08005872   0x08005872   0x00000002   PAD
    0x08005874   0x08005874   0x00000098   Code   RO         5195    i.prvAddCurrentTaskToDelayedList  tasks.o
    0x0800590c   0x0800590c   0x000000b4   Code   RO         5196    i.prvAddNewTaskToReadyList  tasks.o
    0x080059c0   0x080059c0   0x00000048   Code   RO         5197    i.prvCheckTasksWaitingTermination  tasks.o
    0x08005a08   0x08005a08   0x00000050   Code   RO         5198    i.prvDeleteTCB      tasks.o
    0x08005a58   0x08005a58   0x0000007c   Code   RO         5891    i.prvHeapInit       heap_4.o
    0x08005ad4   0x08005ad4   0x00000028   Code   RO         5199    i.prvIdleTask       tasks.o
    0x08005afc   0x08005afc   0x000000b4   Code   RO         5200    i.prvInitialiseNewTask  tasks.o
    0x08005bb0   0x08005bb0   0x00000068   Code   RO         5201    i.prvInitialiseTaskLists  tasks.o
    0x08005c18   0x08005c18   0x00000068   Code   RO         5892    i.prvInsertBlockIntoFreeList  heap_4.o
    0x08005c80   0x08005c80   0x00000034   Code   RO         5202    i.prvResetNextTaskUnblockTime  tasks.o
    0x08005cb4   0x08005cb4   0x00000040   Code   RO         5960    i.prvTaskExitError  port.o
    0x08005cf4   0x08005cf4   0x0000014c   Code   RO         5893    i.pvPortMalloc      heap_4.o
    0x08005e40   0x08005e40   0x0000002c   Code   RO         5961    i.pxPortInitialiseStack  port.o
    0x08005e6c   0x08005e6c   0x00000028   Code   RO         4821    i.uxListRemove      list.o
    0x08005e94   0x08005e94   0x00000018   Code   RO          499    i.vApplicationGetIdleTaskMemory  freertos.o
    0x08005eac   0x08005eac   0x0000001a   Code   RO         4822    i.vListInitialise   list.o
    0x08005ec6   0x08005ec6   0x00000006   Code   RO         4823    i.vListInitialiseItem  list.o
    0x08005ecc   0x08005ecc   0x00000034   Code   RO         4824    i.vListInsert       list.o
    0x08005f00   0x08005f00   0x00000018   Code   RO         4825    i.vListInsertEnd    list.o
    0x08005f18   0x08005f18   0x00000054   Code   RO         5963    i.vPortEnterCritical  port.o
    0x08005f6c   0x08005f6c   0x0000003c   Code   RO         5964    i.vPortExitCritical  port.o
    0x08005fa8   0x08005fa8   0x000000a4   Code   RO         5894    i.vPortFree         heap_4.o
    0x0800604c   0x0800604c   0x00000028   Code   RO         5965    i.vPortSetupTimerInterrupt  port.o
    0x08006074   0x08006074   0x0000005c   Code   RO         5211    i.vTaskDelay        tasks.o
    0x080060d0   0x080060d0   0x000000b0   Code   RO         5224    i.vTaskStartScheduler  tasks.o
    0x08006180   0x08006180   0x00000010   Code   RO         5226    i.vTaskSuspendAll   tasks.o
    0x08006190   0x08006190   0x0000008c   Code   RO         5227    i.vTaskSwitchContext  tasks.o
    0x0800621c   0x0800621c   0x00000168   Code   RO         5967    i.xPortStartScheduler  port.o
    0x08006384   0x08006384   0x00000064   Code   RO         5230    i.xTaskCreate       tasks.o
    0x080063e8   0x080063e8   0x000000ba   Code   RO         5231    i.xTaskCreateStatic  tasks.o
    0x080064a2   0x080064a2   0x00000002   PAD
    0x080064a4   0x080064a4   0x00000148   Code   RO         5238    i.xTaskIncrementTick  tasks.o
    0x080065ec   0x080065ec   0x00000104   Code   RO         5244    i.xTaskResumeAll    tasks.o
    0x080066f0   0x080066f0   0x00000018   Code   RO         6086    x$fpl$dcmpinf       fz_wm.l(dcmpi.o)
    0x08006708   0x08006708   0x00000078   Code   RO         6062    x$fpl$dleqf         fz_wm.l(dleqf.o)
    0x08006780   0x08006780   0x0000009c   Code   RO         6088    x$fpl$dnaninf       fz_wm.l(dnaninf.o)
    0x0800681c   0x0800681c   0x0000000c   Code   RO         6064    x$fpl$dretinf       fz_wm.l(dretinf.o)
    0x08006828   0x08006828   0x0000006c   Code   RO         6053    x$fpl$drleqf        fz_wm.l(drleqf.o)
    0x08006894   0x08006894   0x00000056   Code   RO         6055    x$fpl$f2d           fz_wm.l(f2d.o)
    0x080068ea   0x080068ea   0x0000008c   Code   RO         6066    x$fpl$fnaninf       fz_wm.l(fnaninf.o)
    0x08006976   0x08006976   0x0000000a   Code   RO         6175    x$fpl$fpinit        fz_wm.l(fpinit.o)
    0x08006980   0x08006980   0x00000000   Code   RO         6068    x$fpl$usenofp       fz_wm.l(usenofp.o)
    0x08006980   0x08006980   0x0000005c   Data   RO          333    .constdata          main.o
    0x080069dc   0x080069dc   0x00000045   Data   RO          750    .constdata          app_dgt.o
    0x08006a21   0x08006a21   0x00000100   Data   RO          862    .constdata          app_i2cvsesp32.o
    0x08006b21   0x08006b21   0x00000018   Data   RO         4685    .constdata          system_stm32f4xx.o
    0x08006b39   0x08006b39   0x00000003   PAD
    0x08006b3c   0x08006b3c   0x0000001c   Data   RO          334    .conststring        main.o
    0x08006b58   0x08006b58   0x00000020   Data   RO         6231    Region$$Table       anon$$obj.o


    Execution Region RW_IRAM1 (Exec base: 0x20000000, Load base: 0x08006b78, Size: 0x00005e68, Max: 0x0002c000, ABSOLUTE, COMPRESSED[0x00000050])

    Exec Addr    Load Addr    Size         Type   Attr      Idx    E Section Name        Object

    0x20000000   COMPRESSED   0x00000064   Data   RW           24    .data               app_digital_input.o
    0x20000064   COMPRESSED   0x00000014   Data   RW          228    .data               app_rs485.o
    0x20000078   COMPRESSED   0x000000a0   Data   RW          335    .data               main.o
    0x20000118   COMPRESSED   0x0000000d   Data   RW          863    .data               app_i2cvsesp32.o
    0x20000125   COMPRESSED   0x00000001   PAD
    0x20000126   COMPRESSED   0x00000002   Data   RW          953    .data               app_weconhmi.o
    0x20000128   COMPRESSED   0x00000020   Data   RW         2386    .data               stm32f4xx_hal_flash.o
    0x20000148   COMPRESSED   0x00000009   Data   RW         3182    .data               stm32f4xx_hal.o
    0x20000151   COMPRESSED   0x00000003   PAD
    0x20000154   COMPRESSED   0x00000004   Data   RW         4686    .data               system_stm32f4xx.o
    0x20000158   COMPRESSED   0x0000003c   Data   RW         5247    .data               tasks.o
    0x20000194   COMPRESSED   0x00000020   Data   RW         5900    .data               heap_4.o
    0x200001b4   COMPRESSED   0x0000000c   Data   RW         5968    .data               port.o
    0x200001c0        -       0x00000904   Zero   RW          227    .bss                app_rs485.o
    0x20000ac4        -       0x00000180   Zero   RW          332    .bss                main.o
    0x20000c44        -       0x00000254   Zero   RW          500    .bss                freertos.o
    0x20000e98        -       0x00000048   Zero   RW          696    .bss                stm32f4xx_hal_timebase_tim.o
    0x20000ee0        -       0x00000032   Zero   RW          861    .bss                app_i2cvsesp32.o
    0x20000f12   COMPRESSED   0x00000002   PAD
    0x20000f14        -       0x000000f0   Zero   RW         5246    .bss                tasks.o
    0x20001004        -       0x00003c00   Zero   RW         5899    .bss                heap_4.o
    0x20004c04        -       0x00000060   Zero   RW         6105    .bss                c_w.l(libspace.o)
    0x20004c64   COMPRESSED   0x00000004   PAD
    0x20004c68        -       0x00000200   Zero   RW            2    HEAP                startup_stm32f407xx.o
    0x20004e68        -       0x00001000   Zero   RW            1    STACK               startup_stm32f407xx.o


    Execution Region RW_IRAM2 (Exec base: 0x2002c020, Load base: 0x08006bc8, Size: 0x00000000, Max: 0x00004000, ABSOLUTE)

    **** No section assigned to this execution region ****


==============================================================================

Image component sizes


      Code (inc. data)   RO Data    RW Data    ZI Data      Debug   Object Name

      1908        330         69          0          0      13526   app_dgt.o
       412         16          0        100          0     737565   app_digital_input.o
       642         62        256         13         50       7464   app_i2cvsesp32.o
      1298        170          0         20       2308       9820   app_rs485.o
       482        142          0          2          0       1596   app_weconhmi.o
       142          0          0          0          0      23531   cmsis_os.o
         0          0          0          0          0      17120   event_groups.o
        24         10          0          0        596       1388   freertos.o
       724         74          0         32      15360       7827   heap_4.o
       148          0          0          0          0       3918   list.o
      4596        720        120        160        384      52462   main.o
       894         78          0         12          0      11792   port.o
        64         26        392          0       4608        904   startup_stm32f407xx.o
       136         24          0          9          0       9122   stm32f4xx_hal.o
       260         22          0          0          0      33910   stm32f4xx_hal_cortex.o
       326          0          0          0          0       3842   stm32f4xx_hal_dac.o
       212          0          0          0          0       2131   stm32f4xx_hal_dma.o
       632         64          0         32          0       6546   stm32f4xx_hal_flash.o
        92          6          0          0          0        777   stm32f4xx_hal_flash_ex.o
       528         46          0          0          0       3019   stm32f4xx_hal_gpio.o
      1730         32          0          0          0       8845   stm32f4xx_hal_i2c.o
       632         66          0          0          0       4650   stm32f4xx_hal_msp.o
      1888         94          0          0          0       6749   stm32f4xx_hal_rcc.o
       416         20          0          0          0       1520   stm32f4xx_hal_rcc_ex.o
      1000         28          0          0          0       8625   stm32f4xx_hal_rtc.o
        36          0          0          0          0       1947   stm32f4xx_hal_rtc_ex.o
       866         76          0          0          0       6555   stm32f4xx_hal_tim.o
       184         30          0          0          0       2757   stm32f4xx_hal_tim_ex.o
       180         20          0          0         72       1628   stm32f4xx_hal_timebase_tim.o
      2400         14          0          0          0      13468   stm32f4xx_hal_uart.o
        70         18          0          0          0       4743   stm32f4xx_it.o
         0          0          0          0          0        392   stream_buffer.o
        20          6         24          4          0       1283   system_stm32f4xx.o
      2158        270          0         60        240      21541   tasks.o

    ----------------------------------------------------------------------
     25128       2464        896        448      23620    1032963   Object Totals
         0          0         32          0          0          0   (incl. Generated)
        28          0          3          4          2          0   (incl. Padding)

    ----------------------------------------------------------------------

      Code (inc. data)   RO Data    RW Data    ZI Data      Debug   Library Member Name

        90          0          0          0          0          0   __dczerorl2.o
         8          0          0          0          0         68   __main.o
         0          0          0          0          0          0   __rtentry.o
        12          0          0          0          0          0   __rtentry2.o
         6          0          0          0          0          0   __rtentry4.o
        52          8          0          0          0          0   __scatter.o
        28          0          0          0          0          0   __scatter_zi.o
        18          0          0          0          0         80   exit.o
         6          0          0          0          0        152   heapauxi.o
         0          0          0          0          0          0   indicate_semi.o
         2          0          0          0          0          0   libinit.o
         6          0          0          0          0          0   libinit2.o
         2          0          0          0          0          0   libshutdown.o
         2          0          0          0          0          0   libshutdown2.o
         8          4          0          0         96         68   libspace.o
       238          0          0          0          0        100   lludivv7m.o
        68          0          0          0          0         68   rt_memclr.o
        78          0          0          0          0         80   rt_memclr_w.o
       100          0          0          0          0         80   rt_memcpy_w.o
         2          0          0          0          0          0   rtexit.o
        10          0          0          0          0          0   rtexit2.o
        12          4          0          0          0         68   sys_exit.o
        74          0          0          0          0         80   sys_stackheap_outer.o
         2          0          0          0          0         68   use_no_semi.o
        24          0          0          0          0        116   dcmpi.o
       120          4          0          0          0        140   dleqf.o
       156          4          0          0          0        140   dnaninf.o
        12          0          0          0          0        116   dretinf.o
       108          0          0          0          0        128   drleqf.o
        86          4          0          0          0        132   f2d.o
       140          4          0          0          0        132   fnaninf.o
        10          0          0          0          0        116   fpinit.o
         0          0          0          0          0          0   usenofp.o

    ----------------------------------------------------------------------
      1488         32          0          0        100       1932   Library Totals
         8          0          0          0          4          0   (incl. Padding)

    ----------------------------------------------------------------------

      Code (inc. data)   RO Data    RW Data    ZI Data      Debug   Library Name

       824         16          0          0         96        912   c_w.l
       656         16          0          0          0       1020   fz_wm.l

    ----------------------------------------------------------------------
      1488         32          0          0        100       1932   Library Totals

    ----------------------------------------------------------------------

==============================================================================


      Code (inc. data)   RO Data    RW Data    ZI Data      Debug   

     26616       2496        896        448      23720    1014231   Grand Totals
     26616       2496        896         80      23720    1014231   ELF Image Totals (compressed)
     26616       2496        896         80          0          0   ROM Totals

==============================================================================

    Total RO  Size (Code + RO Data)                27512 (  26.87kB)
    Total RW  Size (RW Data + ZI Data)             24168 (  23.60kB)
    Total ROM Size (Code + RO Data + RW Data)      27592 (  26.95kB)

==============================================================================

