<html>
<body>
<pre>
<h1>µVision Build Log</h1>
<h2>Tool Versions:</h2>
IDE-Version: µVision V5.31.0.0
Copyright (C) 2020 ARM Ltd and ARM Germany GmbH. All rights reserved.
License Information: Otis Otis, Otis, LIC=ZB4EI-TQ1UW-30ANC-761VE-7NG0E-JDAHT
 
Tool Versions:
Toolchain:       MDK-ARM Plus  Version: 5.31.0.0
Toolchain Path:  C:\Keil_v5\ARM\ARMCC\Bin
C Compiler:      Armcc.exe V5.06 update 6 (build 750)
Assembler:       Armasm.exe V5.06 update 6 (build 750)
Linker/Locator:  ArmLink.exe V5.06 update 6 (build 750)
Library Manager: ArmAr.exe V5.06 update 6 (build 750)
Hex Converter:   FromElf.exe V5.06 update 6 (build 750)
CPU DLL:         SARMCM3.DLL V5.31.0.0
Dialog DLL:      DCM.DLL V1.17.3.0
Target DLL:      STLink\ST-LINKIII-KEIL_SWO.dll V3.0.7.0
Dialog DLL:      TCM.DLL V1.46.0.0
 
<h2>Project:</h2>
D:\1-Projects\ThacoLighting\DGT_2_3_Pha_Lora_Sim_GPS\03-SW-code\2_Code_STM32F4\Code_VXL_STM32F4\MDK-ARM\Code_VXL_STM32F4.uvprojx
Project File Date:  05/06/2026

<h2>Output:</h2>
*** Using Compiler 'V5.06 update 6 (build 750)', folder: 'C:\Keil_v5\ARM\ARMCC\Bin'
Build target 'Code_VXL_STM32F4'
compiling main.c...
../Inc/board_io.h(57): warning:  #1-D: last line of file ends without a newline
  #endif
../Inc/app_digital_input.h(56): warning:  #1-D: last line of file ends without a newline
  #endif /* APP_DIGITAL_INPUT_H */
../Src/main.c(279): warning:  #188-D: enumerated type mixed with another type
  	ETH_PWR_0;
../Src/main.c(893): warning:  #1035-D: single-precision operand implicitly converted to double-precision
  	if (dac_voltage>9.9) dac_voltage = 9.9f;
../Src/main.c(882): warning:  #177-D: variable "blink_state"  was declared but never referenced
  	static uint8_t blink_state = 0u;
../Src/main.c(824): warning:  #177-D: function "RTC_SetDateTime"  was declared but never referenced
  static void RTC_SetDateTime(void){ // SET RTC
../Src/main.c(843): warning:  #177-D: function "RTC_GetDateTime"  was declared but never referenced
  static void RTC_GetDateTime(void){ // Read RTC
../Src/main.c(859): warning:  #177-D: function "Check_2_5s_Event"  was declared but never referenced
  static uint8_t Check_2_5s_Event(void){
../Src/main.c: 8 warnings, 0 errors
linking...
Program Size: Code=26516 RO-data=872 RW-data=468 ZI-data=23716  
FromELF: creating hex file...
".\Code_VXL_STM32F4\Code_VXL_STM32F4.axf" - 0 Error(s), 8 Warning(s).

<h2>Software Packages used:</h2>

Package Vendor: ARM
                http://www.keil.com/pack/ARM.CMSIS.5.7.0.pack
                ARM.CMSIS.5.7.0
                CMSIS (Cortex Microcontroller Software Interface Standard)
   * Component: CORE Version: 5.4.0

Package Vendor: Keil
                https://www.keil.com/pack/Keil.STM32F4xx_DFP.2.17.1.pack
                Keil.STM32F4xx_DFP.2.17.1
                STMicroelectronics STM32F4 Series Device Support, Drivers and Examples

<h2>Collection of Component include folders:</h2>
  .\RTE\_Code_VXL_STM32F4
  C:\Users\Thinkpad\AppData\Local\Arm\Packs\ARM\CMSIS\5.7.0\CMSIS\Core\Include
  C:\Users\Thinkpad\AppData\Local\Arm\Packs\Keil\STM32F4xx_DFP\2.17.1\Drivers\CMSIS\Device\ST\STM32F4xx\Include

<h2>Collection of Component Files used:</h2>

   * Component: ARM::CMSIS:CORE:5.4.0
Build Time Elapsed:  00:00:01
</pre>
</body>
</html>
