<html>
<body>
<pre>
<h1>µVision Build Log</h1>
<h2>Tool Versions:</h2>
IDE-Version: µVision V5.31.0.0
Copyright (C) 2020 ARM Ltd and ARM Germany GmbH. All rights reserved.
License Information: Rav Ph, F, LIC=WHYH9-4NE17-SB9EJ-U8WK9-LM23E-619HH
 
Tool Versions:
Toolchain:       MDK-ARM Plus  Version: 5.31.0.0
Toolchain Path:  C:\Keil_v5\ARM\ARMCC\Bin
C Compiler:      Armcc.exe V5.06 update 6 (build 750)
Assembler:       Armasm.exe V5.06 update 6 (build 750)
Linker/Locator:  ArmLink.exe V5.06 update 6 (build 750)
Library Manager: ArmAr.exe V5.06 update 6 (build 750)
Hex Converter:   FromElf.exe V5.06 update 6 (build 750)
CPU DLL:         SARMCM3.DLL V5.31.0.0
Dialog DLL:      DCM.DLL V1.17.3.0
Target DLL:      Segger\JL2CM3.dll V2.99.38.0
Dialog DLL:      TCM.DLL V1.46.0.0
 
<h2>Project:</h2>
C:\Users\ADMIN\Desktop\_Workspace_\17_STM32F407VET6_SuuNyKit_DenGiaoThong_SuperBoard_Prj\05_MainBoard_STM32F407VE_SrcDev\Git_repo_01\DGT_2_Pha_Lora_Sim_GPS\MDK-ARM\Code_VXL_STM32F4.uvprojx
Project File Date:  05/16/2026

<h2>Output:</h2>
*** Using Compiler 'V5.06 update 6 (build 750)', folder: 'C:\Keil_v5\ARM\ARMCC\Bin'
Build target 'Code_VXL_STM32F4'
compiling ethernetif.c...
../Src/ethernetif.c(267): warning:  #550-D: variable "status1"  was set but never used
  	HAL_StatusTypeDef status1, status2;
../Src/ethernetif.c(267): warning:  #550-D: variable "status2"  was set but never used
  	HAL_StatusTypeDef status1, status2;
../Src/ethernetif.c: 2 warnings, 0 errors
linking...
Program Size: Code=66500 RO-data=1176 RW-data=432 ZI-data=74736  
FromELF: creating hex file...
"Code_VXL_STM32F4\Code_VXL_STM32F4.axf" - 0 Error(s), 2 Warning(s).

<h2>Software Packages used:</h2>

Package Vendor: ARM
                https://www.keil.com/pack/ARM.CMSIS.6.2.0.pack
                ARM.CMSIS.6.2.0
                CMSIS (Common Microcontroller Software Interface Standard)
   * Component: CORE Version: 6.1.1

Package Vendor: Keil
                https://www.keil.com/pack/Keil.STM32F4xx_DFP.3.1.1.pack
                Keil.STM32F4xx_DFP.3.1.1
                STMicroelectronics STM32F4 Series Device Support

<h2>Collection of Component include folders:</h2>
  .\RTE\_Code_VXL_STM32F4
  C:\Users\ADMIN\AppData\Local\Arm\Packs\ARM\CMSIS\6.2.0\CMSIS\Core\Include

<h2>Collection of Component Files used:</h2>

   * Component: ARM::CMSIS:CORE:6.1.1
Build Time Elapsed:  00:00:05
</pre>
</body>
</html>
