Component: ARM Compiler 5.06 update 6 (build 750) Tool: armlink [4d35ed]

==============================================================================

Section Cross References

    startup_stm32f407xx.o(STACK) refers (Special) to heapauxi.o(.text) for __use_two_region_memory
    startup_stm32f407xx.o(HEAP) refers (Special) to heapauxi.o(.text) for __use_two_region_memory
    startup_stm32f407xx.o(RESET) refers (Special) to heapauxi.o(.text) for __use_two_region_memory
    startup_stm32f407xx.o(RESET) refers to startup_stm32f407xx.o(STACK) for __initial_sp
    startup_stm32f407xx.o(RESET) refers to startup_stm32f407xx.o(.text) for Reset_Handler
    startup_stm32f407xx.o(RESET) refers to stm32f4xx_it.o(i.NMI_Handler) for NMI_Handler
    startup_stm32f407xx.o(RESET) refers to stm32f4xx_it.o(i.HardFault_Handler) for HardFault_Handler
    startup_stm32f407xx.o(RESET) refers to stm32f4xx_it.o(i.MemManage_Handler) for MemManage_Handler
    startup_stm32f407xx.o(RESET) refers to stm32f4xx_it.o(i.BusFault_Handler) for BusFault_Handler
    startup_stm32f407xx.o(RESET) refers to stm32f4xx_it.o(i.UsageFault_Handler) for UsageFault_Handler
    startup_stm32f407xx.o(RESET) refers to port.o(.emb_text) for SVC_Handler
    startup_stm32f407xx.o(RESET) refers to stm32f4xx_it.o(i.DebugMon_Handler) for DebugMon_Handler
    startup_stm32f407xx.o(RESET) refers to port.o(i.SysTick_Handler) for SysTick_Handler
    startup_stm32f407xx.o(RESET) refers to stm32f4xx_it.o(i.USART3_IRQHandler) for USART3_IRQHandler
    startup_stm32f407xx.o(RESET) refers to stm32f4xx_it.o(i.TIM8_TRG_COM_TIM14_IRQHandler) for TIM8_TRG_COM_TIM14_IRQHandler
    startup_stm32f407xx.o(RESET) refers to stm32f4xx_it.o(i.TIM7_IRQHandler) for TIM7_IRQHandler
    startup_stm32f407xx.o(.text) refers (Special) to heapauxi.o(.text) for __use_two_region_memory
    startup_stm32f407xx.o(.text) refers to system_stm32f4xx.o(i.SystemInit) for SystemInit
    startup_stm32f407xx.o(.text) refers to __main.o(!!!main) for __main
    startup_stm32f407xx.o(.text) refers to startup_stm32f407xx.o(HEAP) for Heap_Mem
    startup_stm32f407xx.o(.text) refers to startup_stm32f407xx.o(STACK) for Stack_Mem
    main.o(i.Check_5s_Event) refers to main.o(.data) for delay_count
    main.o(i.Flash_GetData) refers to main.o(i.Read_Flash) for Read_Flash
    main.o(i.Flash_WriteData) refers to stm32f4xx_hal_flash.o(i.HAL_FLASH_Unlock) for HAL_FLASH_Unlock
    main.o(i.Flash_WriteData) refers to stm32f4xx_hal_flash_ex.o(i.FLASH_Erase_Sector) for FLASH_Erase_Sector
    main.o(i.Flash_WriteData) refers to main.o(i.Write_Flash) for Write_Flash
    main.o(i.Flash_WriteData) refers to stm32f4xx_hal_flash.o(i.HAL_FLASH_Lock) for HAL_FLASH_Lock
    main.o(i.HAL_TIM_PeriodElapsedCallback) refers to stm32f4xx_hal.o(i.HAL_IncTick) for HAL_IncTick
    main.o(i.HAL_TIM_PeriodElapsedCallback) refers to main.o(.data) for t_count
    main.o(i.HAL_UART_RxCpltCallback) refers to main.o(i.crc_cal) for crc_cal
    main.o(i.HAL_UART_RxCpltCallback) refers to stm32f4xx_hal_uart.o(i.HAL_UART_Receive_IT) for HAL_UART_Receive_IT
    main.o(i.HAL_UART_RxCpltCallback) refers to main.o(.data) for rs485_state
    main.o(i.HAL_UART_RxCpltCallback) refers to main.o(.bss) for RS485_Rx_buff
    main.o(i.I2C_SendFrame) refers to stm32f4xx_hal_i2c.o(i.HAL_I2C_Master_Transmit) for HAL_I2C_Master_Transmit
    main.o(i.I2C_SendFrame) refers to main.o(.data) for I2C_Count
    main.o(i.I2C_SendFrame) refers to main.o(.bss) for txData
    main.o(i.LoadSettings_from_Flash) refers to main.o(.bss) for myFlashData
    main.o(i.LoadSettings_from_Flash) refers to main.o(.data) for Xanh2
    main.o(i.MX_DAC_Init) refers to stm32f4xx_hal_dac.o(i.HAL_DAC_Init) for HAL_DAC_Init
    main.o(i.MX_DAC_Init) refers to main.o(i.Error_Handler) for Error_Handler
    main.o(i.MX_DAC_Init) refers to stm32f4xx_hal_dac.o(i.HAL_DAC_ConfigChannel) for HAL_DAC_ConfigChannel
    main.o(i.MX_DAC_Init) refers to main.o(.bss) for hdac
    main.o(i.MX_GPIO_Init) refers to rt_memclr_w.o(.text) for __aeabi_memclr4
    main.o(i.MX_GPIO_Init) refers to stm32f4xx_hal_gpio.o(i.HAL_GPIO_WritePin) for HAL_GPIO_WritePin
    main.o(i.MX_GPIO_Init) refers to stm32f4xx_hal_gpio.o(i.HAL_GPIO_Init) for HAL_GPIO_Init
    main.o(i.MX_I2C1_Init) refers to stm32f4xx_hal_i2c.o(i.HAL_I2C_Init) for HAL_I2C_Init
    main.o(i.MX_I2C1_Init) refers to main.o(i.Error_Handler) for Error_Handler
    main.o(i.MX_I2C1_Init) refers to main.o(.bss) for hi2c1
    main.o(i.MX_RTC_Init) refers to rt_memclr_w.o(.text) for __aeabi_memclr4
    main.o(i.MX_RTC_Init) refers to stm32f4xx_hal_rtc.o(i.HAL_RTC_Init) for HAL_RTC_Init
    main.o(i.MX_RTC_Init) refers to main.o(i.Error_Handler) for Error_Handler
    main.o(i.MX_RTC_Init) refers to stm32f4xx_hal_rtc_ex.o(i.HAL_RTCEx_BKUPRead) for HAL_RTCEx_BKUPRead
    main.o(i.MX_RTC_Init) refers to stm32f4xx_hal_rtc.o(i.HAL_RTC_SetTime) for HAL_RTC_SetTime
    main.o(i.MX_RTC_Init) refers to stm32f4xx_hal_rtc.o(i.HAL_RTC_SetDate) for HAL_RTC_SetDate
[...]
    UART_Transmit_IT                         0x08004b29   Thumb Code    96  stm32f4xx_hal_uart.o(i.UART_Transmit_IT)
    i.UART_WaitOnFlagUntilTimeout            0x08004b88   Section        0  stm32f4xx_hal_uart.o(i.UART_WaitOnFlagUntilTimeout)
    UART_WaitOnFlagUntilTimeout              0x08004b89   Thumb Code   140  stm32f4xx_hal_uart.o(i.UART_WaitOnFlagUntilTimeout)
    i.USART3_IRQHandler                      0x08004c14   Section        0  stm32f4xx_it.o(i.USART3_IRQHandler)
    i.UsageFault_Handler                     0x08004c24   Section        0  stm32f4xx_it.o(i.UsageFault_Handler)
    i.Write_Flash                            0x08004c28   Section        0  main.o(i.Write_Flash)
    i.__NVIC_GetPriorityGrouping             0x08004c3c   Section        0  stm32f4xx_hal_cortex.o(i.__NVIC_GetPriorityGrouping)
    __NVIC_GetPriorityGrouping               0x08004c3d   Thumb Code    10  stm32f4xx_hal_cortex.o(i.__NVIC_GetPriorityGrouping)
    i.__NVIC_SetPriority                     0x08004c4c   Section        0  stm32f4xx_hal_cortex.o(i.__NVIC_SetPriority)
    __NVIC_SetPriority                       0x08004c4d   Thumb Code    32  stm32f4xx_hal_cortex.o(i.__NVIC_SetPriority)
    i.crc_cal                                0x08004c74   Section        0  main.o(i.crc_cal)
    crc_cal                                  0x08004c75   Thumb Code    66  main.o(i.crc_cal)
    i.main                                   0x08004cb8   Section        0  main.o(i.main)
    i.makeFreeRtosPriority                   0x08004d88   Section        0  cmsis_os.o(i.makeFreeRtosPriority)
    makeFreeRtosPriority                     0x08004d89   Thumb Code    14  cmsis_os.o(i.makeFreeRtosPriority)
    i.osDelay                                0x08004d96   Section        0  cmsis_os.o(i.osDelay)
    i.osKernelStart                          0x08004dae   Section        0  cmsis_os.o(i.osKernelStart)
    i.osThreadCreate                         0x08004db8   Section        0  cmsis_os.o(i.osThreadCreate)
    i.prvAddCurrentTaskToDelayedList         0x08004e18   Section        0  tasks.o(i.prvAddCurrentTaskToDelayedList)
    prvAddCurrentTaskToDelayedList           0x08004e19   Thumb Code   124  tasks.o(i.prvAddCurrentTaskToDelayedList)
    i.prvAddNewTaskToReadyList               0x08004eb0   Section        0  tasks.o(i.prvAddNewTaskToReadyList)
    prvAddNewTaskToReadyList                 0x08004eb1   Thumb Code   150  tasks.o(i.prvAddNewTaskToReadyList)
    i.prvCheckTasksWaitingTermination        0x08004f64   Section        0  tasks.o(i.prvCheckTasksWaitingTermination)
    prvCheckTasksWaitingTermination          0x08004f65   Thumb Code    60  tasks.o(i.prvCheckTasksWaitingTermination)
    i.prvDeleteTCB                           0x08004fac   Section        0  tasks.o(i.prvDeleteTCB)
    prvDeleteTCB                             0x08004fad   Thumb Code    80  tasks.o(i.prvDeleteTCB)
    i.prvHeapInit                            0x08004ffc   Section        0  heap_4.o(i.prvHeapInit)
    prvHeapInit                              0x08004ffd   Thumb Code    98  heap_4.o(i.prvHeapInit)
    i.prvIdleTask                            0x08005078   Section        0  tasks.o(i.prvIdleTask)
    prvIdleTask                              0x08005079   Thumb Code    32  tasks.o(i.prvIdleTask)
    i.prvInitialiseNewTask                   0x080050a0   Section        0  tasks.o(i.prvInitialiseNewTask)
    prvInitialiseNewTask                     0x080050a1   Thumb Code   180  tasks.o(i.prvInitialiseNewTask)
    i.prvInitialiseTaskLists                 0x08005154   Section        0  tasks.o(i.prvInitialiseTaskLists)
    prvInitialiseTaskLists                   0x08005155   Thumb Code    70  tasks.o(i.prvInitialiseTaskLists)
    i.prvInsertBlockIntoFreeList             0x080051bc   Section        0  heap_4.o(i.prvInsertBlockIntoFreeList)
    prvInsertBlockIntoFreeList               0x080051bd   Thumb Code    96  heap_4.o(i.prvInsertBlockIntoFreeList)
    i.prvResetNextTaskUnblockTime            0x08005224   Section        0  tasks.o(i.prvResetNextTaskUnblockTime)
    prvResetNextTaskUnblockTime              0x08005225   Thumb Code    42  tasks.o(i.prvResetNextTaskUnblockTime)
    i.prvTaskExitError                       0x08005258   Section        0  port.o(i.prvTaskExitError)
    prvTaskExitError                         0x08005259   Thumb Code    60  port.o(i.prvTaskExitError)
    i.pvPortMalloc                           0x08005298   Section        0  heap_4.o(i.pvPortMalloc)
    i.pxPortInitialiseStack                  0x080053e4   Section        0  port.o(i.pxPortInitialiseStack)
    i.uxListRemove                           0x08005410   Section        0  list.o(i.uxListRemove)
    i.vApplicationGetIdleTaskMemory          0x08005438   Section        0  freertos.o(i.vApplicationGetIdleTaskMemory)
    i.vListInitialise                        0x08005450   Section        0  list.o(i.vListInitialise)
    i.vListInitialiseItem                    0x0800546a   Section        0  list.o(i.vListInitialiseItem)
    i.vListInsert                            0x08005470   Section        0  list.o(i.vListInsert)
    i.vListInsertEnd                         0x080054a4   Section        0  list.o(i.vListInsertEnd)
    i.vPortEnterCritical                     0x080054bc   Section        0  port.o(i.vPortEnterCritical)
    i.vPortExitCritical                      0x08005510   Section        0  port.o(i.vPortExitCritical)
    i.vPortFree                              0x0800554c   Section        0  heap_4.o(i.vPortFree)
    i.vPortSetupTimerInterrupt               0x080055f0   Section        0  port.o(i.vPortSetupTimerInterrupt)
    i.vTaskDelay                             0x08005618   Section        0  tasks.o(i.vTaskDelay)
    i.vTaskStartScheduler                    0x08005674   Section        0  tasks.o(i.vTaskStartScheduler)
    i.vTaskSuspendAll                        0x08005724   Section        0  tasks.o(i.vTaskSuspendAll)
    i.vTaskSwitchContext                     0x08005734   Section        0  tasks.o(i.vTaskSwitchContext)
    i.xPortStartScheduler                    0x080057c0   Section        0  port.o(i.xPortStartScheduler)
    i.xTaskCreate                            0x08005928   Section        0  tasks.o(i.xTaskCreate)
    i.xTaskCreateStatic                      0x0800598c   Section        0  tasks.o(i.xTaskCreateStatic)
    i.xTaskIncrementTick                     0x08005a48   Section        0  tasks.o(i.xTaskIncrementTick)
    i.xTaskResumeAll                         0x08005b90   Section        0  tasks.o(i.xTaskResumeAll)
    x$fpl$dcmpinf                            0x08005c94   Section       24  dcmpi.o(x$fpl$dcmpinf)
    $v0                                      0x08005c94   Number         0  dcmpi.o(x$fpl$dcmpinf)
    x$fpl$dleqf                              0x08005cac   Section      120  dleqf.o(x$fpl$dleqf)
    $v0                                      0x08005cac   Number         0  dleqf.o(x$fpl$dleqf)
    x$fpl$dnaninf                            0x08005d24   Section      156  dnaninf.o(x$fpl$dnaninf)
    $v0                                      0x08005d24   Number         0  dnaninf.o(x$fpl$dnaninf)
    x$fpl$dretinf                            0x08005dc0   Section       12  dretinf.o(x$fpl$dretinf)
    $v0                                      0x08005dc0   Number         0  dretinf.o(x$fpl$dretinf)
    x$fpl$drleqf                             0x08005dcc   Section      108  drleqf.o(x$fpl$drleqf)
    $v0                                      0x08005dcc   Number         0  drleqf.o(x$fpl$drleqf)
    x$fpl$f2d                                0x08005e38   Section       86  f2d.o(x$fpl$f2d)
    $v0                                      0x08005e38   Number         0  f2d.o(x$fpl$f2d)
    x$fpl$fnaninf                            0x08005e8e   Section      140  fnaninf.o(x$fpl$fnaninf)
    $v0                                      0x08005e8e   Number         0  fnaninf.o(x$fpl$fnaninf)
    x$fpl$fpinit                             0x08005f1a   Section       10  fpinit.o(x$fpl$fpinit)
    $v0                                      0x08005f1a   Number         0  fpinit.o(x$fpl$fpinit)
    .constdata                               0x08005f24   Section      324  main.o(.constdata)
    x$fpl$usenofp                            0x08005f24   Section        0  usenofp.o(x$fpl$usenofp)
    .constdata                               0x08006068   Section       24  system_stm32f4xx.o(.constdata)
    .conststring                             0x08006080   Section       28  main.o(.conststring)
    .data                                    0x20000000   Section      212  main.o(.data)
    time_prev                                0x200000d0   Data           4  main.o(.data)
    .data                                    0x200000d4   Section       32  stm32f4xx_hal_flash.o(.data)
    .data                                    0x200000f4   Section        9  stm32f4xx_hal.o(.data)
    .data                                    0x20000100   Section        4  system_stm32f4xx.o(.data)
    .data                                    0x20000104   Section       60  tasks.o(.data)
    pxDelayedTaskList                        0x20000108   Data           4  tasks.o(.data)
    pxOverflowDelayedTaskList                0x2000010c   Data           4  tasks.o(.data)
    uxDeletedTasksWaitingCleanUp             0x20000110   Data           4  tasks.o(.data)
    uxCurrentNumberOfTasks                   0x20000114   Data           4  tasks.o(.data)
    xTickCount                               0x20000118   Data           4  tasks.o(.data)
    uxTopReadyPriority                       0x2000011c   Data           4  tasks.o(.data)
    xSchedulerRunning                        0x20000120   Data           4  tasks.o(.data)
    xPendedTicks                             0x20000124   Data           4  tasks.o(.data)
    xYieldPending                            0x20000128   Data           4  tasks.o(.data)
    xNumOfOverflows                          0x2000012c   Data           4  tasks.o(.data)
    uxTaskNumber                             0x20000130   Data           4  tasks.o(.data)
    xNextTaskUnblockTime                     0x20000134   Data           4  tasks.o(.data)
    xIdleTaskHandle                          0x20000138   Data           4  tasks.o(.data)
    uxSchedulerSuspended                     0x2000013c   Data           4  tasks.o(.data)
    .data                                    0x20000140   Section       32  heap_4.o(.data)
    xStart                                   0x20000140   Data           8  heap_4.o(.data)
    pxEnd                                    0x20000148   Data           4  heap_4.o(.data)
    xFreeBytesRemaining                      0x2000014c   Data           4  heap_4.o(.data)
    xMinimumEverFreeBytesRemaining           0x20000150   Data           4  heap_4.o(.data)
    xNumberOfSuccessfulAllocations           0x20000154   Data           4  heap_4.o(.data)
    xNumberOfSuccessfulFrees                 0x20000158   Data           4  heap_4.o(.data)
    xBlockAllocatedBit                       0x2000015c   Data           4  heap_4.o(.data)
    .data                                    0x20000160   Section       12  port.o(.data)
    uxCriticalNesting                        0x20000160   Data           4  port.o(.data)
    ucMaxSysCallPriority                     0x20000164   Data           1  port.o(.data)
    ulMaxPRIGROUPValue                       0x20000168   Data           4  port.o(.data)
    .bss                                     0x2000016c   Section     2712  main.o(.bss)
    .bss                                     0x20000c04   Section      596  freertos.o(.bss)
    xIdleTaskTCBBuffer                       0x20000c04   Data          84  freertos.o(.bss)
    xIdleStack                               0x20000c58   Data         512  freertos.o(.bss)
    .bss                                     0x20000e58   Section       72  stm32f4xx_hal_timebase_tim.o(.bss)
    .bss                                     0x20000ea0   Section      240  tasks.o(.bss)
    pxReadyTasksLists                        0x20000ea0   Data         140  tasks.o(.bss)
    xDelayedTaskList1                        0x20000f2c   Data          20  tasks.o(.bss)
    xDelayedTaskList2                        0x20000f40   Data          20  tasks.o(.bss)
    xPendingReadyList                        0x20000f54   Data          20  tasks.o(.bss)
    xTasksWaitingTermination                 0x20000f68   Data          20  tasks.o(.bss)
    xSuspendedTaskList                       0x20000f7c   Data          20  tasks.o(.bss)
    .bss                                     0x20000f90   Section    15360  heap_4.o(.bss)
    ucHeap                                   0x20000f90   Data       15360  heap_4.o(.bss)
    .bss                                     0x20004b90   Section       96  libspace.o(.bss)
    HEAP                                     0x20004bf0   Section      512  startup_stm32f407xx.o(HEAP)
    Heap_Mem                                 0x20004bf0   Data         512  startup_stm32f407xx.o(HEAP)
    STACK                                    0x20004df0   Section     4096  startup_stm32f407xx.o(STACK)
    Stack_Mem                                0x20004df0   Data        4096  startup_stm32f407xx.o(STACK)
    __initial_sp                             0x20005df0   Data           0  startup_stm32f407xx.o(STACK)

    Global Symbols

    Symbol Name                              Value     Ov Type        Size  Object(Section)

    BuildAttributes$$THM_ISAv4$E$P$D$K$B$S$7EM$VFPi3$EXTD16$VFPS$VFMA$PE$A:L22UL41UL21$X:L11$S22US41US21$IEEE1$IW$USESV6$~STKCKD$USESV7$~SHL$OSPACE$ROPI$EBA8$UX$STANDARDLIB$REQ8$PRES8$EABIv2 0x00000000   Number         0  anon$$obj.o ABSOLUTE
    __ARM_use_no_argv                        0x00000000   Number         0  main.o ABSOLUTE
    __ARM_exceptions_init                     - Undefined Weak Reference
    __alloca_initialize                       - Undefined Weak Reference
    __arm_preinit_                            - Undefined Weak Reference
    __cpp_initialize__aeabi_                  - Undefined Weak Reference
    __cxa_finalize                            - Undefined Weak Reference
    __rt_locale                               - Undefined Weak Reference
    __sigvec_lookup                           - Undefined Weak Reference
    _atexit_init                              - Undefined Weak Reference
    _call_atexit_fns                          - Undefined Weak Reference
    _clock_init                               - Undefined Weak Reference
    _fp_trap_init                             - Undefined Weak Reference
    _fp_trap_shutdown                         - Undefined Weak Reference
    _get_lc_collate                           - Undefined Weak Reference
    _get_lc_ctype                             - Undefined Weak Reference
    _get_lc_monetary                          - Undefined Weak Reference
    _get_lc_numeric                           - Undefined Weak Reference
    _get_lc_time                              - Undefined Weak Reference
    _getenv_init                              - Undefined Weak Reference
    _handle_redirection                       - Undefined Weak Reference
    _init_alloc                               - Undefined Weak Reference
    _init_user_alloc                          - Undefined Weak Reference
    _initio                                   - Undefined Weak Reference
    _rand_init                                - Undefined Weak Reference
    _signal_finish                            - Undefined Weak Reference
    _signal_init                              - Undefined Weak Reference
    _terminate_alloc                          - Undefined Weak Reference
    _terminate_user_alloc                     - Undefined Weak Reference
    _terminateio                              - Undefined Weak Reference
    __Vectors_Size                           0x00000188   Number         0  startup_stm32f407xx.o ABSOLUTE
    __Vectors                                0x08000000   Data           4  startup_stm32f407xx.o(RESET)
    __Vectors_End                            0x08000188   Data           0  startup_stm32f407xx.o(RESET)
    __main                                   0x08000189   Thumb Code     8  __main.o(!!!main)
    __scatterload                            0x08000191   Thumb Code     0  __scatter.o(!!!scatter)
    __scatterload_rt2                        0x08000191   Thumb Code    44  __scatter.o(!!!scatter)
    __scatterload_rt2_thumb_only             0x08000191   Thumb Code     0  __scatter.o(!!!scatter)
    __scatterload_null                       0x0800019f   Thumb Code     0  __scatter.o(!!!scatter)
    __decompress                             0x080001c5   Thumb Code    90  __dczerorl2.o(!!dczerorl2)
    __decompress1                            0x080001c5   Thumb Code     0  __dczerorl2.o(!!dczerorl2)
    __scatterload_zeroinit                   0x08000221   Thumb Code    28  __scatter_zi.o(!!handler_zi)
    __rt_lib_init                            0x0800023d   Thumb Code     0  libinit.o(.ARM.Collect$$libinit$$00000000)
    __rt_lib_init_fp_1                       0x0800023f   Thumb Code     0  libinit2.o(.ARM.Collect$$libinit$$00000001)
    __rt_lib_init_alloca_1                   0x08000243   Thumb Code     0  libinit2.o(.ARM.Collect$$libinit$$0000002E)
    __rt_lib_init_argv_1                     0x08000243   Thumb Code     0  libinit2.o(.ARM.Collect$$libinit$$0000002C)
    __rt_lib_init_atexit_1                   0x08000243   Thumb Code     0  libinit2.o(.ARM.Collect$$libinit$$0000001B)
    __rt_lib_init_clock_1                    0x08000243   Thumb Code     0  libinit2.o(.ARM.Collect$$libinit$$00000021)
    __rt_lib_init_cpp_1                      0x08000243   Thumb Code     0  libinit2.o(.ARM.Collect$$libinit$$00000032)
    __rt_lib_init_exceptions_1               0x08000243   Thumb Code     0  libinit2.o(.ARM.Collect$$libinit$$00000030)
    __rt_lib_init_fp_trap_1                  0x08000243   Thumb Code     0  libinit2.o(.ARM.Collect$$libinit$$0000001F)
    __rt_lib_init_getenv_1                   0x08000243   Thumb Code     0  libinit2.o(.ARM.Collect$$libinit$$00000023)
    __rt_lib_init_heap_1                     0x08000243   Thumb Code     0  libinit2.o(.ARM.Collect$$libinit$$0000000A)
    __rt_lib_init_lc_collate_1               0x08000243   Thumb Code     0  libinit2.o(.ARM.Collect$$libinit$$00000011)
    __rt_lib_init_lc_ctype_1                 0x08000243   Thumb Code     0  libinit2.o(.ARM.Collect$$libinit$$00000013)
    __rt_lib_init_lc_monetary_1              0x08000243   Thumb Code     0  libinit2.o(.ARM.Collect$$libinit$$00000015)
    __rt_lib_init_lc_numeric_1               0x08000243   Thumb Code     0  libinit2.o(.ARM.Collect$$libinit$$00000017)
    __rt_lib_init_lc_time_1                  0x08000243   Thumb Code     0  libinit2.o(.ARM.Collect$$libinit$$00000019)
    __rt_lib_init_preinit_1                  0x08000243   Thumb Code     0  libinit2.o(.ARM.Collect$$libinit$$00000004)
    __rt_lib_init_rand_1                     0x08000243   Thumb Code     0  libinit2.o(.ARM.Collect$$libinit$$0000000E)
    __rt_lib_init_return                     0x08000243   Thumb Code     0  libinit2.o(.ARM.Collect$$libinit$$00000033)
    __rt_lib_init_signal_1                   0x08000243   Thumb Code     0  libinit2.o(.ARM.Collect$$libinit$$0000001D)
    __rt_lib_init_stdio_1                    0x08000243   Thumb Code     0  libinit2.o(.ARM.Collect$$libinit$$00000025)
    __rt_lib_init_user_alloc_1               0x08000243   Thumb Code     0  libinit2.o(.ARM.Collect$$libinit$$0000000C)
    __rt_lib_shutdown                        0x08000245   Thumb Code     0  libshutdown.o(.ARM.Collect$$libshutdown$$00000000)
    __rt_lib_shutdown_cpp_1                  0x08000247   Thumb Code     0  libshutdown2.o(.ARM.Collect$$libshutdown$$00000002)
    __rt_lib_shutdown_fp_trap_1              0x08000247   Thumb Code     0  libshutdown2.o(.ARM.Collect$$libshutdown$$00000007)
    __rt_lib_shutdown_heap_1                 0x08000247   Thumb Code     0  libshutdown2.o(.ARM.Collect$$libshutdown$$0000000F)
    __rt_lib_shutdown_return                 0x08000247   Thumb Code     0  libshutdown2.o(.ARM.Collect$$libshutdown$$00000010)
    __rt_lib_shutdown_signal_1               0x08000247   Thumb Code     0  libshutdown2.o(.ARM.Collect$$libshutdown$$0000000A)
    __rt_lib_shutdown_stdio_1                0x08000247   Thumb Code     0  libshutdown2.o(.ARM.Collect$$libshutdown$$00000004)
    __rt_lib_shutdown_user_alloc_1           0x08000247   Thumb Code     0  libshutdown2.o(.ARM.Collect$$libshutdown$$0000000C)
    __rt_entry                               0x08000249   Thumb Code     0  __rtentry.o(.ARM.Collect$$rtentry$$00000000)
    __rt_entry_presh_1                       0x08000249   Thumb Code     0  __rtentry2.o(.ARM.Collect$$rtentry$$00000002)
    __rt_entry_sh                            0x08000249   Thumb Code     0  __rtentry4.o(.ARM.Collect$$rtentry$$00000004)
    __rt_entry_li                            0x0800024f   Thumb Code     0  __rtentry2.o(.ARM.Collect$$rtentry$$0000000A)
    __rt_entry_postsh_1                      0x0800024f   Thumb Code     0  __rtentry2.o(.ARM.Collect$$rtentry$$00000009)
    __rt_entry_main                          0x08000253   Thumb Code     0  __rtentry2.o(.ARM.Collect$$rtentry$$0000000D)
    __rt_entry_postli_1                      0x08000253   Thumb Code     0  __rtentry2.o(.ARM.Collect$$rtentry$$0000000C)
    __rt_exit                                0x0800025b   Thumb Code     0  rtexit.o(.ARM.Collect$$rtexit$$00000000)
    __rt_exit_ls                             0x0800025d   Thumb Code     0  rtexit2.o(.ARM.Collect$$rtexit$$00000003)
    __rt_exit_prels_1                        0x0800025d   Thumb Code     0  rtexit2.o(.ARM.Collect$$rtexit$$00000002)
    __rt_exit_exit                           0x08000261   Thumb Code     0  rtexit2.o(.ARM.Collect$$rtexit$$00000004)
    SVC_Handler                              0x08000269   Thumb Code    28  port.o(.emb_text)
    __asm___6_port_c_39a90d8d__prvStartFirstTask 0x08000289   Thumb Code    36  port.o(.emb_text)
    __asm___6_port_c_39a90d8d__prvEnableVFP  0x080002b1   Thumb Code    16  port.o(.emb_text)
    PendSV_Handler                           0x080002c5   Thumb Code    88  port.o(.emb_text)
    vPortGetIPSR                             0x08000321   Thumb Code     6  port.o(.emb_text)
    Reset_Handler                            0x08000329   Thumb Code     8  startup_stm32f407xx.o(.text)
    ADC_IRQHandler                           0x08000343   Thumb Code     0  startup_stm32f407xx.o(.text)
    CAN1_RX0_IRQHandler                      0x08000343   Thumb Code     0  startup_stm32f407xx.o(.text)
    CAN1_RX1_IRQHandler                      0x08000343   Thumb Code     0  startup_stm32f407xx.o(.text)
    CAN1_SCE_IRQHandler                      0x08000343   Thumb Code     0  startup_stm32f407xx.o(.text)
    CAN1_TX_IRQHandler                       0x08000343   Thumb Code     0  startup_stm32f407xx.o(.text)
    CAN2_RX0_IRQHandler                      0x08000343   Thumb Code     0  startup_stm32f407xx.o(.text)
    CAN2_RX1_IRQHandler                      0x08000343   Thumb Code     0  startup_stm32f407xx.o(.text)
    CAN2_SCE_IRQHandler                      0x08000343   Thumb Code     0  startup_stm32f407xx.o(.text)
    CAN2_TX_IRQHandler                       0x08000343   Thumb Code     0  startup_stm32f407xx.o(.text)
    DCMI_IRQHandler                          0x08000343   Thumb Code     0  startup_stm32f407xx.o(.text)
    DMA1_Stream0_IRQHandler                  0x08000343   Thumb Code     0  startup_stm32f407xx.o(.text)
    DMA1_Stream1_IRQHandler                  0x08000343   Thumb Code     0  startup_stm32f407xx.o(.text)
    DMA1_Stream2_IRQHandler                  0x08000343   Thumb Code     0  startup_stm32f407xx.o(.text)
    DMA1_Stream3_IRQHandler                  0x08000343   Thumb Code     0  startup_stm32f407xx.o(.text)
    DMA1_Stream4_IRQHandler                  0x08000343   Thumb Code     0  startup_stm32f407xx.o(.text)
    DMA1_Stream5_IRQHandler                  0x08000343   Thumb Code     0  startup_stm32f407xx.o(.text)
    DMA1_Stream6_IRQHandler                  0x08000343   Thumb Code     0  startup_stm32f407xx.o(.text)
    DMA1_Stream7_IRQHandler                  0x08000343   Thumb Code     0  startup_stm32f407xx.o(.text)
    DMA2_Stream0_IRQHandler                  0x08000343   Thumb Code     0  startup_stm32f407xx.o(.text)
    DMA2_Stream1_IRQHandler                  0x08000343   Thumb Code     0  startup_stm32f407xx.o(.text)
    DMA2_Stream2_IRQHandler                  0x08000343   Thumb Code     0  startup_stm32f407xx.o(.text)
    DMA2_Stream3_IRQHandler                  0x08000343   Thumb Code     0  startup_stm32f407xx.o(.text)
    DMA2_Stream4_IRQHandler                  0x08000343   Thumb Code     0  startup_stm32f407xx.o(.text)
    DMA2_Stream5_IRQHandler                  0x08000343   Thumb Code     0  startup_stm32f407xx.o(.text)
    DMA2_Stream6_IRQHandler                  0x08000343   Thumb Code     0  startup_stm32f407xx.o(.text)
    DMA2_Stream7_IRQHandler                  0x08000343   Thumb Code     0  startup_stm32f407xx.o(.text)
    ETH_IRQHandler                           0x08000343   Thumb Code     0  startup_stm32f407xx.o(.text)
    ETH_WKUP_IRQHandler                      0x08000343   Thumb Code     0  startup_stm32f407xx.o(.text)
    EXTI0_IRQHandler                         0x08000343   Thumb Code     0  startup_stm32f407xx.o(.text)
    EXTI15_10_IRQHandler                     0x08000343   Thumb Code     0  startup_stm32f407xx.o(.text)
    EXTI1_IRQHandler                         0x08000343   Thumb Code     0  startup_stm32f407xx.o(.text)
    EXTI2_IRQHandler                         0x08000343   Thumb Code     0  startup_stm32f407xx.o(.text)
    EXTI3_IRQHandler                         0x08000343   Thumb Code     0  startup_stm32f407xx.o(.text)
    EXTI4_IRQHandler                         0x08000343   Thumb Code     0  startup_stm32f407xx.o(.text)
    EXTI9_5_IRQHandler                       0x08000343   Thumb Code     0  startup_stm32f407xx.o(.text)
    FLASH_IRQHandler                         0x08000343   Thumb Code     0  startup_stm32f407xx.o(.text)
    FMC_IRQHandler                           0x08000343   Thumb Code     0  startup_stm32f407xx.o(.text)
    FPU_IRQHandler                           0x08000343   Thumb Code     0  startup_stm32f407xx.o(.text)
    HASH_RNG_IRQHandler                      0x08000343   Thumb Code     0  startup_stm32f407xx.o(.text)
    I2C1_ER_IRQHandler                       0x08000343   Thumb Code     0  startup_stm32f407xx.o(.text)
    I2C1_EV_IRQHandler                       0x08000343   Thumb Code     0  startup_stm32f407xx.o(.text)
    I2C2_ER_IRQHandler                       0x08000343   Thumb Code     0  startup_stm32f407xx.o(.text)
    I2C2_EV_IRQHandler                       0x08000343   Thumb Code     0  startup_stm32f407xx.o(.text)
    I2C3_ER_IRQHandler                       0x08000343   Thumb Code     0  startup_stm32f407xx.o(.text)
    I2C3_EV_IRQHandler                       0x08000343   Thumb Code     0  startup_stm32f407xx.o(.text)
    OTG_FS_IRQHandler                        0x08000343   Thumb Code     0  startup_stm32f407xx.o(.text)
    OTG_FS_WKUP_IRQHandler                   0x08000343   Thumb Code     0  startup_stm32f407xx.o(.text)
    OTG_HS_EP1_IN_IRQHandler                 0x08000343   Thumb Code     0  startup_stm32f407xx.o(.text)
    OTG_HS_EP1_OUT_IRQHandler                0x08000343   Thumb Code     0  startup_stm32f407xx.o(.text)
    OTG_HS_IRQHandler                        0x08000343   Thumb Code     0  startup_stm32f407xx.o(.text)
    OTG_HS_WKUP_IRQHandler                   0x08000343   Thumb Code     0  startup_stm32f407xx.o(.text)
    PVD_IRQHandler                           0x08000343   Thumb Code     0  startup_stm32f407xx.o(.text)
    RCC_IRQHandler                           0x08000343   Thumb Code     0  startup_stm32f407xx.o(.text)
    RTC_Alarm_IRQHandler                     0x08000343   Thumb Code     0  startup_stm32f407xx.o(.text)
    RTC_WKUP_IRQHandler                      0x08000343   Thumb Code     0  startup_stm32f407xx.o(.text)
    SDIO_IRQHandler                          0x08000343   Thumb Code     0  startup_stm32f407xx.o(.text)
    SPI1_IRQHandler                          0x08000343   Thumb Code     0  startup_stm32f407xx.o(.text)
    SPI2_IRQHandler                          0x08000343   Thumb Code     0  startup_stm32f407xx.o(.text)
    SPI3_IRQHandler                          0x08000343   Thumb Code     0  startup_stm32f407xx.o(.text)
    TAMP_STAMP_IRQHandler                    0x08000343   Thumb Code     0  startup_stm32f407xx.o(.text)
    TIM1_BRK_TIM9_IRQHandler                 0x08000343   Thumb Code     0  startup_stm32f407xx.o(.text)
    TIM1_CC_IRQHandler                       0x08000343   Thumb Code     0  startup_stm32f407xx.o(.text)
    TIM1_TRG_COM_TIM11_IRQHandler            0x08000343   Thumb Code     0  startup_stm32f407xx.o(.text)
    TIM1_UP_TIM10_IRQHandler                 0x08000343   Thumb Code     0  startup_stm32f407xx.o(.text)
    TIM2_IRQHandler                          0x08000343   Thumb Code     0  startup_stm32f407xx.o(.text)
    TIM3_IRQHandler                          0x08000343   Thumb Code     0  startup_stm32f407xx.o(.text)
    TIM4_IRQHandler                          0x08000343   Thumb Code     0  startup_stm32f407xx.o(.text)
    TIM5_IRQHandler                          0x08000343   Thumb Code     0  startup_stm32f407xx.o(.text)
    TIM6_DAC_IRQHandler                      0x08000343   Thumb Code     0  startup_stm32f407xx.o(.text)
    TIM8_BRK_TIM12_IRQHandler                0x08000343   Thumb Code     0  startup_stm32f407xx.o(.text)
    TIM8_CC_IRQHandler                       0x08000343   Thumb Code     0  startup_stm32f407xx.o(.text)
    TIM8_UP_TIM13_IRQHandler                 0x08000343   Thumb Code     0  startup_stm32f407xx.o(.text)
    UART4_IRQHandler                         0x08000343   Thumb Code     0  startup_stm32f407xx.o(.text)
    UART5_IRQHandler                         0x08000343   Thumb Code     0  startup_stm32f407xx.o(.text)
    USART1_IRQHandler                        0x08000343   Thumb Code     0  startup_stm32f407xx.o(.text)
    USART2_IRQHandler                        0x08000343   Thumb Code     0  startup_stm32f407xx.o(.text)
    USART6_IRQHandler                        0x08000343   Thumb Code     0  startup_stm32f407xx.o(.text)
    WWDG_IRQHandler                          0x08000343   Thumb Code     0  startup_stm32f407xx.o(.text)
    __user_initial_stackheap                 0x08000345   Thumb Code     0  startup_stm32f407xx.o(.text)
    __aeabi_uldivmod                         0x08000369   Thumb Code     0  lludivv7m.o(.text)
    _ll_udiv                                 0x08000369   Thumb Code   238  lludivv7m.o(.text)
    __aeabi_memcpy4                          0x08000457   Thumb Code     0  rt_memcpy_w.o(.text)
    __aeabi_memcpy8                          0x08000457   Thumb Code     0  rt_memcpy_w.o(.text)
    __rt_memcpy_w                            0x08000457   Thumb Code   100  rt_memcpy_w.o(.text)
    _memcpy_lastbytes_aligned                0x0800049f   Thumb Code     0  rt_memcpy_w.o(.text)
    __aeabi_memclr                           0x080004bb   Thumb Code     0  rt_memclr.o(.text)
    __rt_memclr                              0x080004bb   Thumb Code    68  rt_memclr.o(.text)
    _memset                                  0x080004bf   Thumb Code     0  rt_memclr.o(.text)
    __aeabi_memclr4                          0x080004ff   Thumb Code     0  rt_memclr_w.o(.text)
    __aeabi_memclr8                          0x080004ff   Thumb Code     0  rt_memclr_w.o(.text)
    __rt_memclr_w                            0x080004ff   Thumb Code    78  rt_memclr_w.o(.text)
    _memset_w                                0x08000503   Thumb Code     0  rt_memclr_w.o(.text)
    __use_two_region_memory                  0x0800054d   Thumb Code     2  heapauxi.o(.text)
    __rt_heap_escrow$2region                 0x0800054f   Thumb Code     2  heapauxi.o(.text)
    __rt_heap_expand$2region                 0x08000551   Thumb Code     2  heapauxi.o(.text)
    __user_setup_stackheap                   0x08000553   Thumb Code    74  sys_stackheap_outer.o(.text)
    exit                                     0x0800059d   Thumb Code    18  exit.o(.text)
    __user_libspace                          0x080005b1   Thumb Code     8  libspace.o(.text)
    __user_perproc_libspace                  0x080005b1   Thumb Code     0  libspace.o(.text)
    __user_perthread_libspace                0x080005b1   Thumb Code     0  libspace.o(.text)
    _sys_exit                                0x080005b9   Thumb Code     8  sys_exit.o(.text)
    __I$use$semihosting                      0x080005c5   Thumb Code     0  use_no_semi.o(.text)
    __use_no_semihosting_swi                 0x080005c5   Thumb Code     2  use_no_semi.o(.text)
    BusFault_Handler                         0x080005c7   Thumb Code     4  stm32f4xx_it.o(i.BusFault_Handler)
    __semihosting_library_function           0x080005c7   Thumb Code     0  indicate_semi.o(.text)
    Check_5s_Event                           0x080005cd   Thumb Code    30  main.o(i.Check_5s_Event)
    DebugMon_Handler                         0x080005f5   Thumb Code     2  stm32f4xx_it.o(i.DebugMon_Handler)
    Error_Handler                            0x080005f7   Thumb Code     6  main.o(i.Error_Handler)
    FLASH_Erase_Sector                       0x080005fd   Thumb Code    86  stm32f4xx_hal_flash_ex.o(i.FLASH_Erase_Sector)
    FLASH_WaitForLastOperation               0x08000795   Thumb Code    90  stm32f4xx_hal_flash.o(i.FLASH_WaitForLastOperation)
    HAL_DAC_ConfigChannel                    0x08000851   Thumb Code   110  stm32f4xx_hal_dac.o(i.HAL_DAC_ConfigChannel)
    HAL_DAC_Init                             0x080008bf   Thumb Code    40  stm32f4xx_hal_dac.o(i.HAL_DAC_Init)
    HAL_DAC_MspInit                          0x080008e9   Thumb Code   114  stm32f4xx_hal_msp.o(i.HAL_DAC_MspInit)
    HAL_DAC_SetValue                         0x08000969   Thumb Code    50  stm32f4xx_hal_dac.o(i.HAL_DAC_SetValue)
    HAL_DAC_Start                            0x0800099b   Thumb Code   126  stm32f4xx_hal_dac.o(i.HAL_DAC_Start)
    HAL_DMA_Abort                            0x08000a19   Thumb Code   172  stm32f4xx_hal_dma.o(i.HAL_DMA_Abort)
    HAL_DMA_Abort_IT                         0x08000ac5   Thumb Code    40  stm32f4xx_hal_dma.o(i.HAL_DMA_Abort_IT)
    HAL_Delay                                0x08000aed   Thumb Code    36  stm32f4xx_hal.o(i.HAL_Delay)
    HAL_FLASH_Lock                           0x08000b15   Thumb Code    16  stm32f4xx_hal_flash.o(i.HAL_FLASH_Lock)
    HAL_FLASH_Program                        0x08000b29   Thumb Code   134  stm32f4xx_hal_flash.o(i.HAL_FLASH_Program)
    HAL_FLASH_Unlock                         0x08000bb9   Thumb Code    38  stm32f4xx_hal_flash.o(i.HAL_FLASH_Unlock)
    HAL_GPIO_Init                            0x08000bed   Thumb Code   454  stm32f4xx_hal_gpio.o(i.HAL_GPIO_Init)
    HAL_GPIO_WritePin                        0x08000de1   Thumb Code    12  stm32f4xx_hal_gpio.o(i.HAL_GPIO_WritePin)
    HAL_GetTick                              0x08000ded   Thumb Code     6  stm32f4xx_hal.o(i.HAL_GetTick)
    HAL_I2C_Init                             0x08000df9   Thumb Code   446  stm32f4xx_hal_i2c.o(i.HAL_I2C_Init)
    HAL_I2C_Master_Transmit                  0x08000fc9   Thumb Code   360  stm32f4xx_hal_i2c.o(i.HAL_I2C_Master_Transmit)
    HAL_I2C_MspInit                          0x08001139   Thumb Code   122  stm32f4xx_hal_msp.o(i.HAL_I2C_MspInit)
    HAL_IncTick                              0x080011c1   Thumb Code    16  stm32f4xx_hal.o(i.HAL_IncTick)
    HAL_Init                                 0x080011d9   Thumb Code    54  stm32f4xx_hal.o(i.HAL_Init)
    HAL_InitTick                             0x08001215   Thumb Code   160  stm32f4xx_hal_timebase_tim.o(i.HAL_InitTick)
    HAL_MspInit                              0x080012c9   Thumb Code    78  stm32f4xx_hal_msp.o(i.HAL_MspInit)
    HAL_NVIC_EnableIRQ                       0x0800131d   Thumb Code    40  stm32f4xx_hal_cortex.o(i.HAL_NVIC_EnableIRQ)
    HAL_NVIC_SetPriority                     0x08001345   Thumb Code   124  stm32f4xx_hal_cortex.o(i.HAL_NVIC_SetPriority)
    HAL_NVIC_SetPriorityGrouping             0x080013c1   Thumb Code    32  stm32f4xx_hal_cortex.o(i.HAL_NVIC_SetPriorityGrouping)
    HAL_RCCEx_PeriphCLKConfig                0x080013e9   Thumb Code   396  stm32f4xx_hal_rcc_ex.o(i.HAL_RCCEx_PeriphCLKConfig)
    HAL_RCC_ClockConfig                      0x08001589   Thumb Code   368  stm32f4xx_hal_rcc.o(i.HAL_RCC_ClockConfig)
    HAL_RCC_GetClockConfig                   0x0800170d   Thumb Code    58  stm32f4xx_hal_rcc.o(i.HAL_RCC_GetClockConfig)
    HAL_RCC_GetHCLKFreq                      0x08001751   Thumb Code     6  stm32f4xx_hal_rcc.o(i.HAL_RCC_GetHCLKFreq)
    HAL_RCC_GetPCLK1Freq                     0x0800175d   Thumb Code    22  stm32f4xx_hal_rcc.o(i.HAL_RCC_GetPCLK1Freq)
    HAL_RCC_GetPCLK2Freq                     0x0800177d   Thumb Code    22  stm32f4xx_hal_rcc.o(i.HAL_RCC_GetPCLK2Freq)
    HAL_RCC_GetSysClockFreq                  0x0800179d   Thumb Code   162  stm32f4xx_hal_rcc.o(i.HAL_RCC_GetSysClockFreq)
    HAL_RCC_OscConfig                        0x0800184d   Thumb Code  1172  stm32f4xx_hal_rcc.o(i.HAL_RCC_OscConfig)
    HAL_RTCEx_BKUPRead                       0x08001ce9   Thumb Code    18  stm32f4xx_hal_rtc_ex.o(i.HAL_RTCEx_BKUPRead)
    HAL_RTCEx_BKUPWrite                      0x08001cfb   Thumb Code    18  stm32f4xx_hal_rtc_ex.o(i.HAL_RTCEx_BKUPWrite)
    HAL_RTC_GetDate                          0x08001d0d   Thumb Code    72  stm32f4xx_hal_rtc.o(i.HAL_RTC_GetDate)
    HAL_RTC_GetTime                          0x08001d59   Thumb Code    88  stm32f4xx_hal_rtc.o(i.HAL_RTC_GetTime)
    HAL_RTC_Init                             0x08001db5   Thumb Code   174  stm32f4xx_hal_rtc.o(i.HAL_RTC_Init)
    HAL_RTC_MspInit                          0x08001e69   Thumb Code    50  stm32f4xx_hal_msp.o(i.HAL_RTC_MspInit)
    HAL_RTC_SetDate                          0x08001ea5   Thumb Code   188  stm32f4xx_hal_rtc.o(i.HAL_RTC_SetDate)
    HAL_RTC_SetTime                          0x08001f65   Thumb Code   230  stm32f4xx_hal_rtc.o(i.HAL_RTC_SetTime)
    HAL_RTC_WaitForSynchro                   0x08002051   Thumb Code    52  stm32f4xx_hal_rtc.o(i.HAL_RTC_WaitForSynchro)
    HAL_TIMEx_BreakCallback                  0x08002089   Thumb Code     2  stm32f4xx_hal_tim_ex.o(i.HAL_TIMEx_BreakCallback)
    HAL_TIMEx_CommutCallback                 0x0800208b   Thumb Code     2  stm32f4xx_hal_tim_ex.o(i.HAL_TIMEx_CommutCallback)
    HAL_TIMEx_MasterConfigSynchronization    0x0800208d   Thumb Code   150  stm32f4xx_hal_tim_ex.o(i.HAL_TIMEx_MasterConfigSynchronization)
    HAL_TIM_Base_Init                        0x08002141   Thumb Code   102  stm32f4xx_hal_tim.o(i.HAL_TIM_Base_Init)
    HAL_TIM_Base_MspInit                     0x080021a9   Thumb Code    62  stm32f4xx_hal_msp.o(i.HAL_TIM_Base_MspInit)
    HAL_TIM_Base_Start_IT                    0x080021f1   Thumb Code   138  stm32f4xx_hal_tim.o(i.HAL_TIM_Base_Start_IT)
    HAL_TIM_IC_CaptureCallback               0x08002299   Thumb Code     2  stm32f4xx_hal_tim.o(i.HAL_TIM_IC_CaptureCallback)
    HAL_TIM_IRQHandler                       0x0800229b   Thumb Code   364  stm32f4xx_hal_tim.o(i.HAL_TIM_IRQHandler)
    HAL_TIM_OC_DelayElapsedCallback          0x08002407   Thumb Code     2  stm32f4xx_hal_tim.o(i.HAL_TIM_OC_DelayElapsedCallback)
    HAL_TIM_PWM_PulseFinishedCallback        0x08002409   Thumb Code     2  stm32f4xx_hal_tim.o(i.HAL_TIM_PWM_PulseFinishedCallback)
    HAL_TIM_PeriodElapsedCallback            0x0800240d   Thumb Code    46  main.o(i.HAL_TIM_PeriodElapsedCallback)
    HAL_TIM_TriggerCallback                  0x0800244d   Thumb Code     2  stm32f4xx_hal_tim.o(i.HAL_TIM_TriggerCallback)
    HAL_UARTEx_RxEventCallback               0x0800244f   Thumb Code     2  stm32f4xx_hal_uart.o(i.HAL_UARTEx_RxEventCallback)
    HAL_UART_ErrorCallback                   0x08002451   Thumb Code     2  stm32f4xx_hal_uart.o(i.HAL_UART_ErrorCallback)
    HAL_UART_IRQHandler                      0x08002455   Thumb Code   772  stm32f4xx_hal_uart.o(i.HAL_UART_IRQHandler)
    HAL_UART_Init                            0x0800275d   Thumb Code   118  stm32f4xx_hal_uart.o(i.HAL_UART_Init)
    HAL_UART_MspInit                         0x080027d5   Thumb Code   140  stm32f4xx_hal_msp.o(i.HAL_UART_MspInit)
    HAL_UART_Receive_IT                      0x0800286d   Thumb Code    44  stm32f4xx_hal_uart.o(i.HAL_UART_Receive_IT)
    HAL_UART_RxCpltCallback                  0x08002899   Thumb Code   332  main.o(i.HAL_UART_RxCpltCallback)
    HAL_UART_Transmit                        0x08002a21   Thumb Code   190  stm32f4xx_hal_uart.o(i.HAL_UART_Transmit)
    HAL_UART_TxCpltCallback                  0x08002adf   Thumb Code     2  stm32f4xx_hal_uart.o(i.HAL_UART_TxCpltCallback)
    HardFault_Handler                        0x08002ae1   Thumb Code     4  stm32f4xx_it.o(i.HardFault_Handler)
    MemManage_Handler                        0x080034cd   Thumb Code     4  stm32f4xx_it.o(i.MemManage_Handler)
    NMI_Handler                              0x080034d1   Thumb Code     4  stm32f4xx_it.o(i.NMI_Handler)
    RTC_Bcd2ToByte                           0x080034d5   Thumb Code    22  stm32f4xx_hal_rtc.o(i.RTC_Bcd2ToByte)
    RTC_ByteToBcd2                           0x080034eb   Thumb Code    26  stm32f4xx_hal_rtc.o(i.RTC_ByteToBcd2)
    RTC_EnterInitMode                        0x08003505   Thumb Code    74  stm32f4xx_hal_rtc.o(i.RTC_EnterInitMode)
    RTC_ExitInitMode                         0x0800354f   Thumb Code    46  stm32f4xx_hal_rtc.o(i.RTC_ExitInitMode)
    Read_Flash                               0x0800357d   Thumb Code     6  main.o(i.Read_Flash)
    StartConnectivityTask                    0x08003585   Thumb Code  3274  main.o(i.StartConnectivityTask)
    StartMainTask                            0x080042d1   Thumb Code   536  main.o(i.StartMainTask)
    SysTick_Handler                          0x0800451d   Thumb Code    46  port.o(i.SysTick_Handler)
    SystemClock_Config                       0x08004551   Thumb Code   178  main.o(i.SystemClock_Config)
    SystemInit                               0x0800460d   Thumb Code    14  system_stm32f4xx.o(i.SystemInit)
    TIM7_IRQHandler                          0x08004621   Thumb Code    10  stm32f4xx_it.o(i.TIM7_IRQHandler)
    TIM8_TRG_COM_TIM14_IRQHandler            0x08004631   Thumb Code    10  stm32f4xx_it.o(i.TIM8_TRG_COM_TIM14_IRQHandler)
    TIM_Base_SetConfig                       0x08004641   Thumb Code   178  stm32f4xx_hal_tim.o(i.TIM_Base_SetConfig)
    UART_Start_Receive_IT                    0x08004ae9   Thumb Code    64  stm32f4xx_hal_uart.o(i.UART_Start_Receive_IT)
    USART3_IRQHandler                        0x08004c15   Thumb Code    10  stm32f4xx_it.o(i.USART3_IRQHandler)
    UsageFault_Handler                       0x08004c25   Thumb Code     4  stm32f4xx_it.o(i.UsageFault_Handler)
    Write_Flash                              0x08004c29   Thumb Code    20  main.o(i.Write_Flash)
    main                                     0x08004cb9   Thumb Code   166  main.o(i.main)
    osDelay                                  0x08004d97   Thumb Code    24  cmsis_os.o(i.osDelay)
    osKernelStart                            0x08004daf   Thumb Code    10  cmsis_os.o(i.osKernelStart)
    osThreadCreate                           0x08004db9   Thumb Code    94  cmsis_os.o(i.osThreadCreate)
    pvPortMalloc                             0x08005299   Thumb Code   306  heap_4.o(i.pvPortMalloc)
    pxPortInitialiseStack                    0x080053e5   Thumb Code    38  port.o(i.pxPortInitialiseStack)
    uxListRemove                             0x08005411   Thumb Code    40  list.o(i.uxListRemove)
    vApplicationGetIdleTaskMemory            0x08005439   Thumb Code    14  freertos.o(i.vApplicationGetIdleTaskMemory)
    vListInitialise                          0x08005451   Thumb Code    26  list.o(i.vListInitialise)
    vListInitialiseItem                      0x0800546b   Thumb Code     6  list.o(i.vListInitialiseItem)
    vListInsert                              0x08005471   Thumb Code    52  list.o(i.vListInsert)
    vListInsertEnd                           0x080054a5   Thumb Code    24  list.o(i.vListInsertEnd)
    vPortEnterCritical                       0x080054bd   Thumb Code    76  port.o(i.vPortEnterCritical)
    vPortExitCritical                        0x08005511   Thumb Code    56  port.o(i.vPortExitCritical)
    vPortFree                                0x0800554d   Thumb Code   150  heap_4.o(i.vPortFree)
    vPortSetupTimerInterrupt                 0x080055f1   Thumb Code    36  port.o(i.vPortSetupTimerInterrupt)
    vTaskDelay                               0x08005619   Thumb Code    82  tasks.o(i.vTaskDelay)
    vTaskStartScheduler                      0x08005675   Thumb Code   146  tasks.o(i.vTaskStartScheduler)
    vTaskSuspendAll                          0x08005725   Thumb Code    12  tasks.o(i.vTaskSuspendAll)
    vTaskSwitchContext                       0x08005735   Thumb Code   118  tasks.o(i.vTaskSwitchContext)
    xPortStartScheduler                      0x080057c1   Thumb Code   330  port.o(i.xPortStartScheduler)
    xTaskCreate                              0x08005929   Thumb Code   100  tasks.o(i.xTaskCreate)
    xTaskCreateStatic                        0x0800598d   Thumb Code   186  tasks.o(i.xTaskCreateStatic)
    xTaskIncrementTick                       0x08005a49   Thumb Code   282  tasks.o(i.xTaskIncrementTick)
    xTaskResumeAll                           0x08005b91   Thumb Code   224  tasks.o(i.xTaskResumeAll)
    __fpl_dcmp_Inf                           0x08005c95   Thumb Code    24  dcmpi.o(x$fpl$dcmpinf)
    __aeabi_cdcmple                          0x08005cad   Thumb Code     0  dleqf.o(x$fpl$dleqf)
    _dcmple                                  0x08005cad   Thumb Code   120  dleqf.o(x$fpl$dleqf)
    __fpl_dcmple_InfNaN                      0x08005d0f   Thumb Code     0  dleqf.o(x$fpl$dleqf)
    __fpl_dnaninf                            0x08005d25   Thumb Code   156  dnaninf.o(x$fpl$dnaninf)
    __fpl_dretinf                            0x08005dc1   Thumb Code    12  dretinf.o(x$fpl$dretinf)
    __aeabi_cdrcmple                         0x08005dcd   Thumb Code     0  drleqf.o(x$fpl$drleqf)
    _drcmple                                 0x08005dcd   Thumb Code   108  drleqf.o(x$fpl$drleqf)
    __aeabi_f2d                              0x08005e39   Thumb Code     0  f2d.o(x$fpl$f2d)
    _f2d                                     0x08005e39   Thumb Code    86  f2d.o(x$fpl$f2d)
    __fpl_fnaninf                            0x08005e8f   Thumb Code   140  fnaninf.o(x$fpl$fnaninf)
    _fp_init                                 0x08005f1b   Thumb Code    10  fpinit.o(x$fpl$fpinit)
    __fplib_config_fpu_vfp                   0x08005f23   Thumb Code     0  fpinit.o(x$fpl$fpinit)
    __fplib_config_pureend_doubles           0x08005f23   Thumb Code     0  fpinit.o(x$fpl$fpinit)
    DAC_MAXDIGITALVALUE_12BIT                0x08005f24   Data           4  main.o(.constdata)
    __I$use$fp                               0x08005f24   Number         0  usenofp.o(x$fpl$usenofp)
    DAC_MAXDIGITALVALUE_8BIT                 0x08005f28   Data           4  main.o(.constdata)
    Vref                                     0x08005f2c   Data           4  main.o(.constdata)
    CRC8_TABLE                               0x08005f30   Data         256  main.o(.constdata)
    AHBPrescTable                            0x08006068   Data          16  system_stm32f4xx.o(.constdata)
    APBPrescTable                            0x08006078   Data           8  system_stm32f4xx.o(.constdata)
    Region$$Table$$Base                      0x0800609c   Number         0  anon$$obj.o(Region$$Table)
    Region$$Table$$Limit                     0x080060bc   Number         0  anon$$obj.o(Region$$Table)
    MainTaskHandle                           0x20000000   Data           4  main.o(.data)
    ConnectivityTasHandle                    0x20000004   Data           4  main.o(.data)
    I2C_Count                                0x20000008   Data           1  main.o(.data)
    setDate                                  0x20000009   Data           4  main.o(.data)
    getDate                                  0x2000000d   Data           4  main.o(.data)
    suu1                                     0x20000012   Data           2  main.o(.data)
    suu2                                     0x20000014   Data           2  main.o(.data)
    suu3                                     0x20000016   Data           2  main.o(.data)
    suu4                                     0x20000018   Data           2  main.o(.data)
    suu5                                     0x2000001a   Data           2  main.o(.data)
    suu6                                     0x2000001c   Data           2  main.o(.data)
    input_ok                                 0x2000001e   Data           2  main.o(.data)
    ResetRTC_count                           0x20000020   Data           2  main.o(.data)
    HMI_initValue_count                      0x20000022   Data           2  main.o(.data)
    X1                                       0x20000024   Data           4  main.o(.data)
    V1                                       0x20000028   Data           4  main.o(.data)
    GT1                                      0x2000002c   Data           4  main.o(.data)
    D1                                       0x20000030   Data           4  main.o(.data)
    X2                                       0x20000034   Data           4  main.o(.data)
    V2                                       0x20000038   Data           4  main.o(.data)
    GT2                                      0x2000003c   Data           4  main.o(.data)
    D2                                       0x20000040   Data           4  main.o(.data)
    X3                                       0x20000044   Data           4  main.o(.data)
    V3                                       0x20000048   Data           4  main.o(.data)
    GT3                                      0x2000004c   Data           4  main.o(.data)
    D3                                       0x20000050   Data           4  main.o(.data)
    Xanh1                                    0x20000054   Data           2  main.o(.data)
    Vang1                                    0x20000056   Data           2  main.o(.data)
    GiaiToa1                                 0x20000058   Data           2  main.o(.data)
    Do1                                      0x2000005a   Data           2  main.o(.data)
    Xanh2                                    0x2000005c   Data           2  main.o(.data)
    Vang2                                    0x2000005e   Data           2  main.o(.data)
    GiaiToa2                                 0x20000060   Data           2  main.o(.data)
    Do2                                      0x20000062   Data           2  main.o(.data)
    Xanh3                                    0x20000064   Data           2  main.o(.data)
    Vang3                                    0x20000066   Data           2  main.o(.data)
    GiaiToa3                                 0x20000068   Data           2  main.o(.data)
    Do3                                      0x2000006a   Data           2  main.o(.data)
    CaoDiem_X1                               0x2000006c   Data           2  main.o(.data)
    CaoDiem_V1                               0x2000006e   Data           2  main.o(.data)
    CaoDiem_GT1                              0x20000070   Data           2  main.o(.data)
    CaoDiem_D1                               0x20000072   Data           2  main.o(.data)
    CaoDiem_X2                               0x20000074   Data           2  main.o(.data)
    CaoDiem_V2                               0x20000076   Data           2  main.o(.data)
    CaoDiem_GT2                              0x20000078   Data           2  main.o(.data)
    CaoDiem_D2                               0x2000007a   Data           2  main.o(.data)
    CaoDiem_X3                               0x2000007c   Data           2  main.o(.data)
    CaoDiem_V3                               0x2000007e   Data           2  main.o(.data)
    CaoDiem_GT3                              0x20000080   Data           2  main.o(.data)
    CaoDiem_D3                               0x20000082   Data           2  main.o(.data)
    t_count                                  0x20000084   Data           4  main.o(.data)
    delay_count                              0x20000088   Data           4  main.o(.data)
    Total_Time                               0x2000008c   Data           4  main.o(.data)
    CaoDiem_Total_Time                       0x20000090   Data           4  main.o(.data)
    Dummy_1                                  0x20000094   Data           4  main.o(.data)
    BlinkYel_ENA1                            0x20000098   Data           1  main.o(.data)
    BlinkYel_ENA2                            0x20000099   Data           1  main.o(.data)
    Thaco_Blink                              0x2000009a   Data           1  main.o(.data)
    CaoDiem_ENA                              0x2000009b   Data           1  main.o(.data)
    begin_hour1                              0x2000009c   Data           1  main.o(.data)
    end_hour1                                0x2000009d   Data           1  main.o(.data)
    begin_min1                               0x2000009e   Data           1  main.o(.data)
    end_min1                                 0x2000009f   Data           1  main.o(.data)
    begin_hour2                              0x200000a0   Data           1  main.o(.data)
    end_hour2                                0x200000a1   Data           1  main.o(.data)
    begin_min2                               0x200000a2   Data           1  main.o(.data)
    end_min2                                 0x200000a3   Data           1  main.o(.data)
    begin_hour3                              0x200000a4   Data           1  main.o(.data)
    end_hour3                                0x200000a5   Data           1  main.o(.data)
    begin_min3                               0x200000a6   Data           1  main.o(.data)
    end_min3                                 0x200000a7   Data           1  main.o(.data)
    min_realTime                             0x200000a8   Data           2  main.o(.data)
    hour_realTime                            0x200000aa   Data           2  main.o(.data)
    dac_voltage                              0x200000ac   Data           4  main.o(.data)
    dac_value                                0x200000b0   Data           4  main.o(.data)
    RS585_send_crc                           0x200000b4   Data           2  main.o(.data)
    num_reg                                  0x200000b6   Data           1  main.o(.data)
    length_data_send                         0x200000b7   Data           1  main.o(.data)
    index_reg                                0x200000b8   Data           1  main.o(.data)
    index_data_reg                           0x200000b9   Data           1  main.o(.data)
    bit_receive                              0x200000ba   Data           1  main.o(.data)
    start_address                            0x200000bb   Data           1  main.o(.data)
    reg_address                              0x200000bc   Data           1  main.o(.data)
    RS585_value                              0x200000be   Data           2  main.o(.data)
    index_bit                                0x200000c0   Data           1  main.o(.data)
    index_data_reg_bit                       0x200000c1   Data           1  main.o(.data)
    enable_tx                                0x200000c2   Data           1  main.o(.data)
    rs485_state                              0x200000c3   Data           1  main.o(.data)
    RS485_CMD                                0x200000c4   Data           1  main.o(.data)
    High_Address                             0x200000c5   Data           1  main.o(.data)
    Low_Address                              0x200000c6   Data           1  main.o(.data)
    High_Number                              0x200000c7   Data           1  main.o(.data)
    Low_Number                               0x200000c8   Data           1  main.o(.data)
    CRC_H                                    0x200000c9   Data           1  main.o(.data)
    CRC_L                                    0x200000ca   Data           1  main.o(.data)
    RS585_receive_crc                        0x200000cc   Data           2  main.o(.data)
    pFlash                                   0x200000d4   Data          32  stm32f4xx_hal_flash.o(.data)
    uwTick                                   0x200000f4   Data           4  stm32f4xx_hal.o(.data)
    uwTickPrio                               0x200000f8   Data           4  stm32f4xx_hal.o(.data)
    uwTickFreq                               0x200000fc   Data           1  stm32f4xx_hal.o(.data)
    SystemCoreClock                          0x20000100   Data           4  system_stm32f4xx.o(.data)
    pxCurrentTCB                             0x20000104   Data           4  tasks.o(.data)
    hdac                                     0x2000016c   Data          20  main.o(.bss)
    hi2c1                                    0x20000180   Data          84  main.o(.bss)
    hrtc                                     0x200001d4   Data          32  main.o(.bss)
    htim7                                    0x200001f4   Data          72  main.o(.bss)
    huart3                                   0x2000023c   Data          72  main.o(.bss)
    txData                                   0x20000284   Data          22  main.o(.bss)
    setTime                                  0x2000029c   Data          20  main.o(.bss)
    getTime                                  0x200002b0   Data          20  main.o(.bss)
    RS485_regbank                            0x200002c4   Data        2040  main.o(.bss)
    RS485_Rx_buff                            0x20000abc   Data          10  main.o(.bss)
    RS485_data_send                          0x20000ac6   Data         256  main.o(.bss)
    input_data                               0x20000bc6   Data          10  main.o(.bss)
    valid_data                               0x20000bd0   Data          10  main.o(.bss)
    myFlashData                              0x20000bdc   Data          40  main.o(.bss)
    htim14                                   0x20000e58   Data          72  stm32f4xx_hal_timebase_tim.o(.bss)
    __libspace_start                         0x20004b90   Data          96  libspace.o(.bss)
    __temporary_stack_top$libspace           0x20004bf0   Data           0  libspace.o(.bss)



==============================================================================

Memory Map of the image

  Image Entry point : 0x08000189

  Load Region LR_IROM1 (Base: 0x08000000, Size: 0x00006228, Max: 0x00080000, ABSOLUTE, COMPRESSED[0x000060f4])

    Execution Region ER_IROM1 (Exec base: 0x08000000, Load base: 0x08000000, Size: 0x000060bc, Max: 0x00080000, ABSOLUTE)

    Exec Addr    Load Addr    Size         Type   Attr      Idx    E Section Name        Object

    0x08000000   0x08000000   0x00000188   Data   RO            3    RESET               startup_stm32f407xx.o
    0x08000188   0x08000188   0x00000008   Code   RO         5622  * !!!main             c_w.l(__main.o)
    0x08000190   0x08000190   0x00000034   Code   RO         5806    !!!scatter          c_w.l(__scatter.o)
    0x080001c4   0x080001c4   0x0000005a   Code   RO         5804    !!dczerorl2         c_w.l(__dczerorl2.o)
    0x0800021e   0x0800021e   0x00000002   PAD
    0x08000220   0x08000220   0x0000001c   Code   RO         5808    !!handler_zi        c_w.l(__scatter_zi.o)
    0x0800023c   0x0800023c   0x00000002   Code   RO         5674    .ARM.Collect$$libinit$$00000000  c_w.l(libinit.o)
    0x0800023e   0x0800023e   0x00000004   Code   RO         5686    .ARM.Collect$$libinit$$00000001  c_w.l(libinit2.o)
    0x08000242   0x08000242   0x00000000   Code   RO         5689    .ARM.Collect$$libinit$$00000004  c_w.l(libinit2.o)
    0x08000242   0x08000242   0x00000000   Code   RO         5692    .ARM.Collect$$libinit$$0000000A  c_w.l(libinit2.o)
    0x08000242   0x08000242   0x00000000   Code   RO         5694    .ARM.Collect$$libinit$$0000000C  c_w.l(libinit2.o)
    0x08000242   0x08000242   0x00000000   Code   RO         5696    .ARM.Collect$$libinit$$0000000E  c_w.l(libinit2.o)
    0x08000242   0x08000242   0x00000000   Code   RO         5699    .ARM.Collect$$libinit$$00000011  c_w.l(libinit2.o)
    0x08000242   0x08000242   0x00000000   Code   RO         5701    .ARM.Collect$$libinit$$00000013  c_w.l(libinit2.o)
    0x08000242   0x08000242   0x00000000   Code   RO         5703    .ARM.Collect$$libinit$$00000015  c_w.l(libinit2.o)
    0x08000242   0x08000242   0x00000000   Code   RO         5705    .ARM.Collect$$libinit$$00000017  c_w.l(libinit2.o)
    0x08000242   0x08000242   0x00000000   Code   RO         5707    .ARM.Collect$$libinit$$00000019  c_w.l(libinit2.o)
    0x08000242   0x08000242   0x00000000   Code   RO         5709    .ARM.Collect$$libinit$$0000001B  c_w.l(libinit2.o)
    0x08000242   0x08000242   0x00000000   Code   RO         5711    .ARM.Collect$$libinit$$0000001D  c_w.l(libinit2.o)
    0x08000242   0x08000242   0x00000000   Code   RO         5713    .ARM.Collect$$libinit$$0000001F  c_w.l(libinit2.o)
    0x08000242   0x08000242   0x00000000   Code   RO         5715    .ARM.Collect$$libinit$$00000021  c_w.l(libinit2.o)
    0x08000242   0x08000242   0x00000000   Code   RO         5717    .ARM.Collect$$libinit$$00000023  c_w.l(libinit2.o)
    0x08000242   0x08000242   0x00000000   Code   RO         5719    .ARM.Collect$$libinit$$00000025  c_w.l(libinit2.o)
    0x08000242   0x08000242   0x00000000   Code   RO         5723    .ARM.Collect$$libinit$$0000002C  c_w.l(libinit2.o)
    0x08000242   0x08000242   0x00000000   Code   RO         5725    .ARM.Collect$$libinit$$0000002E  c_w.l(libinit2.o)
    0x08000242   0x08000242   0x00000000   Code   RO         5727    .ARM.Collect$$libinit$$00000030  c_w.l(libinit2.o)
    0x08000242   0x08000242   0x00000000   Code   RO         5729    .ARM.Collect$$libinit$$00000032  c_w.l(libinit2.o)
    0x08000242   0x08000242   0x00000002   Code   RO         5730    .ARM.Collect$$libinit$$00000033  c_w.l(libinit2.o)
    0x08000244   0x08000244   0x00000002   Code   RO         5761    .ARM.Collect$$libshutdown$$00000000  c_w.l(libshutdown.o)
    0x08000246   0x08000246   0x00000000   Code   RO         5787    .ARM.Collect$$libshutdown$$00000002  c_w.l(libshutdown2.o)
    0x08000246   0x08000246   0x00000000   Code   RO         5789    .ARM.Collect$$libshutdown$$00000004  c_w.l(libshutdown2.o)
    0x08000246   0x08000246   0x00000000   Code   RO         5792    .ARM.Collect$$libshutdown$$00000007  c_w.l(libshutdown2.o)
    0x08000246   0x08000246   0x00000000   Code   RO         5795    .ARM.Collect$$libshutdown$$0000000A  c_w.l(libshutdown2.o)
    0x08000246   0x08000246   0x00000000   Code   RO         5797    .ARM.Collect$$libshutdown$$0000000C  c_w.l(libshutdown2.o)
    0x08000246   0x08000246   0x00000000   Code   RO         5800    .ARM.Collect$$libshutdown$$0000000F  c_w.l(libshutdown2.o)
    0x08000246   0x08000246   0x00000002   Code   RO         5801    .ARM.Collect$$libshutdown$$00000010  c_w.l(libshutdown2.o)
    0x08000248   0x08000248   0x00000000   Code   RO         5628    .ARM.Collect$$rtentry$$00000000  c_w.l(__rtentry.o)
    0x08000248   0x08000248   0x00000000   Code   RO         5641    .ARM.Collect$$rtentry$$00000002  c_w.l(__rtentry2.o)
    0x08000248   0x08000248   0x00000006   Code   RO         5653    .ARM.Collect$$rtentry$$00000004  c_w.l(__rtentry4.o)
    0x0800024e   0x0800024e   0x00000000   Code   RO         5643    .ARM.Collect$$rtentry$$00000009  c_w.l(__rtentry2.o)
    0x0800024e   0x0800024e   0x00000004   Code   RO         5644    .ARM.Collect$$rtentry$$0000000A  c_w.l(__rtentry2.o)
    0x08000252   0x08000252   0x00000000   Code   RO         5646    .ARM.Collect$$rtentry$$0000000C  c_w.l(__rtentry2.o)
    0x08000252   0x08000252   0x00000008   Code   RO         5647    .ARM.Collect$$rtentry$$0000000D  c_w.l(__rtentry2.o)
    0x0800025a   0x0800025a   0x00000002   Code   RO         5678    .ARM.Collect$$rtexit$$00000000  c_w.l(rtexit.o)
    0x0800025c   0x0800025c   0x00000000   Code   RO         5734    .ARM.Collect$$rtexit$$00000002  c_w.l(rtexit2.o)
    0x0800025c   0x0800025c   0x00000004   Code   RO         5735    .ARM.Collect$$rtexit$$00000003  c_w.l(rtexit2.o)
    0x08000260   0x08000260   0x00000006   Code   RO         5736    .ARM.Collect$$rtexit$$00000004  c_w.l(rtexit2.o)
    0x08000266   0x08000266   0x00000002   PAD
    0x08000268   0x08000268   0x000000be   Code   RO         5529    .emb_text           port.o
    0x08000326   0x08000326   0x00000002   PAD
    0x08000328   0x08000328   0x00000040   Code   RO            4    .text               startup_stm32f407xx.o
    0x08000368   0x08000368   0x000000ee   Code   RO         5608    .text               c_w.l(lludivv7m.o)
    0x08000456   0x08000456   0x00000064   Code   RO         5612    .text               c_w.l(rt_memcpy_w.o)
    0x080004ba   0x080004ba   0x00000044   Code   RO         5616    .text               c_w.l(rt_memclr.o)
    0x080004fe   0x080004fe   0x0000004e   Code   RO         5618    .text               c_w.l(rt_memclr_w.o)
    0x0800054c   0x0800054c   0x00000006   Code   RO         5620    .text               c_w.l(heapauxi.o)
    0x08000552   0x08000552   0x0000004a   Code   RO         5661    .text               c_w.l(sys_stackheap_outer.o)
    0x0800059c   0x0800059c   0x00000012   Code   RO         5663    .text               c_w.l(exit.o)
    0x080005ae   0x080005ae   0x00000002   PAD
    0x080005b0   0x080005b0   0x00000008   Code   RO         5675    .text               c_w.l(libspace.o)
    0x080005b8   0x080005b8   0x0000000c   Code   RO         5731    .text               c_w.l(sys_exit.o)
    0x080005c4   0x080005c4   0x00000002   Code   RO         5750    .text               c_w.l(use_no_semi.o)
    0x080005c6   0x080005c6   0x00000000   Code   RO         5752    .text               c_w.l(indicate_semi.o)
    0x080005c6   0x080005c6   0x00000004   Code   RO          361    i.BusFault_Handler  stm32f4xx_it.o
    0x080005ca   0x080005ca   0x00000002   PAD
    0x080005cc   0x080005cc   0x00000028   Code   RO           13    i.Check_5s_Event    main.o
    0x080005f4   0x080005f4   0x00000002   Code   RO          362    i.DebugMon_Handler  stm32f4xx_it.o
    0x080005f6   0x080005f6   0x00000006   Code   RO           14    i.Error_Handler     main.o
    0x080005fc   0x080005fc   0x0000005c   Code   RO         2058    i.FLASH_Erase_Sector  stm32f4xx_hal_flash_ex.o
    0x08000658   0x08000658   0x00000024   Code   RO         1940    i.FLASH_Program_Byte  stm32f4xx_hal_flash.o
    0x0800067c   0x0800067c   0x00000030   Code   RO         1941    i.FLASH_Program_DoubleWord  stm32f4xx_hal_flash.o
    0x080006ac   0x080006ac   0x00000028   Code   RO         1942    i.FLASH_Program_HalfWord  stm32f4xx_hal_flash.o
    0x080006d4   0x080006d4   0x00000028   Code   RO         1943    i.FLASH_Program_Word  stm32f4xx_hal_flash.o
    0x080006fc   0x080006fc   0x00000098   Code   RO         1944    i.FLASH_SetErrorCode  stm32f4xx_hal_flash.o
    0x08000794   0x08000794   0x00000064   Code   RO         1945    i.FLASH_WaitForLastOperation  stm32f4xx_hal_flash.o
    0x080007f8   0x080007f8   0x00000022   Code   RO           15    i.Flash_GetData     main.o
    0x0800081a   0x0800081a   0x00000036   Code   RO           16    i.Flash_WriteData   main.o
    0x08000850   0x08000850   0x0000006e   Code   RO         1547    i.HAL_DAC_ConfigChannel  stm32f4xx_hal_dac.o
    0x080008be   0x080008be   0x00000028   Code   RO         1557    i.HAL_DAC_Init      stm32f4xx_hal_dac.o
    0x080008e6   0x080008e6   0x00000002   PAD
    0x080008e8   0x080008e8   0x00000080   Code   RO          438    i.HAL_DAC_MspInit   stm32f4xx_hal_msp.o
    0x08000968   0x08000968   0x00000032   Code   RO         1560    i.HAL_DAC_SetValue  stm32f4xx_hal_dac.o
    0x0800099a   0x0800099a   0x0000007e   Code   RO         1561    i.HAL_DAC_Start     stm32f4xx_hal_dac.o
    0x08000a18   0x08000a18   0x000000ac   Code   RO         2291    i.HAL_DMA_Abort     stm32f4xx_hal_dma.o
    0x08000ac4   0x08000ac4   0x00000028   Code   RO         2292    i.HAL_DMA_Abort_IT  stm32f4xx_hal_dma.o
    0x08000aec   0x08000aec   0x00000028   Code   RO         2733    i.HAL_Delay         stm32f4xx_hal.o
    0x08000b14   0x08000b14   0x00000014   Code   RO         1949    i.HAL_FLASH_Lock    stm32f4xx_hal_flash.o
    0x08000b28   0x08000b28   0x00000090   Code   RO         1954    i.HAL_FLASH_Program  stm32f4xx_hal_flash.o
    0x08000bb8   0x08000bb8   0x00000034   Code   RO         1956    i.HAL_FLASH_Unlock  stm32f4xx_hal_flash.o
    0x08000bec   0x08000bec   0x000001f4   Code   RO         2184    i.HAL_GPIO_Init     stm32f4xx_hal_gpio.o
    0x08000de0   0x08000de0   0x0000000c   Code   RO         2188    i.HAL_GPIO_WritePin  stm32f4xx_hal_gpio.o
    0x08000dec   0x08000dec   0x0000000c   Code   RO         2739    i.HAL_GetTick       stm32f4xx_hal.o
    0x08000df8   0x08000df8   0x000001d0   Code   RO         2995    i.HAL_I2C_Init      stm32f4xx_hal_i2c.o
    0x08000fc8   0x08000fc8   0x00000170   Code   RO         3008    i.HAL_I2C_Master_Transmit  stm32f4xx_hal_i2c.o
    0x08001138   0x08001138   0x00000088   Code   RO          440    i.HAL_I2C_MspInit   stm32f4xx_hal_msp.o
    0x080011c0   0x080011c0   0x00000018   Code   RO         2745    i.HAL_IncTick       stm32f4xx_hal.o
    0x080011d8   0x080011d8   0x0000003c   Code   RO         2746    i.HAL_Init          stm32f4xx_hal.o
    0x08001214   0x08001214   0x000000b4   Code   RO          521    i.HAL_InitTick      stm32f4xx_hal_timebase_tim.o
    0x080012c8   0x080012c8   0x00000054   Code   RO          441    i.HAL_MspInit       stm32f4xx_hal_msp.o
    0x0800131c   0x0800131c   0x00000028   Code   RO         2576    i.HAL_NVIC_EnableIRQ  stm32f4xx_hal_cortex.o
    0x08001344   0x08001344   0x0000007c   Code   RO         2582    i.HAL_NVIC_SetPriority  stm32f4xx_hal_cortex.o
    0x080013c0   0x080013c0   0x00000028   Code   RO         2583    i.HAL_NVIC_SetPriorityGrouping  stm32f4xx_hal_cortex.o
    0x080013e8   0x080013e8   0x000001a0   Code   RO         1890    i.HAL_RCCEx_PeriphCLKConfig  stm32f4xx_hal_rcc_ex.o
    0x08001588   0x08001588   0x00000184   Code   RO         1785    i.HAL_RCC_ClockConfig  stm32f4xx_hal_rcc.o
    0x0800170c   0x0800170c   0x00000044   Code   RO         1789    i.HAL_RCC_GetClockConfig  stm32f4xx_hal_rcc.o
    0x08001750   0x08001750   0x0000000c   Code   RO         1790    i.HAL_RCC_GetHCLKFreq  stm32f4xx_hal_rcc.o
    0x0800175c   0x0800175c   0x00000020   Code   RO         1792    i.HAL_RCC_GetPCLK1Freq  stm32f4xx_hal_rcc.o
    0x0800177c   0x0800177c   0x00000020   Code   RO         1793    i.HAL_RCC_GetPCLK2Freq  stm32f4xx_hal_rcc.o
    0x0800179c   0x0800179c   0x000000b0   Code   RO         1794    i.HAL_RCC_GetSysClockFreq  stm32f4xx_hal_rcc.o
    0x0800184c   0x0800184c   0x0000049c   Code   RO         1797    i.HAL_RCC_OscConfig  stm32f4xx_hal_rcc.o
    0x08001ce8   0x08001ce8   0x00000012   Code   RO         3654    i.HAL_RTCEx_BKUPRead  stm32f4xx_hal_rtc_ex.o
    0x08001cfa   0x08001cfa   0x00000012   Code   RO         3655    i.HAL_RTCEx_BKUPWrite  stm32f4xx_hal_rtc_ex.o
    0x08001d0c   0x08001d0c   0x0000004c   Code   RO         3489    i.HAL_RTC_GetDate   stm32f4xx_hal_rtc.o
    0x08001d58   0x08001d58   0x0000005c   Code   RO         3491    i.HAL_RTC_GetTime   stm32f4xx_hal_rtc.o
    0x08001db4   0x08001db4   0x000000b4   Code   RO         3492    i.HAL_RTC_Init      stm32f4xx_hal_rtc.o
    0x08001e68   0x08001e68   0x0000003c   Code   RO          443    i.HAL_RTC_MspInit   stm32f4xx_hal_msp.o
    0x08001ea4   0x08001ea4   0x000000c0   Code   RO         3498    i.HAL_RTC_SetDate   stm32f4xx_hal_rtc.o
    0x08001f64   0x08001f64   0x000000ec   Code   RO         3499    i.HAL_RTC_SetTime   stm32f4xx_hal_rtc.o
    0x08002050   0x08002050   0x00000038   Code   RO         3500    i.HAL_RTC_WaitForSynchro  stm32f4xx_hal_rtc.o
    0x08002088   0x08002088   0x00000002   Code   RO         1277    i.HAL_TIMEx_BreakCallback  stm32f4xx_hal_tim_ex.o
    0x0800208a   0x0800208a   0x00000002   Code   RO         1278    i.HAL_TIMEx_CommutCallback  stm32f4xx_hal_tim_ex.o
    0x0800208c   0x0800208c   0x000000b4   Code   RO         1296    i.HAL_TIMEx_MasterConfigSynchronization  stm32f4xx_hal_tim_ex.o
    0x08002140   0x08002140   0x00000066   Code   RO          562    i.HAL_TIM_Base_Init  stm32f4xx_hal_tim.o
    0x080021a6   0x080021a6   0x00000002   PAD
    0x080021a8   0x080021a8   0x00000048   Code   RO          445    i.HAL_TIM_Base_MspInit  stm32f4xx_hal_msp.o
    0x080021f0   0x080021f0   0x000000a8   Code   RO          567    i.HAL_TIM_Base_Start_IT  stm32f4xx_hal_tim.o
    0x08002298   0x08002298   0x00000002   Code   RO          596    i.HAL_TIM_IC_CaptureCallback  stm32f4xx_hal_tim.o
    0x0800229a   0x0800229a   0x0000016c   Code   RO          610    i.HAL_TIM_IRQHandler  stm32f4xx_hal_tim.o
    0x08002406   0x08002406   0x00000002   Code   RO          613    i.HAL_TIM_OC_DelayElapsedCallback  stm32f4xx_hal_tim.o
    0x08002408   0x08002408   0x00000002   Code   RO          640    i.HAL_TIM_PWM_PulseFinishedCallback  stm32f4xx_hal_tim.o
    0x0800240a   0x0800240a   0x00000002   PAD
    0x0800240c   0x0800240c   0x00000040   Code   RO           17    i.HAL_TIM_PeriodElapsedCallback  main.o
    0x0800244c   0x0800244c   0x00000002   Code   RO          653    i.HAL_TIM_TriggerCallback  stm32f4xx_hal_tim.o
    0x0800244e   0x0800244e   0x00000002   Code   RO         3893    i.HAL_UARTEx_RxEventCallback  stm32f4xx_hal_uart.o
    0x08002450   0x08002450   0x00000002   Code   RO         3907    i.HAL_UART_ErrorCallback  stm32f4xx_hal_uart.o
    0x08002452   0x08002452   0x00000002   PAD
    0x08002454   0x08002454   0x00000308   Code   RO         3910    i.HAL_UART_IRQHandler  stm32f4xx_hal_uart.o
    0x0800275c   0x0800275c   0x00000076   Code   RO         3911    i.HAL_UART_Init     stm32f4xx_hal_uart.o
    0x080027d2   0x080027d2   0x00000002   PAD
    0x080027d4   0x080027d4   0x00000098   Code   RO          447    i.HAL_UART_MspInit  stm32f4xx_hal_msp.o
    0x0800286c   0x0800286c   0x0000002c   Code   RO         3916    i.HAL_UART_Receive_IT  stm32f4xx_hal_uart.o
    0x08002898   0x08002898   0x00000188   Code   RO           18    i.HAL_UART_RxCpltCallback  main.o
    0x08002a20   0x08002a20   0x000000be   Code   RO         3919    i.HAL_UART_Transmit  stm32f4xx_hal_uart.o
    0x08002ade   0x08002ade   0x00000002   Code   RO         3922    i.HAL_UART_TxCpltCallback  stm32f4xx_hal_uart.o
    0x08002ae0   0x08002ae0   0x00000004   Code   RO          363    i.HardFault_Handler  stm32f4xx_it.o
    0x08002ae4   0x08002ae4   0x0000003e   Code   RO         3039    i.I2C_IsAcknowledgeFailed  stm32f4xx_hal_i2c.o
    0x08002b22   0x08002b22   0x00000002   PAD
    0x08002b24   0x08002b24   0x000000c0   Code   RO         3043    i.I2C_MasterRequestWrite  stm32f4xx_hal_i2c.o
    0x08002be4   0x08002be4   0x0000009c   Code   RO           19    i.I2C_SendFrame     main.o
    0x08002c80   0x08002c80   0x00000066   Code   RO         3059    i.I2C_WaitOnBTFFlagUntilTimeout  stm32f4xx_hal_i2c.o
    0x08002ce6   0x08002ce6   0x000000be   Code   RO         3060    i.I2C_WaitOnFlagUntilTimeout  stm32f4xx_hal_i2c.o
    0x08002da4   0x08002da4   0x000000fa   Code   RO         3061    i.I2C_WaitOnMasterAddressFlagUntilTimeout  stm32f4xx_hal_i2c.o
    0x08002e9e   0x08002e9e   0x00000066   Code   RO         3065    i.I2C_WaitOnTXEFlagUntilTimeout  stm32f4xx_hal_i2c.o
    0x08002f04   0x08002f04   0x00000224   Code   RO           20    i.LoadSettings_from_Flash  main.o
    0x08003128   0x08003128   0x0000004c   Code   RO           21    i.MX_DAC_Init       main.o
    0x08003174   0x08003174   0x000001f4   Code   RO           22    i.MX_GPIO_Init      main.o
    0x08003368   0x08003368   0x0000003c   Code   RO           23    i.MX_I2C1_Init      main.o
    0x080033a4   0x080033a4   0x000000a4   Code   RO           24    i.MX_RTC_Init       main.o
    0x08003448   0x08003448   0x0000004c   Code   RO           25    i.MX_TIM7_Init      main.o
    0x08003494   0x08003494   0x00000038   Code   RO           26    i.MX_USART3_UART_Init  main.o
    0x080034cc   0x080034cc   0x00000004   Code   RO          364    i.MemManage_Handler  stm32f4xx_it.o
    0x080034d0   0x080034d0   0x00000004   Code   RO          365    i.NMI_Handler       stm32f4xx_it.o
    0x080034d4   0x080034d4   0x00000016   Code   RO         3501    i.RTC_Bcd2ToByte    stm32f4xx_hal_rtc.o
    0x080034ea   0x080034ea   0x0000001a   Code   RO         3502    i.RTC_ByteToBcd2    stm32f4xx_hal_rtc.o
    0x08003504   0x08003504   0x0000004a   Code   RO         3503    i.RTC_EnterInitMode  stm32f4xx_hal_rtc.o
    0x0800354e   0x0800354e   0x0000002e   Code   RO         3504    i.RTC_ExitInitMode  stm32f4xx_hal_rtc.o
    0x0800357c   0x0800357c   0x00000006   Code   RO           29    i.Read_Flash        main.o
    0x08003582   0x08003582   0x00000002   PAD
    0x08003584   0x08003584   0x00000d4c   Code   RO           30    i.StartConnectivityTask  main.o
    0x080042d0   0x080042d0   0x0000024c   Code   RO           31    i.StartMainTask     main.o
    0x0800451c   0x0800451c   0x00000034   Code   RO         5530    i.SysTick_Handler   port.o
    0x08004550   0x08004550   0x000000bc   Code   RO           32    i.SystemClock_Config  main.o
    0x0800460c   0x0800460c   0x00000014   Code   RO         4255    i.SystemInit        system_stm32f4xx.o
    0x08004620   0x08004620   0x00000010   Code   RO          366    i.TIM7_IRQHandler   stm32f4xx_it.o
    0x08004630   0x08004630   0x00000010   Code   RO          367    i.TIM8_TRG_COM_TIM14_IRQHandler  stm32f4xx_it.o
    0x08004640   0x08004640   0x000000e0   Code   RO          655    i.TIM_Base_SetConfig  stm32f4xx_hal_tim.o
    0x08004720   0x08004720   0x00000012   Code   RO         3924    i.UART_DMAAbortOnError  stm32f4xx_hal_uart.o
    0x08004732   0x08004732   0x0000006c   Code   RO         3934    i.UART_EndRxTransfer  stm32f4xx_hal_uart.o
    0x0800479e   0x0800479e   0x00000020   Code   RO         3935    i.UART_EndTransmit_IT  stm32f4xx_hal_uart.o
    0x080047be   0x080047be   0x000000fc   Code   RO         3937    i.UART_Receive_IT   stm32f4xx_hal_uart.o
    0x080048ba   0x080048ba   0x00000002   PAD
    0x080048bc   0x080048bc   0x0000022c   Code   RO         3938    i.UART_SetConfig    stm32f4xx_hal_uart.o
    0x08004ae8   0x08004ae8   0x00000040   Code   RO         3940    i.UART_Start_Receive_IT  stm32f4xx_hal_uart.o
    0x08004b28   0x08004b28   0x00000060   Code   RO         3941    i.UART_Transmit_IT  stm32f4xx_hal_uart.o
    0x08004b88   0x08004b88   0x0000008c   Code   RO         3942    i.UART_WaitOnFlagUntilTimeout  stm32f4xx_hal_uart.o
    0x08004c14   0x08004c14   0x00000010   Code   RO          368    i.USART3_IRQHandler  stm32f4xx_it.o
    0x08004c24   0x08004c24   0x00000004   Code   RO          369    i.UsageFault_Handler  stm32f4xx_it.o
    0x08004c28   0x08004c28   0x00000014   Code   RO           33    i.Write_Flash       main.o
    0x08004c3c   0x08004c3c   0x00000010   Code   RO         2589    i.__NVIC_GetPriorityGrouping  stm32f4xx_hal_cortex.o
    0x08004c4c   0x08004c4c   0x00000028   Code   RO         2590    i.__NVIC_SetPriority  stm32f4xx_hal_cortex.o
    0x08004c74   0x08004c74   0x00000042   Code   RO           35    i.crc_cal           main.o
    0x08004cb6   0x08004cb6   0x00000002   PAD
    0x08004cb8   0x08004cb8   0x000000d0   Code   RO           36    i.main              main.o
    0x08004d88   0x08004d88   0x0000000e   Code   RO         5095    i.makeFreeRtosPriority  cmsis_os.o
    0x08004d96   0x08004d96   0x00000018   Code   RO         5097    i.osDelay           cmsis_os.o
    0x08004dae   0x08004dae   0x0000000a   Code   RO         5100    i.osKernelStart     cmsis_os.o
    0x08004db8   0x08004db8   0x0000005e   Code   RO         5134    i.osThreadCreate    cmsis_os.o
    0x08004e16   0x08004e16   0x00000002   PAD
    0x08004e18   0x08004e18   0x00000098   Code   RO         4766    i.prvAddCurrentTaskToDelayedList  tasks.o
    0x08004eb0   0x08004eb0   0x000000b4   Code   RO         4767    i.prvAddNewTaskToReadyList  tasks.o
    0x08004f64   0x08004f64   0x00000048   Code   RO         4768    i.prvCheckTasksWaitingTermination  tasks.o
    0x08004fac   0x08004fac   0x00000050   Code   RO         4769    i.prvDeleteTCB      tasks.o
    0x08004ffc   0x08004ffc   0x0000007c   Code   RO         5462    i.prvHeapInit       heap_4.o
    0x08005078   0x08005078   0x00000028   Code   RO         4770    i.prvIdleTask       tasks.o
    0x080050a0   0x080050a0   0x000000b4   Code   RO         4771    i.prvInitialiseNewTask  tasks.o
    0x08005154   0x08005154   0x00000068   Code   RO         4772    i.prvInitialiseTaskLists  tasks.o
    0x080051bc   0x080051bc   0x00000068   Code   RO         5463    i.prvInsertBlockIntoFreeList  heap_4.o
    0x08005224   0x08005224   0x00000034   Code   RO         4773    i.prvResetNextTaskUnblockTime  tasks.o
    0x08005258   0x08005258   0x00000040   Code   RO         5531    i.prvTaskExitError  port.o
    0x08005298   0x08005298   0x0000014c   Code   RO         5464    i.pvPortMalloc      heap_4.o
    0x080053e4   0x080053e4   0x0000002c   Code   RO         5532    i.pxPortInitialiseStack  port.o
    0x08005410   0x08005410   0x00000028   Code   RO         4392    i.uxListRemove      list.o
    0x08005438   0x08005438   0x00000018   Code   RO          327    i.vApplicationGetIdleTaskMemory  freertos.o
    0x08005450   0x08005450   0x0000001a   Code   RO         4393    i.vListInitialise   list.o
    0x0800546a   0x0800546a   0x00000006   Code   RO         4394    i.vListInitialiseItem  list.o
    0x08005470   0x08005470   0x00000034   Code   RO         4395    i.vListInsert       list.o
    0x080054a4   0x080054a4   0x00000018   Code   RO         4396    i.vListInsertEnd    list.o
    0x080054bc   0x080054bc   0x00000054   Code   RO         5534    i.vPortEnterCritical  port.o
    0x08005510   0x08005510   0x0000003c   Code   RO         5535    i.vPortExitCritical  port.o
    0x0800554c   0x0800554c   0x000000a4   Code   RO         5465    i.vPortFree         heap_4.o
    0x080055f0   0x080055f0   0x00000028   Code   RO         5536    i.vPortSetupTimerInterrupt  port.o
    0x08005618   0x08005618   0x0000005c   Code   RO         4782    i.vTaskDelay        tasks.o
    0x08005674   0x08005674   0x000000b0   Code   RO         4795    i.vTaskStartScheduler  tasks.o
    0x08005724   0x08005724   0x00000010   Code   RO         4797    i.vTaskSuspendAll   tasks.o
    0x08005734   0x08005734   0x0000008c   Code   RO         4798    i.vTaskSwitchContext  tasks.o
    0x080057c0   0x080057c0   0x00000168   Code   RO         5538    i.xPortStartScheduler  port.o
    0x08005928   0x08005928   0x00000064   Code   RO         4801    i.xTaskCreate       tasks.o
    0x0800598c   0x0800598c   0x000000ba   Code   RO         4802    i.xTaskCreateStatic  tasks.o
    0x08005a46   0x08005a46   0x00000002   PAD
    0x08005a48   0x08005a48   0x00000148   Code   RO         4809    i.xTaskIncrementTick  tasks.o
    0x08005b90   0x08005b90   0x00000104   Code   RO         4815    i.xTaskResumeAll    tasks.o
    0x08005c94   0x08005c94   0x00000018   Code   RO         5657    x$fpl$dcmpinf       fz_wm.l(dcmpi.o)
    0x08005cac   0x08005cac   0x00000078   Code   RO         5633    x$fpl$dleqf         fz_wm.l(dleqf.o)
    0x08005d24   0x08005d24   0x0000009c   Code   RO         5659    x$fpl$dnaninf       fz_wm.l(dnaninf.o)
    0x08005dc0   0x08005dc0   0x0000000c   Code   RO         5635    x$fpl$dretinf       fz_wm.l(dretinf.o)
    0x08005dcc   0x08005dcc   0x0000006c   Code   RO         5624    x$fpl$drleqf        fz_wm.l(drleqf.o)
    0x08005e38   0x08005e38   0x00000056   Code   RO         5626    x$fpl$f2d           fz_wm.l(f2d.o)
    0x08005e8e   0x08005e8e   0x0000008c   Code   RO         5637    x$fpl$fnaninf       fz_wm.l(fnaninf.o)
    0x08005f1a   0x08005f1a   0x0000000a   Code   RO         5746    x$fpl$fpinit        fz_wm.l(fpinit.o)
    0x08005f24   0x08005f24   0x00000000   Code   RO         5639    x$fpl$usenofp       fz_wm.l(usenofp.o)
    0x08005f24   0x08005f24   0x00000144   Data   RO           38    .constdata          main.o
    0x08006068   0x08006068   0x00000018   Data   RO         4256    .constdata          system_stm32f4xx.o
    0x08006080   0x08006080   0x0000001c   Data   RO           39    .conststring        main.o
    0x0800609c   0x0800609c   0x00000020   Data   RO         5802    Region$$Table       anon$$obj.o


    Execution Region RW_IRAM1 (Exec base: 0x20000000, Load base: 0x080060bc, Size: 0x00005df0, Max: 0x0002c000, ABSOLUTE, COMPRESSED[0x00000038])

    Exec Addr    Load Addr    Size         Type   Attr      Idx    E Section Name        Object

    0x20000000   COMPRESSED   0x000000d4   Data   RW           40    .data               main.o
    0x200000d4   COMPRESSED   0x00000020   Data   RW         1957    .data               stm32f4xx_hal_flash.o
    0x200000f4   COMPRESSED   0x00000009   Data   RW         2753    .data               stm32f4xx_hal.o
    0x200000fd   COMPRESSED   0x00000003   PAD
    0x20000100   COMPRESSED   0x00000004   Data   RW         4257    .data               system_stm32f4xx.o
    0x20000104   COMPRESSED   0x0000003c   Data   RW         4818    .data               tasks.o
    0x20000140   COMPRESSED   0x00000020   Data   RW         5471    .data               heap_4.o
    0x20000160   COMPRESSED   0x0000000c   Data   RW         5539    .data               port.o
    0x2000016c        -       0x00000a98   Zero   RW           37    .bss                main.o
    0x20000c04        -       0x00000254   Zero   RW          328    .bss                freertos.o
    0x20000e58        -       0x00000048   Zero   RW          524    .bss                stm32f4xx_hal_timebase_tim.o
    0x20000ea0        -       0x000000f0   Zero   RW         4817    .bss                tasks.o
    0x20000f90        -       0x00003c00   Zero   RW         5470    .bss                heap_4.o
    0x20004b90        -       0x00000060   Zero   RW         5676    .bss                c_w.l(libspace.o)
    0x20004bf0        -       0x00000200   Zero   RW            2    HEAP                startup_stm32f407xx.o
    0x20004df0        -       0x00001000   Zero   RW            1    STACK               startup_stm32f407xx.o


    Execution Region RW_IRAM2 (Exec base: 0x2002c020, Load base: 0x080060f4, Size: 0x00000000, Max: 0x00004000, ABSOLUTE)

    **** No section assigned to this execution region ****


==============================================================================

Image component sizes


      Code (inc. data)   RO Data    RW Data    ZI Data      Debug   Object Name

       142          0          0          0          0      23531   cmsis_os.o
         0          0          0          0          0      17120   event_groups.o
        24         10          0          0        596       1388   freertos.o
       724         74          0         32      15360       7827   heap_4.o
       148          0          0          0          0       3918   list.o
      6706        860        352        212       2712     787030   main.o
       894         78          0         12          0      11792   port.o
        64         26        392          0       4608        904   startup_stm32f407xx.o
       136         24          0          9          0       9122   stm32f4xx_hal.o
       260         22          0          0          0      33910   stm32f4xx_hal_cortex.o
       326          0          0          0          0       3842   stm32f4xx_hal_dac.o
       212          0          0          0          0       2131   stm32f4xx_hal_dma.o
       632         64          0         32          0       6546   stm32f4xx_hal_flash.o
        92          6          0          0          0        777   stm32f4xx_hal_flash_ex.o
       512         46          0          0          0       2288   stm32f4xx_hal_gpio.o
      1730         32          0          0          0       8845   stm32f4xx_hal_i2c.o
       632         66          0          0          0       4650   stm32f4xx_hal_msp.o
      1888         94          0          0          0       6749   stm32f4xx_hal_rcc.o
       416         20          0          0          0       1520   stm32f4xx_hal_rcc_ex.o
      1000         28          0          0          0       8625   stm32f4xx_hal_rtc.o
        36          0          0          0          0       1947   stm32f4xx_hal_rtc_ex.o
       866         76          0          0          0       6555   stm32f4xx_hal_tim.o
       184         30          0          0          0       2757   stm32f4xx_hal_tim_ex.o
       180         20          0          0         72       1628   stm32f4xx_hal_timebase_tim.o
      2400         14          0          0          0      13468   stm32f4xx_hal_uart.o
        70         18          0          0          0       4743   stm32f4xx_it.o
         0          0          0          0          0        392   stream_buffer.o
        20          6         24          4          0       1283   system_stm32f4xx.o
      2158        270          0         60        240      21541   tasks.o

    ----------------------------------------------------------------------
     22478       1884        800        364      23588     996829   Object Totals
         0          0         32          0          0          0   (incl. Generated)
        26          0          0          3          0          0   (incl. Padding)

    ----------------------------------------------------------------------

      Code (inc. data)   RO Data    RW Data    ZI Data      Debug   Library Member Name

        90          0          0          0          0          0   __dczerorl2.o
         8          0          0          0          0         68   __main.o
         0          0          0          0          0          0   __rtentry.o
        12          0          0          0          0          0   __rtentry2.o
         6          0          0          0          0          0   __rtentry4.o
        52          8          0          0          0          0   __scatter.o
        28          0          0          0          0          0   __scatter_zi.o
        18          0          0          0          0         80   exit.o
         6          0          0          0          0        152   heapauxi.o
         0          0          0          0          0          0   indicate_semi.o
         2          0          0          0          0          0   libinit.o
         6          0          0          0          0          0   libinit2.o
         2          0          0          0          0          0   libshutdown.o
         2          0          0          0          0          0   libshutdown2.o
         8          4          0          0         96         68   libspace.o
       238          0          0          0          0        100   lludivv7m.o
        68          0          0          0          0         68   rt_memclr.o
        78          0          0          0          0         80   rt_memclr_w.o
       100          0          0          0          0         80   rt_memcpy_w.o
         2          0          0          0          0          0   rtexit.o
        10          0          0          0          0          0   rtexit2.o
        12          4          0          0          0         68   sys_exit.o
        74          0          0          0          0         80   sys_stackheap_outer.o
         2          0          0          0          0         68   use_no_semi.o
        24          0          0          0          0        116   dcmpi.o
       120          4          0          0          0        140   dleqf.o
       156          4          0          0          0        140   dnaninf.o
        12          0          0          0          0        116   dretinf.o
       108          0          0          0          0        128   drleqf.o
        86          4          0          0          0        132   f2d.o
       140          4          0          0          0        132   fnaninf.o
        10          0          0          0          0        116   fpinit.o
         0          0          0          0          0          0   usenofp.o

    ----------------------------------------------------------------------
      1486         32          0          0         96       1932   Library Totals
         6          0          0          0          0          0   (incl. Padding)

    ----------------------------------------------------------------------

      Code (inc. data)   RO Data    RW Data    ZI Data      Debug   Library Name

       824         16          0          0         96        912   c_w.l
       656         16          0          0          0       1020   fz_wm.l

    ----------------------------------------------------------------------
      1486         32          0          0         96       1932   Library Totals

    ----------------------------------------------------------------------

==============================================================================


      Code (inc. data)   RO Data    RW Data    ZI Data      Debug   

     23964       1916        800        364      23684     982597   Grand Totals
     23964       1916        800         56      23684     982597   ELF Image Totals (compressed)
     23964       1916        800         56          0          0   ROM Totals

==============================================================================

    Total RO  Size (Code + RO Data)                24764 (  24.18kB)
    Total RW  Size (RW Data + ZI Data)             24048 (  23.48kB)
    Total ROM Size (Code + RO Data + RW Data)      24820 (  24.24kB)

==============================================================================

